Archive member included to satisfy reference by file (symbol)

c:/st/stm32cubeide_1.5.1/stm32cubeide/plugins/com.st.stm32cube.ide.mcu.externaltools.gnu-tools-for-stm32.7-2018-q2-update.win32_1.5.0.202011040924/tools/bin/../lib/gcc/arm-none-eabi/7.3.1/../../../../arm-none-eabi/lib/thumb/v7e-m/fpv4-sp/hard\libc.a(lib_a-exit.o)
                              c:/st/stm32cubeide_1.5.1/stm32cubeide/plugins/com.st.stm32cube.ide.mcu.externaltools.gnu-tools-for-stm32.7-2018-q2-update.win32_1.5.0.202011040924/tools/bin/../lib/gcc/arm-none-eabi/7.3.1/../../../../arm-none-eabi/lib/thumb/v7e-m/fpv4-sp/hard/crt0.o (exit)
c:/st/stm32cubeide_1.5.1/stm32cubeide/plugins/com.st.stm32cube.ide.mcu.externaltools.gnu-tools-for-stm32.7-2018-q2-update.win32_1.5.0.202011040924/tools/bin/../lib/gcc/arm-none-eabi/7.3.1/../../../../arm-none-eabi/lib/thumb/v7e-m/fpv4-sp/hard\libc.a(lib_a-impure.o)
                              c:/st/stm32cubeide_1.5.1/stm32cubeide/plugins/com.st.stm32cube.ide.mcu.externaltools.gnu-tools-for-stm32.7-2018-q2-update.win32_1.5.0.202011040924/tools/bin/../lib/gcc/arm-none-eabi/7.3.1/../../../../arm-none-eabi/lib/thumb/v7e-m/fpv4-sp/hard\libc.a(lib_a-exit.o) (_global_impure_ptr)
c:/st/stm32cubeide_1.5.1/stm32cubeide/plugins/com.st.stm32cube.ide.mcu.externaltools.gnu-tools-for-stm32.7-2018-q2-update.win32_1.5.0.202011040924/tools/bin/../lib/gcc/arm-none-eabi/7.3.1/../../../../arm-none-eabi/lib/thumb/v7e-m/fpv4-sp/hard\libc.a(lib_a-init.o)
                              c:/st/stm32cubeide_1.5.1/stm32cubeide/plugins/com.st.stm32cube.ide.mcu.externaltools.gnu-tools-for-stm32.7-2018-q2-update.win32_1.5.0.202011040924/tools/bin/../lib/gcc/arm-none-eabi/7.3.1/../../../../arm-none-eabi/lib/thumb/v7e-m/fpv4-sp/hard/crt0.o (__libc_init_array)
c:/st/stm32cubeide_1.5.1/stm32cubeide/plugins/com.st.stm32cube.ide.mcu.externaltools.gnu-tools-for-stm32.7-2018-q2-update.win32_1.5.0.202011040924/tools/bin/../lib/gcc/arm-none-eabi/7.3.1/../../../../arm-none-eabi/lib/thumb/v7e-m/fpv4-sp/hard\libc.a(lib_a-malloc.o)
                              Application/src/Device/se3_security_core.o (malloc)
c:/st/stm32cubeide_1.5.1/stm32cubeide/plugins/com.st.stm32cube.ide.mcu.externaltools.gnu-tools-for-stm32.7-2018-q2-update.win32_1.5.0.202011040924/tools/bin/../lib/gcc/arm-none-eabi/7.3.1/../../../../arm-none-eabi/lib/thumb/v7e-m/fpv4-sp/hard\libc.a(lib_a-mallocr.o)
                              c:/st/stm32cubeide_1.5.1/stm32cubeide/plugins/com.st.stm32cube.ide.mcu.externaltools.gnu-tools-for-stm32.7-2018-q2-update.win32_1.5.0.202011040924/tools/bin/../lib/gcc/arm-none-eabi/7.3.1/../../../../arm-none-eabi/lib/thumb/v7e-m/fpv4-sp/hard\libc.a(lib_a-malloc.o) (_malloc_r)
c:/st/stm32cubeide_1.5.1/stm32cubeide/plugins/com.st.stm32cube.ide.mcu.externaltools.gnu-tools-for-stm32.7-2018-q2-update.win32_1.5.0.202011040924/tools/bin/../lib/gcc/arm-none-eabi/7.3.1/../../../../arm-none-eabi/lib/thumb/v7e-m/fpv4-sp/hard\libc.a(lib_a-memcmp.o)
                              Application/src/Common/aes256.o (memcmp)
c:/st/stm32cubeide_1.5.1/stm32cubeide/plugins/com.st.stm32cube.ide.mcu.externaltools.gnu-tools-for-stm32.7-2018-q2-update.win32_1.5.0.202011040924/tools/bin/../lib/gcc/arm-none-eabi/7.3.1/../../../../arm-none-eabi/lib/thumb/v7e-m/fpv4-sp/hard\libc.a(lib_a-memcpy-stub.o)
                              Application/src/Common/aes256.o (memcpy)
c:/st/stm32cubeide_1.5.1/stm32cubeide/plugins/com.st.stm32cube.ide.mcu.externaltools.gnu-tools-for-stm32.7-2018-q2-update.win32_1.5.0.202011040924/tools/bin/../lib/gcc/arm-none-eabi/7.3.1/../../../../arm-none-eabi/lib/thumb/v7e-m/fpv4-sp/hard\libc.a(lib_a-memmove.o)
                              Application/src/Device/pq-crypto/crypto_kem/ntruhps4096821/poly_r2_inv.o (memmove)
c:/st/stm32cubeide_1.5.1/stm32cubeide/plugins/com.st.stm32cube.ide.mcu.externaltools.gnu-tools-for-stm32.7-2018-q2-update.win32_1.5.0.202011040924/tools/bin/../lib/gcc/arm-none-eabi/7.3.1/../../../../arm-none-eabi/lib/thumb/v7e-m/fpv4-sp/hard\libc.a(lib_a-memset.o)
                              c:/st/stm32cubeide_1.5.1/stm32cubeide/plugins/com.st.stm32cube.ide.mcu.externaltools.gnu-tools-for-stm32.7-2018-q2-update.win32_1.5.0.202011040924/tools/bin/../lib/gcc/arm-none-eabi/7.3.1/../../../../arm-none-eabi/lib/thumb/v7e-m/fpv4-sp/hard/crt0.o (memset)
c:/st/stm32cubeide_1.5.1/stm32cubeide/plugins/com.st.stm32cube.ide.mcu.externaltools.gnu-tools-for-stm32.7-2018-q2-update.win32_1.5.0.202011040924/tools/bin/../lib/gcc/arm-none-eabi/7.3.1/../../../../arm-none-eabi/lib/thumb/v7e-m/fpv4-sp/hard\libc.a(lib_a-mlock.o)
                              c:/st/stm32cubeide_1.5.1/stm32cubeide/plugins/com.st.stm32cube.ide.mcu.externaltools.gnu-tools-for-stm32.7-2018-q2-update.win32_1.5.0.202011040924/tools/bin/../lib/gcc/arm-none-eabi/7.3.1/../../../../arm-none-eabi/lib/thumb/v7e-m/fpv4-sp/hard\libc.a(lib_a-mallocr.o) (__malloc_lock)
[...]
Memory Configuration

Name             Origin             Length             Attributes
FLASH            0x0000000008000000 0x0000000000200000 xr
RAM              0x0000000020000000 0x0000000000030000 xrw
CCMRAM           0x0000000010000000 0x0000000000010000 rw
*default*        0x0000000000000000 0xffffffffffffffff

Linker script and memory map

LOAD c:/st/stm32cubeide_1.5.1/stm32cubeide/plugins/com.st.stm32cube.ide.mcu.externaltools.gnu-tools-for-stm32.7-2018-q2-update.win32_1.5.0.202011040924/tools/bin/../lib/gcc/arm-none-eabi/7.3.1/thumb/v7e-m/fpv4-sp/hard/crti.o
LOAD c:/st/stm32cubeide_1.5.1/stm32cubeide/plugins/com.st.stm32cube.ide.mcu.externaltools.gnu-tools-for-stm32.7-2018-q2-update.win32_1.5.0.202011040924/tools/bin/../lib/gcc/arm-none-eabi/7.3.1/thumb/v7e-m/fpv4-sp/hard/crtbegin.o
LOAD c:/st/stm32cubeide_1.5.1/stm32cubeide/plugins/com.st.stm32cube.ide.mcu.externaltools.gnu-tools-for-stm32.7-2018-q2-update.win32_1.5.0.202011040924/tools/bin/../lib/gcc/arm-none-eabi/7.3.1/../../../../arm-none-eabi/lib/thumb/v7e-m/fpv4-sp/hard/crt0.o
LOAD Application/SW4STM32/startup_stm32f429xx.o
LOAD Application/src/Common/aes256.o
LOAD Application/src/Common/crc16.o
LOAD Application/src/Common/pbkdf2.o
LOAD Application/src/Common/se3_common.o
LOAD Application/src/Common/sha256.o
LOAD Application/src/Device/pq-crypto/common/fips202.o
LOAD Application/src/Device/pq-crypto/common/keccakf1600.o
LOAD Application/src/Device/pq-crypto/common/randombytes.o
LOAD Application/src/Device/pq-crypto/common/libopencm3/stm32/common/rng_common_v2.o
LOAD Application/src/Device/pq-crypto/crypto_kem/firesaber/SABER_indcpa.o
LOAD Application/src/Device/pq-crypto/crypto_kem/firesaber/cbd.o
LOAD Application/src/Device/pq-crypto/crypto_kem/firesaber/kem.o
LOAD Application/src/Device/pq-crypto/crypto_kem/firesaber/pack_unpack.o
LOAD Application/src/Device/pq-crypto/crypto_kem/firesaber/poly.o
LOAD Application/src/Device/pq-crypto/crypto_kem/firesaber/poly_mul.o
LOAD Application/src/Device/pq-crypto/crypto_kem/firesaber/verify.o
LOAD Application/src/Device/pq-crypto/crypto_kem/kyber1024/cbd.o
LOAD Application/src/Device/pq-crypto/crypto_kem/kyber1024/indcpa.o
LOAD Application/src/Device/pq-crypto/crypto_kem/kyber1024/kem.o
LOAD Application/src/Device/pq-crypto/crypto_kem/kyber1024/ntt.o
LOAD Application/src/Device/pq-crypto/crypto_kem/kyber1024/poly.o
LOAD Application/src/Device/pq-crypto/crypto_kem/kyber1024/polyvec.o
LOAD Application/src/Device/pq-crypto/crypto_kem/kyber1024/reduce.o
LOAD Application/src/Device/pq-crypto/crypto_kem/kyber1024/symmetric-shake.o
LOAD Application/src/Device/pq-crypto/crypto_kem/kyber1024/verify.o
LOAD Application/src/Device/pq-crypto/crypto_kem/kyber1024-m4/fastaddsub.o
LOAD Application/src/Device/pq-crypto/crypto_kem/kyber1024-m4/fastbasemul.o
LOAD Application/src/Device/pq-crypto/crypto_kem/kyber1024-m4/fastinvntt.o
LOAD Application/src/Device/pq-crypto/crypto_kem/kyber1024-m4/fastntt.o
LOAD Application/src/Device/pq-crypto/crypto_kem/kyber1024-m4/indcpa.o
LOAD Application/src/Device/pq-crypto/crypto_kem/kyber1024-m4/kyber_cbd.o
LOAD Application/src/Device/pq-crypto/crypto_kem/kyber1024-m4/kyber_kem.o
LOAD Application/src/Device/pq-crypto/crypto_kem/kyber1024-m4/kyber_poly.o
LOAD Application/src/Device/pq-crypto/crypto_kem/kyber1024-m4/kyber_verify.o
LOAD Application/src/Device/pq-crypto/crypto_kem/kyber1024-m4/ntt.o
LOAD Application/src/Device/pq-crypto/crypto_kem/kyber1024-m4/polyvec.o
LOAD Application/src/Device/pq-crypto/crypto_kem/kyber1024-m4/reduce.o
LOAD Application/src/Device/pq-crypto/crypto_kem/kyber1024-m4/symmetric-fips202.o
LOAD Application/src/Device/pq-crypto/crypto_kem/kyber1024-m4-protected/indcpa_prot.o
LOAD Application/src/Device/pq-crypto/crypto_kem/kyber1024-m4-protected/kyber_cbd_prot.o
LOAD Application/src/Device/pq-crypto/crypto_kem/kyber1024-m4-protected/kyber_kem_prot.o
LOAD Application/src/Device/pq-crypto/crypto_kem/kyber1024-m4-protected/kyber_poly_prot.o
LOAD Application/src/Device/pq-crypto/crypto_kem/kyber1024-m4-protected/kyber_reduce_prot.o
LOAD Application/src/Device/pq-crypto/crypto_kem/kyber1024-m4-protected/kyber_verify_prot.o
LOAD Application/src/Device/pq-crypto/crypto_kem/kyber1024-m4-protected/ntt_prot.o
LOAD Application/src/Device/pq-crypto/crypto_kem/kyber1024-m4-protected/polyvec_prot.o
LOAD Application/src/Device/pq-crypto/crypto_kem/kyber1024-m4-protected/symmetric-fips202_prot.o
LOAD Application/src/Device/pq-crypto/crypto_kem/ntruhps4096821/cmov.o
LOAD Application/src/Device/pq-crypto/crypto_kem/ntruhps4096821/crypto_sort_int32.o
LOAD Application/src/Device/pq-crypto/crypto_kem/ntruhps4096821/kem.o
LOAD Application/src/Device/pq-crypto/crypto_kem/ntruhps4096821/owcpa.o
LOAD Application/src/Device/pq-crypto/crypto_kem/ntruhps4096821/pack3.o
LOAD Application/src/Device/pq-crypto/crypto_kem/ntruhps4096821/packq.o
LOAD Application/src/Device/pq-crypto/crypto_kem/ntruhps4096821/poly.o
LOAD Application/src/Device/pq-crypto/crypto_kem/ntruhps4096821/poly_lift.o
LOAD Application/src/Device/pq-crypto/crypto_kem/ntruhps4096821/poly_mod.o
LOAD Application/src/Device/pq-crypto/crypto_kem/ntruhps4096821/poly_r2_inv.o
LOAD Application/src/Device/pq-crypto/crypto_kem/ntruhps4096821/poly_rq_mul.o
LOAD Application/src/Device/pq-crypto/crypto_kem/ntruhps4096821/poly_s3_inv.o
LOAD Application/src/Device/pq-crypto/crypto_kem/ntruhps4096821/sample.o
LOAD Application/src/Device/pq-crypto/crypto_kem/ntruhps4096821/sample_iid.o
LOAD Application/src/Device/pq-crypto/crypto_kem/ntruhps4096821-m4/NTRU_NTT.o
LOAD Application/src/Device/pq-crypto/crypto_kem/ntruhps4096821-m4/NTRU_NTTs.o
LOAD Application/src/Device/pq-crypto/crypto_kem/ntruhps4096821-m4/NTT_9.o
LOAD Application/src/Device/pq-crypto/crypto_kem/ntruhps4096821-m4/NTT_9_inv.o
LOAD Application/src/Device/pq-crypto/crypto_kem/ntruhps4096821-m4/NTT_9_small.o
LOAD Application/src/Device/pq-crypto/crypto_kem/ntruhps4096821-m4/crypto_sort.o
LOAD Application/src/Device/pq-crypto/crypto_kem/ntruhps4096821-m4/final_pack.o
LOAD Application/src/Device/pq-crypto/crypto_kem/ntruhps4096821-m4/mult_toom4_821_13.o
LOAD Application/src/Device/pq-crypto/crypto_kem/ntruhps4096821-m4/multiply.o
LOAD Application/src/Device/pq-crypto/crypto_kem/ntruhps4096821-m4/ntru_kem.o
LOAD Application/src/Device/pq-crypto/crypto_kem/ntruhps4096821-m4/ntru_poly.o
LOAD Application/src/Device/pq-crypto/crypto_kem/ntruhps4096821-m4/ntru_verify.o
LOAD Application/src/Device/pq-crypto/crypto_kem/ntruhps4096821-m4/owcpa.o
LOAD Application/src/Device/pq-crypto/crypto_kem/ntruhps4096821-m4/pack3.o
LOAD Application/src/Device/pq-crypto/crypto_kem/ntruhps4096821-m4/packq.o
LOAD Application/src/Device/pq-crypto/crypto_kem/ntruhps4096821-m4/sample.o
LOAD Application/src/Device/pq-crypto/crypto_kem/saber-m4/SABER_indcpa.o
LOAD Application/src/Device/pq-crypto/crypto_kem/saber-m4/asm_funcs.o
LOAD Application/src/Device/pq-crypto/crypto_kem/saber-m4/mult_toom4_256_16.o
LOAD Application/src/Device/pq-crypto/crypto_kem/saber-m4/pack_unpack.o
LOAD Application/src/Device/pq-crypto/crypto_kem/saber-m4/poly_mul.o
LOAD Application/src/Device/pq-crypto/crypto_kem/saber-m4/saber_cbd.o
LOAD Application/src/Device/pq-crypto/crypto_kem/saber-m4/saber_kem.o
LOAD Application/src/Device/pq-crypto/crypto_kem/saber-m4/saber_poly.o
LOAD Application/src/Device/pq-crypto/crypto_kem/saber-m4/saber_verify.o
LOAD Application/src/Device/se3_FPGA.o
LOAD Application/src/Device/se3_algo_Aes.o
LOAD Application/src/Device/se3_algo_AesHmacSha256s.o
LOAD Application/src/Device/se3_algo_HmacSha256.o
LOAD Application/src/Device/se3_algo_aes256hmacsha256.o
LOAD Application/src/Device/se3_algo_sha256.o
LOAD Application/src/Device/se3_communication_core.o
LOAD Application/src/Device/se3_core.o
LOAD Application/src/Device/se3_core_time.o
LOAD Application/src/Device/se3_dispatcher_core.o
LOAD Application/src/Device/se3_flash.o
LOAD Application/src/Device/se3_keys.o
LOAD Application/src/Device/se3_memory.o
LOAD Application/src/Device/se3_security_core.o
LOAD Application/src/Device/se3_sekey.o
LOAD Application/src/Device/se3_smartcard.o
LOAD Application/src/adc.o
LOAD Application/src/crc.o
LOAD Application/src/dma.o
LOAD Application/src/fmc.o
LOAD Application/src/gpio.o
LOAD Application/src/i2c.o
LOAD Application/src/main.o
LOAD Application/src/rng.o
LOAD Application/src/sdio.o
LOAD Application/src/se3_rand.o
LOAD Application/src/se3_sdio.o
LOAD Application/src/spi.o
LOAD Application/src/stm32f4xx_hal_msp.o
LOAD Application/src/stm32f4xx_it.o
LOAD Application/src/tim.o
LOAD Application/src/usart.o
LOAD Application/src/usb_device.o
LOAD Application/src/usbd_conf.o
LOAD Application/src/usbd_desc.o
LOAD Application/src/usbd_storage_if.o
LOAD Drivers/CMSIS/system_stm32f4xx.o
LOAD Drivers/STM32F4xx_HAL_Driver/stm32f4xx_hal.o
LOAD Drivers/STM32F4xx_HAL_Driver/stm32f4xx_hal_adc.o
LOAD Drivers/STM32F4xx_HAL_Driver/stm32f4xx_hal_adc_ex.o
LOAD Drivers/STM32F4xx_HAL_Driver/stm32f4xx_hal_cortex.o
LOAD Drivers/STM32F4xx_HAL_Driver/stm32f4xx_hal_crc.o
LOAD Drivers/STM32F4xx_HAL_Driver/stm32f4xx_hal_dma.o
LOAD Drivers/STM32F4xx_HAL_Driver/stm32f4xx_hal_dma_ex.o
LOAD Drivers/STM32F4xx_HAL_Driver/stm32f4xx_hal_flash.o
LOAD Drivers/STM32F4xx_HAL_Driver/stm32f4xx_hal_flash_ex.o
LOAD Drivers/STM32F4xx_HAL_Driver/stm32f4xx_hal_flash_ramfunc.o
LOAD Drivers/STM32F4xx_HAL_Driver/stm32f4xx_hal_gpio.o
LOAD Drivers/STM32F4xx_HAL_Driver/stm32f4xx_hal_i2c.o
LOAD Drivers/STM32F4xx_HAL_Driver/stm32f4xx_hal_i2c_ex.o
LOAD Drivers/STM32F4xx_HAL_Driver/stm32f4xx_hal_nor.o
LOAD Drivers/STM32F4xx_HAL_Driver/stm32f4xx_hal_pcd.o
LOAD Drivers/STM32F4xx_HAL_Driver/stm32f4xx_hal_pcd_ex.o
LOAD Drivers/STM32F4xx_HAL_Driver/stm32f4xx_hal_pwr.o
LOAD Drivers/STM32F4xx_HAL_Driver/stm32f4xx_hal_pwr_ex.o
LOAD Drivers/STM32F4xx_HAL_Driver/stm32f4xx_hal_rcc.o
LOAD Drivers/STM32F4xx_HAL_Driver/stm32f4xx_hal_rcc_ex.o
LOAD Drivers/STM32F4xx_HAL_Driver/stm32f4xx_hal_rng.o
LOAD Drivers/STM32F4xx_HAL_Driver/stm32f4xx_hal_rtc.o
LOAD Drivers/STM32F4xx_HAL_Driver/stm32f4xx_hal_rtc_ex.o
LOAD Drivers/STM32F4xx_HAL_Driver/stm32f4xx_hal_sd.o
LOAD Drivers/STM32F4xx_HAL_Driver/stm32f4xx_hal_smartcard.o
LOAD Drivers/STM32F4xx_HAL_Driver/stm32f4xx_hal_spi.o
LOAD Drivers/STM32F4xx_HAL_Driver/stm32f4xx_hal_tim.o
LOAD Drivers/STM32F4xx_HAL_Driver/stm32f4xx_hal_tim_ex.o
LOAD Drivers/STM32F4xx_HAL_Driver/stm32f4xx_hal_uart.o
LOAD Drivers/STM32F4xx_HAL_Driver/stm32f4xx_ll_fmc.o
LOAD Drivers/STM32F4xx_HAL_Driver/stm32f4xx_ll_sdmmc.o
LOAD Drivers/STM32F4xx_HAL_Driver/stm32f4xx_ll_usb.o
LOAD Middlewares/USB_Device_Library/usbd_core.o
LOAD Middlewares/USB_Device_Library/usbd_ctlreq.o
LOAD Middlewares/USB_Device_Library/usbd_ioreq.o
LOAD Middlewares/USB_Device_Library/usbd_msc.o
LOAD Middlewares/USB_Device_Library/usbd_msc_bot.o
LOAD Middlewares/USB_Device_Library/usbd_msc_data.o
LOAD Middlewares/USB_Device_Library/usbd_msc_scsi.o
START GROUP
LOAD c:/st/stm32cubeide_1.5.1/stm32cubeide/plugins/com.st.stm32cube.ide.mcu.externaltools.gnu-tools-for-stm32.7-2018-q2-update.win32_1.5.0.202011040924/tools/bin/../lib/gcc/arm-none-eabi/7.3.1/../../../../arm-none-eabi/lib/thumb/v7e-m/fpv4-sp/hard\libc.a
LOAD c:/st/stm32cubeide_1.5.1/stm32cubeide/plugins/com.st.stm32cube.ide.mcu.externaltools.gnu-tools-for-stm32.7-2018-q2-update.win32_1.5.0.202011040924/tools/bin/../lib/gcc/arm-none-eabi/7.3.1/../../../../arm-none-eabi/lib/thumb/v7e-m/fpv4-sp/hard\libm.a
END GROUP
START GROUP
LOAD c:/st/stm32cubeide_1.5.1/stm32cubeide/plugins/com.st.stm32cube.ide.mcu.externaltools.gnu-tools-for-stm32.7-2018-q2-update.win32_1.5.0.202011040924/tools/bin/../lib/gcc/arm-none-eabi/7.3.1/thumb/v7e-m/fpv4-sp/hard\libgcc.a
LOAD c:/st/stm32cubeide_1.5.1/stm32cubeide/plugins/com.st.stm32cube.ide.mcu.externaltools.gnu-tools-for-stm32.7-2018-q2-update.win32_1.5.0.202011040924/tools/bin/../lib/gcc/arm-none-eabi/7.3.1/../../../../arm-none-eabi/lib/thumb/v7e-m/fpv4-sp/hard\libc.a
END GROUP
START GROUP
LOAD c:/st/stm32cubeide_1.5.1/stm32cubeide/plugins/com.st.stm32cube.ide.mcu.externaltools.gnu-tools-for-stm32.7-2018-q2-update.win32_1.5.0.202011040924/tools/bin/../lib/gcc/arm-none-eabi/7.3.1/thumb/v7e-m/fpv4-sp/hard\libgcc.a
LOAD c:/st/stm32cubeide_1.5.1/stm32cubeide/plugins/com.st.stm32cube.ide.mcu.externaltools.gnu-tools-for-stm32.7-2018-q2-update.win32_1.5.0.202011040924/tools/bin/../lib/gcc/arm-none-eabi/7.3.1/../../../../arm-none-eabi/lib/thumb/v7e-m/fpv4-sp/hard\libc.a
LOAD c:/st/stm32cubeide_1.5.1/stm32cubeide/plugins/com.st.stm32cube.ide.mcu.externaltools.gnu-tools-for-stm32.7-2018-q2-update.win32_1.5.0.202011040924/tools/bin/../lib/gcc/arm-none-eabi/7.3.1/../../../../arm-none-eabi/lib/thumb/v7e-m/fpv4-sp/hard\libnosys.a
END GROUP
LOAD c:/st/stm32cubeide_1.5.1/stm32cubeide/plugins/com.st.stm32cube.ide.mcu.externaltools.gnu-tools-for-stm32.7-2018-q2-update.win32_1.5.0.202011040924/tools/bin/../lib/gcc/arm-none-eabi/7.3.1/thumb/v7e-m/fpv4-sp/hard/crtend.o
LOAD c:/st/stm32cubeide_1.5.1/stm32cubeide/plugins/com.st.stm32cube.ide.mcu.externaltools.gnu-tools-for-stm32.7-2018-q2-update.win32_1.5.0.202011040924/tools/bin/../lib/gcc/arm-none-eabi/7.3.1/thumb/v7e-m/fpv4-sp/hard/crtn.o
                0x0000000020030000                _estack = 0x20030000
                0x0000000000000400                _Min_Heap_Size = 0x400
                0x0000000000000200                _Min_Stack_Size = 0x200

.isr_vector     0x0000000008000000      0x1ac
                0x0000000008000000                . = ALIGN (0x4)
 *(.isr_vector)
 .isr_vector    0x0000000008000000      0x1ac Application/SW4STM32/startup_stm32f429xx.o
                0x0000000008000000                g_pfnVectors
                0x00000000080001ac                . = ALIGN (0x4)

.text           0x0000000008000200    0x685f8
                0x0000000008000200                . = ALIGN (0x4)
 *(.text)
 .text          0x0000000008000200       0x40 c:/st/stm32cubeide_1.5.1/stm32cubeide/plugins/com.st.stm32cube.ide.mcu.externaltools.gnu-tools-for-stm32.7-2018-q2-update.win32_1.5.0.202011040924/tools/bin/../lib/gcc/arm-none-eabi/7.3.1/thumb/v7e-m/fpv4-sp/hard/crtbegin.o
 .text          0x0000000008000240     0x4db0 Application/src/Common/aes256.o
                0x0000000008001c00                B5_AES256_GETUINT32
                0x0000000008001c1c                B5_AES256_PUTUINT32
                0x0000000008001c34                B5_AES256_PUTUINT64
                0x0000000008001c64                B5_rijndaelDecrypt
                0x0000000008002c40                gcm_ae
                0x0000000008002d80                gcm_ad
                0x0000000008003674                gmac
                0x0000000008003764                aes_gcm_enc
                0x0000000008003784                aes_gcm_dec
                0x00000000080037a8                B5_Aes256_Init
                0x0000000008003a2c                B5_Aes256_SetIV
                0x0000000008003a70                B5_Aes256_Update
                0x000000000800453c                B5_Aes256_Finit
                0x0000000008004540                B5_CmacAes256_Sign
                0x00000000080049b4                B5_CmacAes256_Init
                0x0000000008004c78                B5_CmacAes256_Update
                0x0000000008004e70                B5_CmacAes256_Finit
                0x0000000008004fcc                B5_CmacAes256_Reset
 .text          0x0000000008004ff0      0x10c Application/src/Common/pbkdf2.o
                0x0000000008004ff0                PBKDF2HmacSha256
 .text          0x00000000080050fc       0xdc Application/src/Common/se3_common.o
                0x00000000080050fc                se3_req_len_data
                0x0000000008005128                se3_req_len_data_and_headers
                0x0000000008005164                se3_resp_len_data
                0x0000000008005190                se3_resp_len_data_and_headers
                0x00000000080051cc                se3_nblocks
 .text          0x00000000080051d8     0x2b90 Application/src/Common/sha256.o
                0x000000000800723c                B5_SHA256_GETUINT32
                0x000000000800725c                B5_SHA256_PUTUINT32
                0x0000000008007274                B5_SHA256_P
                0x00000000080072dc                B5_Sha256_Init
                0x000000000800733c                B5_Sha256_Update
                0x00000000080073e8                B5_Sha256_Finit
                0x000000000800759c                B5_HmacSha256_Init
                0x00000000080079c4                B5_HmacSha256_Update
                0x0000000008007a60                B5_HmacSha256_Finit
 .text          0x0000000008007d68      0xf84 Application/src/Device/pq-crypto/common/fips202.o
                0x0000000008007d68                keccak_absorb
                0x0000000008007de0                keccak_squeezeblocks
                0x0000000008007e08                shake128_inc_init
                0x0000000008007e20                shake128_inc_absorb
                0x0000000008007ea8                shake128_inc_finalize
                0x0000000008007eec                shake128_inc_squeeze
                0x0000000008007f90                shake128_inc_ctx_clone
                0x0000000008007f98                shake128_inc_ctx_release
                0x0000000008007f9c                shake256_inc_init
                0x0000000008007fb4                shake256_inc_absorb
                0x000000000800803c                shake256_inc_finalize
                0x0000000008008080                shake256_inc_squeeze
                0x0000000008008124                shake256_inc_ctx_clone
                0x000000000800812c                shake256_inc_ctx_release
                0x0000000008008130                cshake128_simple_absorb
                0x00000000080081cc                cshake128_simple_squeezeblocks
                0x00000000080081f4                cshake128_simple
                0x00000000080082fc                shake128_absorb
                0x000000000800836c                shake128_squeezeblocks
                0x0000000008008394                shake128
                0x000000000800846c                shake128_ctx_release
                0x0000000008008470                shake128_ctx_clone
                0x0000000008008478                shake256_absorb
                0x00000000080084e8                shake256_squeezeblocks
                0x0000000008008510                shake256
                0x00000000080085ec                shake256_ctx_release
                0x00000000080085f0                shake256_ctx_clone
                0x00000000080085f8                sha3_256
                0x0000000008008690                sha3_256_inc_init
                0x00000000080086a8                sha3_256_inc_absorb
                0x0000000008008730                sha3_256_inc_finalize
                0x00000000080087a0                sha3_256_inc_ctx_clone
                0x00000000080087a8                sha3_256_inc_ctx_release
                0x00000000080087ac                sha3_384_inc_init
                0x00000000080087c4                sha3_384_inc_absorb
                0x000000000800884c                sha3_384_inc_finalize
                0x00000000080088bc                sha3_384_inc_ctx_clone
                0x00000000080088c4                sha3_384_inc_ctx_release
                0x00000000080088c8                sha3_384
                0x0000000008008960                sha3_512
                0x0000000008008a00                sha3_512_inc_init
                0x0000000008008a18                sha3_512_inc_absorb
                0x0000000008008aa0                sha3_512_inc_finalize
                0x0000000008008b10                sha3_512_inc_ctx_clone
                0x0000000008008b18                sha3_512_inc_ctx_release
                0x0000000008008b1c                cshake256_simple_absorb
                0x0000000008008bb8                cshake256_simple_squeezeblocks
                0x0000000008008be0                cshake256_simple
 .text          0x0000000008008cec     0x1920 Application/src/Device/pq-crypto/common/keccakf1600.o
                0x0000000008008cec                KeccakF1600_StateExtractBytes
                0x0000000008008d2c                KeccakF1600_StateXORBytes
                0x0000000008008d7c                KeccakF1600_StatePermute
 .text          0x000000000800a60c       0x18 Application/src/Device/pq-crypto/common/randombytes.o
                0x000000000800a60c                randombytes
 .text          0x000000000800a624      0x1a4 Application/src/Device/pq-crypto/crypto_kem/firesaber/SABER_indcpa.o
                0x000000000800a624                PQCLEAN_FIRESABER_CLEAN_indcpa_kem_keypair
                0x000000000800a6b0                PQCLEAN_FIRESABER_CLEAN_indcpa_kem_enc
                0x000000000800a768                PQCLEAN_FIRESABER_CLEAN_indcpa_kem_dec
 .text          0x000000000800a7c8       0x88 Application/src/Device/pq-crypto/crypto_kem/firesaber/cbd.o
                0x000000000800a7c8                PQCLEAN_FIRESABER_CLEAN_cbd
 .text          0x000000000800a850      0x1d4 Application/src/Device/pq-crypto/crypto_kem/firesaber/kem.o
                0x000000000800a850                PQCLEAN_FIRESABER_CLEAN_crypto_kem_keypair
                0x000000000800a934                PQCLEAN_FIRESABER_CLEAN_crypto_kem_enc
                0x000000000800a990                PQCLEAN_FIRESABER_CLEAN_crypto_kem_dec
 .text          0x000000000800aa24      0x424 Application/src/Device/pq-crypto/crypto_kem/firesaber/pack_unpack.o
                0x000000000800aa24                PQCLEAN_FIRESABER_CLEAN_POLT2BS
                0x000000000800aa7c                PQCLEAN_FIRESABER_CLEAN_BS2POLT
                0x000000000800aacc                PQCLEAN_FIRESABER_CLEAN_POLVECq2BS
                0x000000000800abbc                PQCLEAN_FIRESABER_CLEAN_BS2POLVECq
                0x000000000800ac94                PQCLEAN_FIRESABER_CLEAN_POLVECp2BS
                0x000000000800ad0c                PQCLEAN_FIRESABER_CLEAN_BS2POLVECp
                0x000000000800ad78                PQCLEAN_FIRESABER_CLEAN_BS2POLmsg
                0x000000000800adc8                PQCLEAN_FIRESABER_CLEAN_POLmsg2BS
 .text          0x000000000800ae48      0x154 Application/src/Device/pq-crypto/crypto_kem/firesaber/poly.o
                0x000000000800ae48                PQCLEAN_FIRESABER_CLEAN_MatrixVectorMul
                0x000000000800aedc                PQCLEAN_FIRESABER_CLEAN_InnerProd
                0x000000000800af10                PQCLEAN_FIRESABER_CLEAN_GenMatrix
                0x000000000800af58                PQCLEAN_FIRESABER_CLEAN_GenSecret
 .text          0x000000000800af9c     0x1cfc Application/src/Device/pq-crypto/crypto_kem/firesaber/poly_mul.o
                0x000000000800c814                PQCLEAN_FIRESABER_CLEAN_poly_mul
 .text          0x000000000800cc98      0x188 Application/src/Device/pq-crypto/crypto_kem/firesaber/verify.o
                0x000000000800cc98                PQCLEAN_FIRESABER_CLEAN_verify
                0x000000000800cccc                PQCLEAN_FIRESABER_CLEAN_cmov
 .text          0x000000000800ce20      0x148 Application/src/Device/pq-crypto/crypto_kem/kyber1024/cbd.o
                0x000000000800ce20                PQCLEAN_KYBER1024_CLEAN_poly_cbd_eta1
                0x000000000800cec4                PQCLEAN_KYBER1024_CLEAN_poly_cbd_eta2
 .text          0x000000000800cf68      0x680 Application/src/Device/pq-crypto/crypto_kem/kyber1024/indcpa.o
                0x000000000800cf68                PQCLEAN_KYBER1024_CLEAN_gen_matrix
                0x000000000800d09c                PQCLEAN_KYBER1024_CLEAN_indcpa_keypair
                0x000000000800d2c4                PQCLEAN_KYBER1024_CLEAN_indcpa_enc
                0x000000000800d584                PQCLEAN_KYBER1024_CLEAN_indcpa_dec
 .text          0x000000000800d5e8      0x1d0 Application/src/Device/pq-crypto/crypto_kem/kyber1024/kem.o
                0x000000000800d5e8                PQCLEAN_KYBER1024_CLEAN_crypto_kem_keypair
                0x000000000800d6cc                PQCLEAN_KYBER1024_CLEAN_crypto_kem_enc
                0x000000000800d728                PQCLEAN_KYBER1024_CLEAN_crypto_kem_dec
 .text          0x000000000800d7b8      0x1d4 Application/src/Device/pq-crypto/crypto_kem/kyber1024/ntt.o
                0x000000000800d7b8                PQCLEAN_KYBER1024_CLEAN_ntt
                0x000000000800d864                PQCLEAN_KYBER1024_CLEAN_invntt
                0x000000000800d934                PQCLEAN_KYBER1024_CLEAN_basemul
 .text          0x000000000800d98c      0x6f0 Application/src/Device/pq-crypto/crypto_kem/kyber1024/poly.o
                0x000000000800d98c                PQCLEAN_KYBER1024_CLEAN_poly_compress
                0x000000000800db14                PQCLEAN_KYBER1024_CLEAN_poly_decompress
                0x000000000800dc04                PQCLEAN_KYBER1024_CLEAN_poly_tobytes
                0x000000000800dc48                PQCLEAN_KYBER1024_CLEAN_poly_frombytes
                0x000000000800dc78                PQCLEAN_KYBER1024_CLEAN_poly_frommsg
                0x000000000800dce4                PQCLEAN_KYBER1024_CLEAN_poly_tomsg
                0x000000000800de24                PQCLEAN_KYBER1024_CLEAN_poly_getnoise_eta1
                0x000000000800de44                PQCLEAN_KYBER1024_CLEAN_poly_getnoise_eta2
                0x000000000800de64                PQCLEAN_KYBER1024_CLEAN_poly_ntt
                0x000000000800de84                PQCLEAN_KYBER1024_CLEAN_poly_invntt_tomont
                0x000000000800de88                PQCLEAN_KYBER1024_CLEAN_poly_basemul_montgomery
                0x000000000800ded0                PQCLEAN_KYBER1024_CLEAN_poly_tomont
                0x000000000800def4                PQCLEAN_KYBER1024_CLEAN_poly_reduce
                0x000000000800df0c                PQCLEAN_KYBER1024_CLEAN_poly_add
                0x000000000800dfc4                PQCLEAN_KYBER1024_CLEAN_poly_sub
 .text          0x000000000800e07c      0x440 Application/src/Device/pq-crypto/crypto_kem/kyber1024/polyvec.o
                0x000000000800e07c                PQCLEAN_KYBER1024_CLEAN_polyvec_compress
                0x000000000800e250                PQCLEAN_KYBER1024_CLEAN_polyvec_decompress
                0x000000000800e3a8                PQCLEAN_KYBER1024_CLEAN_polyvec_tobytes
                0x000000000800e3c8                PQCLEAN_KYBER1024_CLEAN_polyvec_frombytes
                0x000000000800e3e8                PQCLEAN_KYBER1024_CLEAN_polyvec_ntt
                0x000000000800e40c                PQCLEAN_KYBER1024_CLEAN_polyvec_invntt_tomont
                0x000000000800e430                PQCLEAN_KYBER1024_CLEAN_polyvec_basemul_acc_montgomery
                0x000000000800e478                PQCLEAN_KYBER1024_CLEAN_polyvec_reduce
                0x000000000800e49c                PQCLEAN_KYBER1024_CLEAN_polyvec_add
 .text          0x000000000800e4bc       0x44 Application/src/Device/pq-crypto/crypto_kem/kyber1024/reduce.o
                0x000000000800e4bc                PQCLEAN_KYBER1024_CLEAN_montgomery_reduce
                0x000000000800e4e0                PQCLEAN_KYBER1024_CLEAN_barrett_reduce
 .text          0x000000000800e500       0x70 Application/src/Device/pq-crypto/crypto_kem/kyber1024/symmetric-shake.o
                0x000000000800e500                PQCLEAN_KYBER1024_CLEAN_kyber_shake128_absorb
                0x000000000800e538                PQCLEAN_KYBER1024_CLEAN_kyber_shake256_prf
 .text          0x000000000800e570      0x1d8 Application/src/Device/pq-crypto/crypto_kem/kyber1024/verify.o
                0x000000000800e570                PQCLEAN_KYBER1024_CLEAN_verify
                0x000000000800e5f4                PQCLEAN_KYBER1024_CLEAN_cmov
 .text          0x000000000800e748       0x88 Application/src/Device/pq-crypto/crypto_kem/kyber1024-m4/fastaddsub.o
                0x000000000800e748                pointwise_sub
                0x000000000800e78c                pointwise_add
 .text          0x000000000800e7d0      0x234 Application/src/Device/pq-crypto/crypto_kem/kyber1024-m4/fastbasemul.o
                0x000000000800e7d0                doublebasemul_asm
                0x000000000800e84c                doublebasemul_asm_acc
                0x000000000800e8d4                basemul_asm
                0x000000000800e968                basemul_asm_acc
 .text          0x000000000800ea04      0x8c0 Application/src/Device/pq-crypto/crypto_kem/kyber1024-m4/fastinvntt.o
                0x000000000800ea04                invntt_fast
 .text          0x000000000800f2c4      0x618 Application/src/Device/pq-crypto/crypto_kem/kyber1024-m4/fastntt.o
                0x000000000800f2c4                ntt_fast
 .text          0x000000000800f8dc      0x554 Application/src/Device/pq-crypto/crypto_kem/kyber1024-m4/indcpa.o
                0x000000000800f9e4                indcpa_keypair
                0x000000000800fb94                indcpa_enc
                0x000000000800fc90                indcpa_enc_cmp
                0x000000000800fdac                indcpa_dec
 .text          0x000000000800fe30       0xe8 Application/src/Device/pq-crypto/crypto_kem/kyber1024-m4/kyber_cbd.o
                0x000000000800fe30                kyber_cbd
 .text          0x000000000800ff18      0x1c0 Application/src/Device/pq-crypto/crypto_kem/kyber1024-m4/kyber_kem.o
                0x000000000800ff18                KYBER1024_M4_crypto_kem_keypair
                0x000000000800fffc                KYBER1024_M4_crypto_kem_enc
                0x0000000008010058                KYBER1024_M4_crypto_kem_dec
 .text          0x00000000080100d8      0xa48 Application/src/Device/pq-crypto/crypto_kem/kyber1024-m4/kyber_poly.o
                0x00000000080100d8                poly_compress
                0x0000000008010208                poly_decompress
                0x00000000080102d8                poly_packcompress
                0x0000000008010434                poly_unpackdecompress
                0x000000000801052c                cmp_poly_compress
                0x0000000008010690                cmp_poly_packcompress
                0x0000000008010858                poly_tobytes
                0x0000000008010890                poly_frombytes
                0x00000000080108c0                poly_frombytes_mul
                0x0000000008010938                poly_noise
                0x000000000801095c                poly_ntt
                0x0000000008010960                poly_invntt
                0x0000000008010964                poly_basemul
                0x0000000008010970                poly_basemul_acc
                0x000000000801097c                poly_frommont
                0x0000000008010980                poly_reduce
                0x0000000008010984                poly_add
                0x0000000008010988                poly_sub
                0x000000000801098c                poly_frommsg
                0x00000000080109f8                poly_tomsg
                0x0000000008010b14                poly_zeroize
 .text          0x0000000008010b20      0x188 Application/src/Device/pq-crypto/crypto_kem/kyber1024-m4/kyber_verify.o
                0x0000000008010b20                kyber_verify
                0x0000000008010b54                kyber_cmov
 .text          0x0000000008010ca8       0x18 Application/src/Device/pq-crypto/crypto_kem/kyber1024-m4/ntt.o
                0x0000000008010ca8                ntt
                0x0000000008010cb4                invntt
 .text          0x0000000008010cc0      0x344 Application/src/Device/pq-crypto/crypto_kem/kyber1024-m4/polyvec.o
                0x0000000008010cc0                polyvec_compress
                0x0000000008010e38                polyvec_decompress
                0x0000000008010f38                polyvec_tobytes
                0x0000000008010f58                polyvec_frombytes
                0x0000000008010f78                polyvec_ntt
                0x0000000008010f9c                polyvec_invntt
                0x0000000008010fc0                polyvec_reduce
                0x0000000008010fe4                polyvec_add
 .text          0x0000000008011004      0x22c Application/src/Device/pq-crypto/crypto_kem/kyber1024-m4/reduce.o
                0x0000000008011004                asm_barrett_reduce
                0x0000000008011128                asm_frommont
 .text          0x0000000008011230       0x74 Application/src/Device/pq-crypto/crypto_kem/kyber1024-m4/symmetric-fips202.o
                0x0000000008011230                kyber_shake128_absorb
                0x0000000008011268                kyber_shake128_squeezeblocks
                0x000000000801126c                shake256_prf
 .text          0x00000000080112a4      0x5c0 Application/src/Device/pq-crypto/crypto_kem/kyber1024-m4-protected/indcpa_prot.o
                0x00000000080112a4                indcpa_keypair_prot
                0x0000000008011424                indcpa_enc_prot
                0x00000000080115ec                indcpa_enc_cmp_prot
                0x00000000080117dc                indcpa_dec_prot
 .text          0x0000000008011864       0xe8 Application/src/Device/pq-crypto/crypto_kem/kyber1024-m4-protected/kyber_cbd_prot.o
                0x0000000008011864                kyber_cbd_prot
 .text          0x000000000801194c      0x1c0 Application/src/Device/pq-crypto/crypto_kem/kyber1024-m4-protected/kyber_kem_prot.o
                0x000000000801194c                KYBER1024_M4_crypto_kem_keypair_prot
                0x0000000008011a30                KYBER1024_M4_crypto_kem_enc_prot
                0x0000000008011a8c                KYBER1024_M4_crypto_kem_dec_prot
 .text          0x0000000008011b0c      0xa70 Application/src/Device/pq-crypto/crypto_kem/kyber1024-m4-protected/kyber_poly_prot.o
                0x0000000008011b0c                poly_compress_prot
                0x0000000008011c3c                poly_decompress_prot
                0x0000000008011d0c                poly_packcompress_prot
                0x0000000008011e68                poly_unpackdecompress_prot
                0x0000000008011f60                cmp_poly_compress_prot
                0x00000000080120c4                cmp_poly_packcompress_prot
                0x000000000801228c                poly_tobytes_prot
                0x00000000080122c4                poly_frombytes_prot
                0x00000000080122f4                poly_frombytes_mul_prot
                0x000000000801236c                poly_noise_prot
                0x0000000008012390                poly_ntt_prot
                0x00000000080123b4                poly_invntt_prot
                0x00000000080123c0                poly_basemul_prot
                0x00000000080123cc                poly_basemul_acc_prot
                0x00000000080123d8                poly_frommont_prot
                0x00000000080123dc                poly_reduce_prot
                0x00000000080123e0                poly_add_prot
                0x00000000080123e4                poly_sub_prot
                0x00000000080123e8                poly_frommsg_prot
                0x0000000008012454                poly_tomsg_prot
                0x0000000008012570                poly_zeroize_prot
 .text          0x000000000801257c       0x5c Application/src/Device/pq-crypto/crypto_kem/kyber1024-m4-protected/kyber_reduce_prot.o
                0x000000000801257c                montgomery_reduce
                0x00000000080125a0                barrett_reduce
                0x00000000080125c0                csubq
 .text          0x00000000080125d8      0x188 Application/src/Device/pq-crypto/crypto_kem/kyber1024-m4-protected/kyber_verify_prot.o
                0x00000000080125d8                kyber_verify_prot
                0x000000000801260c                kyber_cmov_prot
 .text          0x0000000008012760      0x3e0 Application/src/Device/pq-crypto/crypto_kem/kyber1024-m4-protected/ntt_prot.o
                0x0000000008012760                ntt_no_protect
                0x000000000801280c                ntt_prot
                0x00000000080128fc                invntt_no_protect
                0x00000000080129d4                invntt_prot
                0x0000000008012ae8                basemul
 .text          0x0000000008012b40      0x334 Application/src/Device/pq-crypto/crypto_kem/kyber1024-m4-protected/polyvec_prot.o
                0x0000000008012b40                polyvec_compress_prot
                0x0000000008012cb8                polyvec_decompress_prot
                0x0000000008012db8                polyvec_tobytes_prot
                0x0000000008012dd8                polyvec_frombytes_prot
                0x0000000008012df8                polyvec_ntt_prot
                0x0000000008012e14                polyvec_invntt_prot
                0x0000000008012e30                polyvec_reduce_prot
                0x0000000008012e54                polyvec_add_prot
 .text          0x0000000008012e74       0x74 Application/src/Device/pq-crypto/crypto_kem/kyber1024-m4-protected/symmetric-fips202_prot.o
                0x0000000008012e74                kyber_shake128_absorb_prot
                0x0000000008012eac                kyber_shake128_squeezeblocks_prot
                0x0000000008012eb0                shake256_prf_prot
 .text          0x0000000008012ee8      0x154 Application/src/Device/pq-crypto/crypto_kem/ntruhps4096821/cmov.o
                0x0000000008012ee8                PQCLEAN_NTRUHPS4096821_CLEAN_cmov
 .text          0x000000000801303c      0x274 Application/src/Device/pq-crypto/crypto_kem/ntruhps4096821/crypto_sort_int32.o
                0x000000000801303c                PQCLEAN_NTRUHPS4096821_CLEAN_crypto_sort_int32
 .text          0x00000000080132b0      0x10c Application/src/Device/pq-crypto/crypto_kem/ntruhps4096821/kem.o
                0x00000000080132b0                PQCLEAN_NTRUHPS4096821_CLEAN_crypto_kem_keypair
                0x00000000080132e0                PQCLEAN_NTRUHPS4096821_CLEAN_crypto_kem_enc
                0x0000000008013344                PQCLEAN_NTRUHPS4096821_CLEAN_crypto_kem_dec
 .text          0x00000000080133bc      0x3c0 Application/src/Device/pq-crypto/crypto_kem/ntruhps4096821/owcpa.o
                0x00000000080133bc                PQCLEAN_NTRUHPS4096821_CLEAN_owcpa_keypair
                0x000000000801349c                PQCLEAN_NTRUHPS4096821_CLEAN_owcpa_enc
                0x0000000008013530                PQCLEAN_NTRUHPS4096821_CLEAN_owcpa_dec
 .text          0x000000000801377c       0x94 Application/src/Device/pq-crypto/crypto_kem/ntruhps4096821/pack3.o
                0x000000000801377c                PQCLEAN_NTRUHPS4096821_CLEAN_poly_S3_tobytes
                0x00000000080137bc                PQCLEAN_NTRUHPS4096821_CLEAN_poly_S3_frombytes
 .text          0x0000000008013810       0xe4 Application/src/Device/pq-crypto/crypto_kem/ntruhps4096821/packq.o
                0x0000000008013810                PQCLEAN_NTRUHPS4096821_CLEAN_poly_Sq_tobytes
                0x0000000008013840                PQCLEAN_NTRUHPS4096821_CLEAN_poly_Sq_frombytes
                0x0000000008013878                PQCLEAN_NTRUHPS4096821_CLEAN_poly_Rq_sum_zero_tobytes
                0x00000000080138a8                PQCLEAN_NTRUHPS4096821_CLEAN_poly_Rq_sum_zero_frombytes
 .text          0x00000000080138f4      0x1f0 Application/src/Device/pq-crypto/crypto_kem/ntruhps4096821/poly.o
                0x00000000080138f4                PQCLEAN_NTRUHPS4096821_CLEAN_poly_Z3_to_Zq
                0x0000000008013910                PQCLEAN_NTRUHPS4096821_CLEAN_poly_trinary_Zq_to_Z3
                0x0000000008013930                PQCLEAN_NTRUHPS4096821_CLEAN_poly_Sq_mul
                0x0000000008013944                PQCLEAN_NTRUHPS4096821_CLEAN_poly_S3_mul
                0x00000000080139a4                PQCLEAN_NTRUHPS4096821_CLEAN_poly_Rq_inv
 .text          0x0000000008013ae4       0x70 Application/src/Device/pq-crypto/crypto_kem/ntruhps4096821/poly_lift.o
                0x0000000008013ae4                PQCLEAN_NTRUHPS4096821_CLEAN_poly_lift
 .text          0x0000000008013b54       0xdc Application/src/Device/pq-crypto/crypto_kem/ntruhps4096821/poly_mod.o
                0x0000000008013b54                PQCLEAN_NTRUHPS4096821_CLEAN_poly_mod_3_Phi_n
                0x0000000008013ba4                PQCLEAN_NTRUHPS4096821_CLEAN_poly_mod_q_Phi_n
                0x0000000008013bc4                PQCLEAN_NTRUHPS4096821_CLEAN_poly_Rq_to_S3
 .text          0x0000000008013c30      0x208 Application/src/Device/pq-crypto/crypto_kem/ntruhps4096821/poly_r2_inv.o
                0x0000000008013c30                PQCLEAN_NTRUHPS4096821_CLEAN_poly_R2_inv
 .text          0x0000000008013e38     0x2fe4 Application/src/Device/pq-crypto/crypto_kem/ntruhps4096821/poly_rq_mul.o
                0x0000000008014204                PQCLEAN_NTRUHPS4096821_CLEAN_poly_Rq_mul
 .text          0x0000000008016e1c      0x2a0 Application/src/Device/pq-crypto/crypto_kem/ntruhps4096821/poly_s3_inv.o
                0x0000000008016e1c                PQCLEAN_NTRUHPS4096821_CLEAN_poly_S3_inv
 .text          0x00000000080170bc      0x134 Application/src/Device/pq-crypto/crypto_kem/ntruhps4096821/sample.o
                0x00000000080170bc                PQCLEAN_NTRUHPS4096821_CLEAN_sample_fixed_type
                0x00000000080171b8                PQCLEAN_NTRUHPS4096821_CLEAN_sample_fg
                0x00000000080171d4                PQCLEAN_NTRUHPS4096821_CLEAN_sample_rm
 .text          0x00000000080171f0       0x48 Application/src/Device/pq-crypto/crypto_kem/ntruhps4096821/sample_iid.o
                0x00000000080171f0                PQCLEAN_NTRUHPS4096821_CLEAN_sample_iid
 .text          0x0000000008017238       0x88 Application/src/Device/pq-crypto/crypto_kem/ntruhps4096821-m4/NTRU_NTT.o
                0x0000000008017238                ntt_mixed_radix_NTT_mul_864
 *fill*         0x00000000080172c0       0x40 
 .text          0x0000000008017300      0xf70 Application/src/Device/pq-crypto/crypto_kem/ntruhps4096821-m4/NTRU_NTTs.o
                0x0000000008017300                __asm_forward_NTT_6layers
                0x0000000008017b00                __asm_inv_NTT_6layers
 .text          0x0000000008018270      0x998 Application/src/Device/pq-crypto/crypto_kem/ntruhps4096821-m4/NTT_9.o
                0x0000000008018298                NTT_9_forward_16
 .text          0x0000000008018c08      0x388 Application/src/Device/pq-crypto/crypto_kem/ntruhps4096821-m4/NTT_9_inv.o
                0x0000000008018c30                NTT_9_inv
 .text          0x0000000008018f90      0x73c Application/src/Device/pq-crypto/crypto_kem/ntruhps4096821-m4/NTT_9_small.o
                0x0000000008018fb8                NTT_9_forward_small
 .text          0x00000000080196cc      0x194 Application/src/Device/pq-crypto/crypto_kem/ntruhps4096821-m4/crypto_sort.o
                0x00000000080196cc                crypto_sort
 .text          0x0000000008019860      0x378 Application/src/Device/pq-crypto/crypto_kem/ntruhps4096821-m4/final_pack.o
                0x0000000008019870                final_pack
 .text          0x0000000008019bd8    0x24420 Application/src/Device/pq-crypto/crypto_kem/ntruhps4096821-m4/mult_toom4_821_13.o
                0x0000000008019bd8                schoolbook_13x13
                0x0000000008019e4c                schoolbook_12x12
                0x000000000801a030                karatsuba_206x206
                0x0000000008022a8c                polymul13_asm
 .text          0x000000000803dff8      0x3d4 Application/src/Device/pq-crypto/crypto_kem/ntruhps4096821-m4/multiply.o
                0x000000000803dff8                __asm_mul3x3
 .text          0x000000000803e3cc       0xe4 Application/src/Device/pq-crypto/crypto_kem/ntruhps4096821-m4/ntru_kem.o
                0x000000000803e3cc                NTRUHPS4096821_M4_crypto_kem_keypair
                0x000000000803e3fc                NTRUHPS4096821_M4_crypto_kem_enc
                0x000000000803e438                NTRUHPS4096821_M4_crypto_kem_dec
 .text          0x000000000803e4b0      0xdcc Application/src/Device/pq-crypto/crypto_kem/ntruhps4096821-m4/ntru_poly.o
                0x000000000803e4b0                mod3
                0x000000000803e4e4                poly_Z3_to_Zq
                0x000000000803e500                poly_Z3_to_SignedZ3
                0x000000000803e518                poly_trinary_Zq_to_Z3
                0x000000000803e534                poly_Rq_mul
                0x000000000803e578                poly_SignedZ3_Rq_mul
                0x000000000803e57c                poly_Sq_mul
                0x000000000803e5a0                poly_SignedZ3_Sq_mul
                0x000000000803e5c4                poly_S3_mul
                0x000000000803e618                poly_Rq_mul_x_minus_1
                0x000000000803e648                poly_lift
                0x000000000803e6cc                poly_Rq_to_S3
                0x000000000803e778                poly_Rq_inv
                0x000000000803ede0                poly_S3_inv
 .text          0x000000000803f27c      0x188 Application/src/Device/pq-crypto/crypto_kem/ntruhps4096821-m4/ntru_verify.o
                0x000000000803f27c                ntru_verify
                0x000000000803f2b0                ntru_cmov
 .text          0x000000000803f404      0x38c Application/src/Device/pq-crypto/crypto_kem/ntruhps4096821-m4/owcpa.o
                0x000000000803f404                owcpa_samplemsg
                0x000000000803f434                owcpa_keypair
                0x000000000803f51c                owcpa_enc
                0x000000000803f5e0                owcpa_dec
 .text          0x000000000803f790       0xb0 Application/src/Device/pq-crypto/crypto_kem/ntruhps4096821-m4/pack3.o
                0x000000000803f790                poly_S3_tobytes
                0x000000000803f7d0                poly_S3_frombytes
 .text          0x000000000803f840       0xe0 Application/src/Device/pq-crypto/crypto_kem/ntruhps4096821-m4/packq.o
                0x000000000803f840                poly_Sq_tobytes
                0x000000000803f86c                poly_Sq_frombytes
                0x000000000803f89c                poly_Rq_sum_zero_tobytes
                0x000000000803f8c8                poly_Rq_sum_zero_frombytes
 .text          0x000000000803f920      0x190 Application/src/Device/pq-crypto/crypto_kem/ntruhps4096821-m4/sample.o
                0x000000000803f920                sample_iid
                0x000000000803f944                sample_fixed_type
                0x000000000803fa40                sample_fg
                0x000000000803fa78                sample_rm
 .text          0x000000000803fab0      0xa74 Application/src/Device/pq-crypto/crypto_kem/saber-m4/SABER_indcpa.o
                0x000000000803fab0                byte_bank2pol_part
                0x000000000803fb68                GenMatrix
                0x000000000803fccc                GenMatrix_poly
                0x000000000803fe2c                indcpa_kem_keypair
                0x000000000803ff0c                indcpa_kem_enc
                0x0000000008040074                indcpa_kem_dec
                0x0000000008040130                MatrixVectorMul
                0x00000000080401a0                POL2MSG
                0x0000000008040200                InnerProd
                0x0000000008040224                MatrixVectorMul_keypair
                0x000000000804026c                MatrixVectorMul_encryption
                0x00000000080402f4                VectorMul
                0x0000000008040328                MatrixVectorMul_encryption_cmp
                0x00000000080403b8                indcpa_kem_enc_cmp
 .text          0x0000000008040524      0xbe0 Application/src/Device/pq-crypto/crypto_kem/saber-m4/asm_funcs.o
                0x0000000008040524                toom_cook_4way_mem_asm
                0x00000000080409aa                karatsuba_asm
                0x0000000008040c88                school_book_mul2_16_fast
 .text          0x0000000008041104     0x9820 Application/src/Device/pq-crypto/crypto_kem/saber-m4/mult_toom4_256_16.o
                0x0000000008041104                schoolbook_16x16
                0x0000000008041580                karatsuba_64x64
                0x00000000080421f0                polymul16_asm
 .text          0x000000000804a924      0x728 Application/src/Device/pq-crypto/crypto_kem/saber-m4/pack_unpack.o
                0x000000000804a924                SABER_pack_3bit
                0x000000000804a98c                SABER_un_pack3bit
                0x000000000804a9f0                SABER_pack_4bit
                0x000000000804aa14                SABER_un_pack4bit
                0x000000000804aa34                SABER_pack_6bit
                0x000000000804aa74                SABER_un_pack6bit
                0x000000000804aab8                POLVECp2BS
                0x000000000804ab10                BS2POLVECp
                0x000000000804ab80                POLVECq2BS
                0x000000000804ac40                BS2POLVECq
                0x000000000804ad28                BS2POL
                0x000000000804add0                POLVEC2BS
                0x000000000804ade8                BS2POLVEC
                0x000000000804ae00                POLp2BS
                0x000000000804ae54                BS2POLp
                0x000000000804aeb0                POLp2BS_cmp
                0x000000000804af28                SABER_pack_3bit_cmp
                0x000000000804afc0                SABER_pack_4bit_cmp
                0x000000000804afec                SABER_pack_6bit_cmp
 .text          0x000000000804b04c       0x90 Application/src/Device/pq-crypto/crypto_kem/saber-m4/saber_cbd.o
                0x000000000804b04c                saber_cbd
 .text          0x000000000804b0dc      0x1c4 Application/src/Device/pq-crypto/crypto_kem/saber-m4/saber_kem.o
                0x000000000804b0dc                SABER_M4_crypto_kem_keypair
                0x000000000804b1c4                SABER_M4_crypto_kem_enc
                0x000000000804b220                SABER_M4_crypto_kem_dec
 .text          0x000000000804b2a0       0x44 Application/src/Device/pq-crypto/crypto_kem/saber-m4/saber_poly.o
                0x000000000804b2a0                GenSecret
 .text          0x000000000804b2e4      0x180 Application/src/Device/pq-crypto/crypto_kem/saber-m4/saber_verify.o
                0x000000000804b2e4                saber_verify
                0x000000000804b310                saber_cmov
 .text          0x000000000804b464      0x15c Application/src/Device/se3_algo_Aes.o
                0x000000000804b464                se3_algo_Aes_init
                0x000000000804b50c                se3_algo_Aes_update
 .text          0x000000000804b5c0      0x2dc Application/src/Device/se3_algo_AesHmacSha256s.o
                0x000000000804b5c0                se3_algo_AesHmacSha256s_init
                0x000000000804b698                se3_algo_AesHmacSha256s_update
 .text          0x000000000804b89c       0x5c Application/src/Device/se3_algo_HmacSha256.o
                0x000000000804b89c                se3_algo_HmacSha256_init
                0x000000000804b8c0                se3_algo_HmacSha256_update
 .text          0x000000000804b8f8      0x1a8 Application/src/Device/se3_algo_aes256hmacsha256.o
                0x000000000804b8f8                se3_algo_aes256hmacsha256_init
                0x000000000804b984                se3_algo_aes256hmacsha256_update
 .text          0x000000000804baa0       0x50 Application/src/Device/se3_algo_sha256.o
                0x000000000804baa0                se3_algo_Sha256_init
                0x000000000804bab8                se3_algo_Sha256_update
 .text          0x000000000804baf0      0x884 Application/src/Device/se3_communication_core.o
                0x000000000804baf0                se3_communication_core_init
                0x000000000804bb64                se3_proto_request_reset
                0x000000000804bb78                se3_proto_recv
                0x000000000804c014                se3_proto_send
 .text          0x000000000804c374      0x6bc Application/src/Device/se3_core.o
                0x000000000804c37c                echo
                0x000000000804c390                bootmode_reset
                0x000000000804c3ac                factory_init
                0x000000000804c41c                device_init
                0x000000000804c434                device_loop
                0x000000000804c780                se3_cmd_execute
 .text          0x000000000804ca30       0x8c Application/src/Device/se3_core_time.o
                0x000000000804ca30                se3_time_init
                0x000000000804ca4c                se3_time_get
                0x000000000804ca58                se3_time_set
                0x000000000804ca70                se3_time_inc
                0x000000000804cab0                get_now_initialized
 .text          0x000000000804cabc      0x778 Application/src/Device/se3_dispatcher_core.o
                0x000000000804cabc                error
                0x000000000804cac4                key_edit
                0x000000000804cbe0                key_list
                0x000000000804cce8                config
                0x000000000804cd5c                challenge
                0x000000000804ce28                login
                0x000000000804ceb0                logout
                0x000000000804cf3c                dispatcher_call
                0x000000000804d150                se3_dispatcher_init
                0x000000000804d210                set_req_hdr
 .text          0x000000000804d234      0x85c Application/src/Device/se3_flash.o
                0x000000000804d234                se3_flash_info_setup
                0x000000000804d25c                se3_flash_canfit
                0x000000000804d274                se3_flash_init
                0x000000000804d494                se3_flash_it_write
                0x000000000804d4e8                se3_flash_it_init
                0x000000000804d4f0                se3_flash_it_next
                0x000000000804d59c                se3_flash_unused
                0x000000000804d5ac                se3_flash_it_new
                0x000000000804d958                se3_flash_pos_delete
                0x000000000804d9ec                se3_flash_it_delete
                0x000000000804da4c                se3_flash_bootmode_reset
 .text          0x000000000804da90      0x1f4 Application/src/Device/se3_keys.o
                0x000000000804da90                se3_key_find
                0x000000000804dab4                se3_key_remove
                0x000000000804dab8                se3_key_new
                0x000000000804db48                se3_key_read
                0x000000000804db8c                se3_key_equal
                0x000000000804dbe4                se3_key_read_data
                0x000000000804dbf4                se3_key_write
                0x000000000804dc64                se3_key_fingerprint
 .text          0x000000000804dc84      0x248 Application/src/Device/se3_memory.o
                0x000000000804dc84                se3_mem_reset
                0x000000000804dcb8                se3_mem_init
                0x000000000804dcf4                se3_mem_alloc
                0x000000000804de80                se3_mem_ptr
                0x000000000804de9c                se3_mem_free
 .text          0x000000000804decc      0xb00 Application/src/Device/se3_security_core.o
                0x000000000804decc                se3_security_core_init
                0x000000000804def0                record_set
                0x000000000804df74                record_get
                0x000000000804dfcc                concat
                0x000000000804e004                test_implementations
                0x000000000804e0f8                test_implementations2
                0x000000000804e2f0                crypto_kem_keypair
                0x000000000804e47c                crypto_kem_enc
                0x000000000804e4d4                crypto_kem_dec
                0x000000000804e594                crypto_init
                0x000000000804e69c                crypto_update
                0x000000000804e798                crypto_set_time
                0x000000000804e7b0                crypto_list
                0x000000000804e818                se3_payload_cryptoinit
                0x000000000804e87c                se3_payload_encrypt
                0x000000000804e92c                se3_payload_decrypt
 .text          0x000000000804e9cc       0x10 Application/src/Device/se3_sekey.o
                0x000000000804e9cc                sekey_get_implementation_info
                0x000000000804e9d8                sekey_get_auth
 .text          0x000000000804e9dc       0xb8 Application/src/adc.o
                0x000000000804e9dc                MX_ADC1_Init
                0x000000000804ea24                HAL_ADC_MspInit
                0x000000000804ea6c                HAL_ADC_MspDeInit
 .text          0x000000000804ea94       0x64 Application/src/crc.o
                0x000000000804ea94                MX_CRC_Init
                0x000000000804eaa8                HAL_CRC_MspInit
                0x000000000804eadc                HAL_CRC_MspDeInit
 .text          0x000000000804eaf8       0x48 Application/src/dma.o
                0x000000000804eaf8                MX_DMA_Init
 .text          0x000000000804eb40      0x1ac Application/src/fmc.o
                0x000000000804eb40                MX_FMC_Init
                0x000000000804ebf4                HAL_NOR_MspInit
                0x000000000804ec90                HAL_NOR_MspDeInit
 .text          0x000000000804ecec      0x17c Application/src/gpio.o
                0x000000000804ecec                MX_GPIO_Init
 .text          0x000000000804ee68       0xb4 Application/src/i2c.o
                0x000000000804ee68                MX_I2C2_Init
                0x000000000804eea0                HAL_I2C_MspInit
                0x000000000804eef4                HAL_I2C_MspDeInit
 .text          0x000000000804ef1c      0x5d0 Application/src/main.o
                0x000000000804ef1c                max_sizes
                0x000000000804f0b0                erease
                0x000000000804f0ec                test_implementation
                0x000000000804f418                SystemClock_Config
 .text          0x000000000804f4ec       0x60 Application/src/rng.o
                0x000000000804f4ec                MX_RNG_Init
                0x000000000804f500                HAL_RNG_MspInit
                0x000000000804f530                HAL_RNG_MspDeInit
 .text          0x000000000804f54c      0x1b8 Application/src/sdio.o
                0x000000000804f54c                MX_SDIO_SD_Init
                0x000000000804f584                HAL_SD_MspInit
                0x000000000804f6b4                HAL_SD_MspDeInit
 .text          0x000000000804f704       0xa4 Application/src/se3_rand.o
                0x000000000804f704                se3_rand32
                0x000000000804f730                se3_rand
 .text          0x000000000804f7a8       0xc4 Application/src/se3_sdio.o
                0x000000000804f7a8                secube_sdio_write
                0x000000000804f7e4                secube_sdio_read
                0x000000000804f820                secube_sdio_capacity
                0x000000000804f858                secube_sdio_isready
 .text          0x000000000804f86c       0xc4 Application/src/spi.o
                0x000000000804f86c                MX_SPI5_Init
                0x000000000804f8a4                HAL_SPI_MspInit
                0x000000000804f904                HAL_SPI_MspDeInit
 .text          0x000000000804f930       0x18 Application/src/stm32f4xx_hal_msp.o
                0x000000000804f930                HAL_MspInit
 .text          0x000000000804f948       0x44 Application/src/stm32f4xx_it.o
                0x000000000804f948                SysTick_Handler
                0x000000000804f95c                SDIO_IRQHandler
                0x000000000804f968                DMA2_Stream3_IRQHandler
                0x000000000804f974                DMA2_Stream6_IRQHandler
                0x000000000804f980                OTG_HS_IRQHandler
 .text          0x000000000804f98c       0xec Application/src/tim.o
                0x000000000804f98c                MX_TIM4_Init
                0x000000000804f9f8                HAL_TIM_PWM_MspInit
                0x000000000804fa28                HAL_TIM_MspPostInit
                0x000000000804fa5c                HAL_TIM_PWM_MspDeInit
 .text          0x000000000804fa78      0x1e4 Application/src/usart.o
                0x000000000804fa78                MX_USART1_UART_Init
                0x000000000804faac                MX_USART6_SMARTCARD_Init
                0x000000000804faf0                HAL_UART_MspInit
                0x000000000804fb78                HAL_SMARTCARD_MspInit
                0x000000000804fbe4                HAL_UART_MspDeInit
                0x000000000804fc20                HAL_SMARTCARD_MspDeInit
 .text          0x000000000804fc5c       0x38 Application/src/usb_device.o
                0x000000000804fc5c                MX_USB_DEVICE_Init
 .text          0x000000000804fc94      0x32c Application/src/usbd_conf.o
                0x000000000804fc94                HAL_PCD_MspInit
                0x000000000804fd54                HAL_PCD_MspDeInit
                0x000000000804fdb8                HAL_PCD_SetupStageCallback
                0x000000000804fdc4                HAL_PCD_DataOutStageCallback
                0x000000000804fdd8                HAL_PCD_DataInStageCallback
                0x000000000804fdec                HAL_PCD_SOFCallback
                0x000000000804fdf4                HAL_PCD_ResetCallback
                0x000000000804fe14                HAL_PCD_SuspendCallback
                0x000000000804fe44                HAL_PCD_ResumeCallback
                0x000000000804fe4c                HAL_PCD_ISOOUTIncompleteCallback
                0x000000000804fe54                HAL_PCD_ISOINIncompleteCallback
                0x000000000804fe5c                HAL_PCD_ConnectCallback
                0x000000000804fe64                HAL_PCD_DisconnectCallback
                0x000000000804fe6c                USBD_LL_Init
                0x000000000804fed4                USBD_LL_DeInit
                0x000000000804fee4                USBD_LL_Start
                0x000000000804fef4                USBD_LL_Stop
                0x000000000804ff04                USBD_LL_OpenEP
                0x000000000804ff18                USBD_LL_CloseEP
                0x000000000804ff28                USBD_LL_FlushEP
                0x000000000804ff38                USBD_LL_StallEP
                0x000000000804ff48                USBD_LL_ClearStallEP
                0x000000000804ff58                USBD_LL_IsStallEP
                0x000000000804ff80                USBD_LL_SetUSBAddress
                0x000000000804ff90                USBD_LL_Transmit
                0x000000000804ffa0                USBD_LL_PrepareReceive
                0x000000000804ffb0                USBD_LL_GetRxDataSize
                0x000000000804ffbc                USBD_LL_Delay
 .text          0x000000000804ffc0       0xa4 Application/src/usbd_desc.o
                0x000000000804ffc0                USBD_HS_DeviceDescriptor
                0x000000000804ffcc                USBD_HS_LangIDStrDescriptor
                0x000000000804ffd8                USBD_HS_ManufacturerStrDescriptor
                0x000000000804fff4                USBD_HS_ProductStrDescriptor
                0x0000000008050010                USBD_HS_SerialStrDescriptor
                0x000000000805002c                USBD_HS_ConfigStrDescriptor
                0x0000000008050048                USBD_HS_InterfaceStrDescriptor
 .text          0x0000000008050064       0x58 Application/src/usbd_storage_if.o
 .text          0x00000000080500bc       0xac Drivers/CMSIS/system_stm32f4xx.o
                0x00000000080500bc                SystemInit
                0x000000000805010c                SystemCoreClockUpdate
 .text          0x0000000008050168      0x1d8 Drivers/STM32F4xx_HAL_Driver/stm32f4xx_hal.o
                0x000000000805016c                HAL_MspDeInit
                0x0000000008050170                HAL_DeInit
                0x000000000805019c                HAL_InitTick
                0x00000000080501c4                HAL_Init
                0x00000000080501f8                HAL_IncTick
                0x0000000008050208                HAL_GetTick
                0x0000000008050214                HAL_Delay
                0x0000000008050230                HAL_SuspendTick
                0x0000000008050240                HAL_ResumeTick
                0x0000000008050250                HAL_GetHalVersion
                0x0000000008050258                HAL_GetREVID
                0x0000000008050264                HAL_GetDEVID
                0x0000000008050274                HAL_DBGMCU_EnableDBGSleepMode
                0x0000000008050284                HAL_DBGMCU_DisableDBGSleepMode
                0x0000000008050294                HAL_DBGMCU_EnableDBGStopMode
                0x00000000080502a4                HAL_DBGMCU_DisableDBGStopMode
                0x00000000080502b4                HAL_DBGMCU_EnableDBGStandbyMode
                0x00000000080502c4                HAL_DBGMCU_DisableDBGStandbyMode
                0x00000000080502d4                HAL_EnableCompensationCell
                0x00000000080502ec                HAL_DisableCompensationCell
                0x0000000008050308                HAL_EnableMemorySwappingBank
                0x0000000008050324                HAL_DisableMemorySwappingBank
 .text          0x0000000008050340      0x9f8 Drivers/STM32F4xx_HAL_Driver/stm32f4xx_hal_adc.o
                0x0000000008050344                HAL_ADC_Init
                0x00000000080504b0                HAL_ADC_DeInit
                0x00000000080504ec                HAL_ADC_Start
                0x00000000080505c4                HAL_ADC_Stop
                0x0000000008050600                HAL_ADC_PollForConversion
                0x00000000080506a4                HAL_ADC_PollForEvent
                0x000000000805071c                HAL_ADC_Start_IT
                0x0000000008050800                HAL_ADC_Stop_IT
                0x0000000008050848                HAL_ADC_Start_DMA
                0x0000000008050950                HAL_ADC_Stop_DMA
                0x00000000080509b0                HAL_ADC_GetValue
                0x00000000080509b8                HAL_ADC_ConvCpltCallback
                0x0000000008050a18                HAL_ADC_ConvHalfCpltCallback
                0x0000000008050a28                HAL_ADC_LevelOutOfWindowCallback
                0x0000000008050a2c                HAL_ADC_ErrorCallback
                0x0000000008050a30                HAL_ADC_IRQHandler
                0x0000000008050b74                HAL_ADC_ConfigChannel
                0x0000000008050ccc                HAL_ADC_AnalogWDGConfig
                0x0000000008050d30                HAL_ADC_GetState
                0x0000000008050d34                HAL_ADC_GetError
 .text          0x0000000008050d38      0x758 Drivers/STM32F4xx_HAL_Driver/stm32f4xx_hal_adc_ex.o
                0x0000000008050dac                HAL_ADCEx_InjectedStart
                0x0000000008050e80                HAL_ADCEx_InjectedStart_IT
                0x0000000008050f5c                HAL_ADCEx_InjectedStop
                0x0000000008050fbc                HAL_ADCEx_InjectedPollForConversion
                0x0000000008051048                HAL_ADCEx_InjectedStop_IT
                0x00000000080510b0                HAL_ADCEx_InjectedGetValue
                0x00000000080510f4                HAL_ADCEx_MultiModeStart_DMA
                0x00000000080511fc                HAL_ADCEx_MultiModeStop_DMA
                0x0000000008051264                HAL_ADCEx_MultiModeGetValue
                0x0000000008051270                HAL_ADCEx_InjectedConvCpltCallback
                0x0000000008051274                HAL_ADCEx_InjectedConfigChannel
                0x000000000805143c                HAL_ADCEx_MultiModeConfigChannel
 .text          0x0000000008051490      0x270 Drivers/STM32F4xx_HAL_Driver/stm32f4xx_hal_cortex.o
                0x0000000008051490                HAL_NVIC_SetPriorityGrouping
                0x00000000080514b4                HAL_NVIC_SetPriority
                0x0000000008051520                HAL_NVIC_EnableIRQ
                0x0000000008051538                HAL_NVIC_DisableIRQ
                0x0000000008051554                HAL_NVIC_SystemReset
                0x0000000008051578                HAL_SYSTICK_Config
                0x00000000080515ac                HAL_MPU_ConfigRegion
                0x00000000080515fc                HAL_NVIC_GetPriorityGrouping
                0x000000000805160c                HAL_NVIC_GetPriority
                0x000000000805166c                HAL_NVIC_SetPendingIRQ
                0x0000000008051688                HAL_NVIC_GetPendingIRQ
                0x00000000080516a4                HAL_NVIC_ClearPendingIRQ
                0x00000000080516c0                HAL_NVIC_GetActive
                0x00000000080516dc                HAL_SYSTICK_CLKSourceConfig
                0x00000000080516f4                HAL_SYSTICK_Callback
                0x00000000080516f8                HAL_SYSTICK_IRQHandler
 .text          0x0000000008051700       0xcc Drivers/STM32F4xx_HAL_Driver/stm32f4xx_hal_crc.o
                0x0000000008051704                HAL_CRC_Init
                0x0000000008051730                HAL_CRC_DeInit
                0x000000000805174c                HAL_CRC_Accumulate
                0x0000000008051788                HAL_CRC_Calculate
                0x00000000080517c8                HAL_CRC_GetState
 .text          0x00000000080517cc      0x520 Drivers/STM32F4xx_HAL_Driver/stm32f4xx_hal_dma.o
                0x00000000080517cc                HAL_DMA_Init
                0x0000000008051874                HAL_DMA_DeInit
                0x00000000080518e8                HAL_DMA_Start
                0x0000000008051934                HAL_DMA_Start_IT
                0x0000000008051990                HAL_DMA_Abort
                0x00000000080519e0                HAL_DMA_PollForTransfer
                0x0000000008051b60                HAL_DMA_IRQHandler
                0x0000000008051ce0                HAL_DMA_GetState
                0x0000000008051ce8                HAL_DMA_GetError
 .text          0x0000000008051cec      0x488 Drivers/STM32F4xx_HAL_Driver/stm32f4xx_hal_flash.o
                0x0000000008051d7c                HAL_FLASH_Program
                0x0000000008051eb0                HAL_FLASH_Program_IT
                0x0000000008051f58                HAL_FLASH_EndOfOperationCallback
                0x0000000008051f5c                HAL_FLASH_OperationErrorCallback
                0x0000000008051f60                HAL_FLASH_IRQHandler
                0x0000000008052030                HAL_FLASH_Unlock
                0x0000000008052054                HAL_FLASH_Lock
                0x0000000008052068                HAL_FLASH_OB_Unlock
                0x000000000805208c                HAL_FLASH_OB_Lock
                0x00000000080520a0                HAL_FLASH_OB_Launch
                0x0000000008052104                HAL_FLASH_GetError
                0x0000000008052110                FLASH_WaitForLastOperation
 .text          0x0000000008052174      0x618 Drivers/STM32F4xx_HAL_Driver/stm32f4xx_hal_flash_ex.o
                0x0000000008052174                HAL_FLASHEx_Erase
                0x000000000805230c                HAL_FLASHEx_Erase_IT
                0x00000000080523f8                HAL_FLASHEx_OBProgram
                0x0000000008052584                HAL_FLASHEx_OBGetConfig
                0x00000000080525c4                HAL_FLASHEx_AdvOBProgram
                0x0000000008052688                HAL_FLASHEx_AdvOBGetConfig
                0x00000000080526a4                HAL_FLASHEx_OB_SelectPCROP
                0x00000000080526b8                HAL_FLASHEx_OB_DeSelectPCROP
                0x00000000080526cc                HAL_FLASHEx_OB_GetBank2WRP
                0x00000000080526d8                FLASH_Erase_Sector
                0x0000000008052734                FLASH_FlushCaches
 .text          0x000000000805278c      0x458 Drivers/STM32F4xx_HAL_Driver/stm32f4xx_hal_gpio.o
                0x000000000805278c                HAL_GPIO_Init
                0x0000000008052a08                HAL_GPIO_DeInit
                0x0000000008052b80                HAL_GPIO_ReadPin
                0x0000000008052b8c                HAL_GPIO_WritePin
                0x0000000008052b94                HAL_GPIO_TogglePin
                0x0000000008052b9c                HAL_GPIO_LockPin
                0x0000000008052bc8                HAL_GPIO_EXTI_Callback
                0x0000000008052bcc                HAL_GPIO_EXTI_IRQHandler
 .text          0x0000000008052be4     0x3b08 Drivers/STM32F4xx_HAL_Driver/stm32f4xx_hal_i2c.o
                0x0000000008053190                HAL_I2C_Init
                0x0000000008053280                HAL_I2C_DeInit
                0x00000000080532b4                HAL_I2C_Master_Transmit
                0x0000000008053464                HAL_I2C_Master_Receive
                0x0000000008053738                HAL_I2C_Slave_Transmit
                0x0000000008053940                HAL_I2C_Slave_Receive
                0x0000000008053b50                HAL_I2C_Master_Transmit_IT
                0x0000000008053d38                HAL_I2C_Master_Receive_IT
                0x0000000008053fd4                HAL_I2C_Master_Sequential_Transmit_IT
                0x00000000080541e0                HAL_I2C_Master_Sequential_Receive_IT
                0x0000000008054500                HAL_I2C_Slave_Transmit_IT
                0x0000000008054598                HAL_I2C_Slave_Receive_IT
                0x0000000008054630                HAL_I2C_Slave_Sequential_Transmit_IT
                0x000000000805469c                HAL_I2C_Slave_Sequential_Receive_IT
                0x0000000008054708                HAL_I2C_EnableListen_IT
                0x0000000008054730                HAL_I2C_DisableListen_IT
                0x0000000008054774                HAL_I2C_Master_Transmit_DMA
                0x00000000080548b4                HAL_I2C_Master_Receive_DMA
                0x00000000080549f0                HAL_I2C_Master_Abort_IT
                0x0000000008054a4c                HAL_I2C_Slave_Transmit_DMA
                0x0000000008054b94                HAL_I2C_Slave_Receive_DMA
                0x0000000008054c98                HAL_I2C_Mem_Write
                0x0000000008054fe0                HAL_I2C_Mem_Read
                0x00000000080552bc                HAL_I2C_Mem_Write_IT
                0x0000000008055508                HAL_I2C_Mem_Read_IT
                0x0000000008055860                HAL_I2C_Mem_Write_DMA
                0x0000000008055ad8                HAL_I2C_Mem_Read_DMA
                0x0000000008055c24                HAL_I2C_IsDeviceReady
                0x0000000008055e30                HAL_I2C_MasterTxCpltCallback
                0x0000000008055e34                HAL_I2C_MasterRxCpltCallback
                0x0000000008055e38                HAL_I2C_SlaveTxCpltCallback
                0x0000000008055e3c                HAL_I2C_SlaveRxCpltCallback
                0x0000000008055e40                HAL_I2C_AddrCallback
                0x0000000008055e44                HAL_I2C_ListenCpltCallback
                0x0000000008055e48                HAL_I2C_MemTxCpltCallback
                0x0000000008055e4c                HAL_I2C_MemRxCpltCallback
                0x0000000008055e50                HAL_I2C_EV_IRQHandler
                0x0000000008056290                HAL_I2C_ErrorCallback
                0x0000000008056538                HAL_I2C_ER_IRQHandler
                0x00000000080566d8                HAL_I2C_GetState
                0x00000000080566e0                HAL_I2C_GetMode
                0x00000000080566e8                HAL_I2C_GetError
 .text          0x00000000080566ec      0x7a4 Drivers/STM32F4xx_HAL_Driver/stm32f4xx_hal_nor.o
                0x00000000080566f0                HAL_NOR_Init
                0x0000000008056750                HAL_NOR_DeInit
                0x0000000008056770                HAL_NOR_MspWait
                0x0000000008056774                HAL_NOR_Read_ID
                0x000000000805687c                HAL_NOR_ReturnToReadMode
                0x00000000080568d4                HAL_NOR_Read
                0x0000000008056968                HAL_NOR_Program
                0x00000000080569f8                HAL_NOR_ReadBuffer
                0x0000000008056a94                HAL_NOR_ProgramBuffer
                0x0000000008056b6c                HAL_NOR_Erase_Block
                0x0000000008056c08                HAL_NOR_Erase_Chip
                0x0000000008056c98                HAL_NOR_Read_CFI
                0x0000000008056d84                HAL_NOR_WriteOperation_Enable
                0x0000000008056db0                HAL_NOR_WriteOperation_Disable
                0x0000000008056de4                HAL_NOR_GetState
                0x0000000008056dec                HAL_NOR_GetStatus
 .text          0x0000000008056e90      0xce8 Drivers/STM32F4xx_HAL_Driver/stm32f4xx_hal_pcd.o
                0x0000000008056e94                HAL_PCD_Init
                0x0000000008057238                HAL_PCD_DeInit
                0x000000000805728c                HAL_PCD_Start
                0x00000000080572b8                HAL_PCD_Stop
                0x0000000008057314                HAL_PCD_IRQHandler
                0x0000000008057848                HAL_PCD_DevConnect
                0x000000000805786c                HAL_PCD_DevDisconnect
                0x0000000008057890                HAL_PCD_SetAddress
                0x00000000080578b4                HAL_PCD_EP_Open
                0x0000000008057930                HAL_PCD_EP_Close
                0x0000000008057984                HAL_PCD_EP_Receive
                0x00000000080579e8                HAL_PCD_EP_GetRxCount
                0x00000000080579fc                HAL_PCD_EP_Transmit
                0x0000000008057a5c                HAL_PCD_EP_SetStall
                0x0000000008057abc                HAL_PCD_EP_ClrStall
                0x0000000008057b08                HAL_PCD_EP_Flush
                0x0000000008057b40                HAL_PCD_ActivateRemoteWakeup
                0x0000000008057b5c                HAL_PCD_DeActivateRemoteWakeup
                0x0000000008057b70                HAL_PCD_GetState
 .text          0x0000000008057b78       0x50 Drivers/STM32F4xx_HAL_Driver/stm32f4xx_hal_pcd_ex.o
                0x0000000008057b78                HAL_PCDEx_SetTxFiFo
                0x0000000008057bc0                HAL_PCDEx_SetRxFiFo
 .text          0x0000000008057bc8      0x75c Drivers/STM32F4xx_HAL_Driver/stm32f4xx_hal_rcc.o
                0x0000000008057bcc                HAL_RCC_OscConfig
                0x0000000008057ecc                HAL_RCC_ClockConfig
                0x0000000008058010                HAL_RCC_MCOConfig
                0x00000000080580ac                HAL_RCC_EnableCSS
                0x00000000080580b8                HAL_RCC_DisableCSS
                0x00000000080580c4                HAL_RCC_GetSysClockFreq
                0x0000000008058120                HAL_RCC_GetHCLKFreq
                0x0000000008058154                HAL_RCC_GetPCLK1Freq
                0x00000000080581a0                HAL_RCC_GetPCLK2Freq
                0x00000000080581ec                HAL_RCC_GetOscConfig
                0x00000000080582bc                HAL_RCC_GetClockConfig
                0x0000000008058300                HAL_RCC_CSSCallback
                0x0000000008058304                HAL_RCC_NMI_IRQHandler
 .text          0x0000000008058324      0x1d8 Drivers/STM32F4xx_HAL_Driver/stm32f4xx_hal_rng.o
                0x0000000008058328                HAL_RNG_Init
                0x0000000008058370                HAL_RNG_DeInit
                0x0000000008058398                HAL_RNG_GenerateRandomNumber
                0x00000000080583f0                HAL_RNG_GenerateRandomNumber_IT
                0x0000000008058420                HAL_RNG_GetRandomNumber
                0x0000000008058478                HAL_RNG_GetRandomNumber_IT
                0x00000000080584a0                HAL_RNG_ReadLastRandomNumber
                0x00000000080584a4                HAL_RNG_ReadyDataCallback
                0x00000000080584a8                HAL_RNG_ErrorCallback
                0x00000000080584ac                HAL_RNG_IRQHandler
                0x00000000080584f8                HAL_RNG_GetState
 .text          0x00000000080584fc     0x22b0 Drivers/STM32F4xx_HAL_Driver/stm32f4xx_hal_sd.o
                0x0000000008058884                HAL_SD_DeInit
                0x0000000008058898                HAL_SD_ReadBlocks
                0x0000000008058af8                HAL_SD_WriteBlocks
                0x0000000008058de4                HAL_SD_ReadBlocks_DMA
                0x0000000008058f84                HAL_SD_WriteBlocks_DMA
                0x0000000008059100                HAL_SD_CheckReadOperation
                0x00000000080591f8                HAL_SD_CheckWriteOperation
                0x0000000008059378                HAL_SD_Erase
                0x0000000008059614                HAL_SD_XferCpltCallback
                0x0000000008059618                HAL_SD_XferErrorCallback
                0x000000000805961c                HAL_SD_IRQHandler
                0x00000000080596b8                HAL_SD_DMA_RxCpltCallback
                0x00000000080596d8                HAL_SD_DMA_RxErrorCallback
                0x00000000080596e8                HAL_SD_DMA_TxCpltCallback
                0x0000000008059708                HAL_SD_DMA_TxErrorCallback
                0x0000000008059718                HAL_SD_Get_CardInfo
                0x0000000008059994                HAL_SD_Init
                0x0000000008059e70                HAL_SD_WideBusOperation_Config
                0x000000000805a024                HAL_SD_StopTransfer
                0x000000000805a088                HAL_SD_HighSpeed
                0x000000000805a364                HAL_SD_SendSDStatus
                0x000000000805a518                HAL_SD_GetStatus
                0x000000000805a590                HAL_SD_GetCardStatus
 .text          0x000000000805a7ac      0x748 Drivers/STM32F4xx_HAL_Driver/stm32f4xx_hal_smartcard.o
                0x000000000805a7cc                HAL_SMARTCARD_Init
                0x000000000805a9f4                HAL_SMARTCARD_DeInit
                0x000000000805aa28                HAL_SMARTCARD_Transmit
                0x000000000805ab18                HAL_SMARTCARD_Receive
                0x000000000805abb8                HAL_SMARTCARD_Transmit_IT
                0x000000000805ac0c                HAL_SMARTCARD_Receive_IT
                0x000000000805ac60                HAL_SMARTCARD_Transmit_DMA
                0x000000000805acd0                HAL_SMARTCARD_Receive_DMA
                0x000000000805ad34                HAL_SMARTCARD_TxCpltCallback
                0x000000000805ad38                HAL_SMARTCARD_RxCpltCallback
                0x000000000805ad5c                HAL_SMARTCARD_ErrorCallback
                0x000000000805ad80                HAL_SMARTCARD_IRQHandler
                0x000000000805aee4                HAL_SMARTCARD_GetState
                0x000000000805aef0                HAL_SMARTCARD_GetError
 .text          0x000000000805aef4     0x1d3c Drivers/STM32F4xx_HAL_Driver/stm32f4xx_hal_spi.o
                0x000000000805aef8                HAL_SPI_Init
                0x000000000805af88                HAL_SPI_DeInit
                0x000000000805afb4                HAL_SPI_Transmit
                0x000000000805b1e8                HAL_SPI_TransmitReceive
                0x000000000805b584                HAL_SPI_Receive
                0x000000000805b944                HAL_SPI_Transmit_IT
                0x000000000805ba10                HAL_SPI_Receive_IT
                0x000000000805bb70                HAL_SPI_TransmitReceive_IT
                0x000000000805bc44                HAL_SPI_Transmit_DMA
                0x000000000805bcfc                HAL_SPI_Receive_DMA
                0x000000000805be90                HAL_SPI_TransmitReceive_DMA
                0x000000000805bf8c                HAL_SPI_DMAPause
                0x000000000805bfb0                HAL_SPI_DMAResume
                0x000000000805bfd4                HAL_SPI_DMAStop
                0x000000000805bffc                HAL_SPI_TxCpltCallback
                0x000000000805c000                HAL_SPI_RxCpltCallback
                0x000000000805c004                HAL_SPI_TxRxCpltCallback
                0x000000000805c008                HAL_SPI_TxHalfCpltCallback
                0x000000000805c018                HAL_SPI_RxHalfCpltCallback
                0x000000000805c028                HAL_SPI_TxRxHalfCpltCallback
                0x000000000805c038                HAL_SPI_ErrorCallback
                0x000000000805c6ec                HAL_SPI_IRQHandler
                0x000000000805cc24                HAL_SPI_GetState
                0x000000000805cc2c                HAL_SPI_GetError
 .text          0x000000000805cc30     0x2ab4 Drivers/STM32F4xx_HAL_Driver/stm32f4xx_hal_tim.o
                0x000000000805cc30                HAL_TIM_Base_MspInit
                0x000000000805cc34                HAL_TIM_Base_Init
                0x000000000805cd28                HAL_TIM_Base_MspDeInit
                0x000000000805cd2c                HAL_TIM_Base_DeInit
                0x000000000805cd68                HAL_TIM_Base_Start
                0x000000000805cd88                HAL_TIM_Base_Stop
                0x000000000805cdb8                HAL_TIM_Base_Start_IT
                0x000000000805cdd0                HAL_TIM_Base_Stop_IT
                0x000000000805cdfc                HAL_TIM_Base_Start_DMA
                0x000000000805ce58                HAL_TIM_Base_Stop_DMA
                0x000000000805ce88                HAL_TIM_OC_MspInit
                0x000000000805ce8c                HAL_TIM_OC_Init
                0x000000000805cf80                HAL_TIM_OC_MspDeInit
                0x000000000805cf84                HAL_TIM_OC_DeInit
                0x000000000805cfc0                HAL_TIM_OC_Start
                0x000000000805d008                HAL_TIM_OC_Stop
                0x000000000805d074                HAL_TIM_OC_Start_IT
                0x000000000805d0f8                HAL_TIM_OC_Stop_IT
                0x000000000805d1a0                HAL_TIM_OC_Start_DMA
                0x000000000805d2c8                HAL_TIM_OC_Stop_DMA
                0x000000000805d378                HAL_TIM_PWM_Init
                0x000000000805d470                HAL_TIM_PWM_DeInit
                0x000000000805d4ac                HAL_TIM_PWM_Start
                0x000000000805d4f4                HAL_TIM_PWM_Stop
                0x000000000805d564                HAL_TIM_PWM_Start_IT
                0x000000000805d5e8                HAL_TIM_PWM_Stop_IT
                0x000000000805d690                HAL_TIM_PWM_Start_DMA
                0x000000000805d7b8                HAL_TIM_PWM_Stop_DMA
                0x000000000805d864                HAL_TIM_IC_MspInit
                0x000000000805d868                HAL_TIM_IC_Init
                0x000000000805d95c                HAL_TIM_IC_MspDeInit
                0x000000000805d960                HAL_TIM_IC_DeInit
                0x000000000805d99c                HAL_TIM_IC_Start
                0x000000000805d9c0                HAL_TIM_IC_Stop
                0x000000000805d9f4                HAL_TIM_IC_Start_IT
                0x000000000805da54                HAL_TIM_IC_Stop_IT
                0x000000000805dac4                HAL_TIM_IC_Start_DMA
                0x000000000805dba8                HAL_TIM_IC_Stop_DMA
                0x000000000805dc24                HAL_TIM_OnePulse_MspInit
                0x000000000805dc28                HAL_TIM_OnePulse_Init
                0x000000000805dd2c                HAL_TIM_OnePulse_MspDeInit
                0x000000000805dd30                HAL_TIM_OnePulse_DeInit
                0x000000000805dd6c                HAL_TIM_OnePulse_Start
                0x000000000805ddb4                HAL_TIM_OnePulse_Stop
                0x000000000805de20                HAL_TIM_OnePulse_Start_IT
                0x000000000805de78                HAL_TIM_OnePulse_Stop_IT
                0x000000000805def4                HAL_TIM_Encoder_MspInit
                0x000000000805def8                HAL_TIM_Encoder_Init
                0x000000000805e054                HAL_TIM_Encoder_MspDeInit
                0x000000000805e058                HAL_TIM_Encoder_DeInit
                0x000000000805e094                HAL_TIM_Encoder_Start
                0x000000000805e0dc                HAL_TIM_Encoder_Stop
                0x000000000805e12c                HAL_TIM_Encoder_Start_IT
                0x000000000805e1a8                HAL_TIM_Encoder_Stop_IT
                0x000000000805e228                HAL_TIM_Encoder_Start_DMA
                0x000000000805e370                HAL_TIM_Encoder_Stop_DMA
                0x000000000805e3f0                HAL_TIM_OC_ConfigChannel
                0x000000000805e5a4                HAL_TIM_IC_ConfigChannel
                0x000000000805e730                HAL_TIM_PWM_ConfigChannel
                0x000000000805e950                HAL_TIM_OnePulse_ConfigChannel
                0x000000000805eb50                HAL_TIM_DMABurst_WriteStart
                0x000000000805ec1c                HAL_TIM_DMABurst_WriteStop
                0x000000000805ec94                HAL_TIM_DMABurst_ReadStart
                0x000000000805ed6c                HAL_TIM_DMABurst_ReadStop
                0x000000000805ede4                HAL_TIM_GenerateEvent
                0x000000000805ee10                HAL_TIM_ConfigOCrefClear
                0x000000000805eed8                HAL_TIM_ConfigClockSource
                0x000000000805f05c                HAL_TIM_ConfigTI1Input
                0x000000000805f06c                HAL_TIM_SlaveConfigSynchronization
                0x000000000805f150                HAL_TIM_SlaveConfigSynchronization_IT
                0x000000000805f234                HAL_TIM_ReadCapturedValue
                0x000000000805f28c                HAL_TIM_PeriodElapsedCallback
                0x000000000805f2a0                HAL_TIM_OC_DelayElapsedCallback
                0x000000000805f2a4                HAL_TIM_IC_CaptureCallback
                0x000000000805f2a8                TIM_DMACaptureCplt
                0x000000000805f308                HAL_TIM_PWM_PulseFinishedCallback
                0x000000000805f30c                TIM_DMADelayPulseCplt
                0x000000000805f36c                HAL_TIM_TriggerCallback
                0x000000000805f370                HAL_TIM_IRQHandler
                0x000000000805f4d4                HAL_TIM_ErrorCallback
                0x000000000805f4d8                TIM_DMAError
                0x000000000805f4e8                HAL_TIM_Base_GetState
                0x000000000805f4f0                HAL_TIM_OC_GetState
                0x000000000805f4f8                HAL_TIM_PWM_GetState
                0x000000000805f500                HAL_TIM_IC_GetState
                0x000000000805f508                HAL_TIM_OnePulse_GetState
                0x000000000805f510                HAL_TIM_Encoder_GetState
                0x000000000805f518                TIM_Base_SetConfig
                0x000000000805f5e8                TIM_TI1_SetConfig
                0x000000000805f660                TIM_OC2_SetConfig
                0x000000000805f6c8                TIM_CCxChannelCmd
 .text          0x000000000805f6e4      0xb94 Drivers/STM32F4xx_HAL_Driver/stm32f4xx_hal_tim_ex.o
                0x000000000805f6e4                HAL_TIMEx_HallSensor_MspInit
                0x000000000805f6e8                HAL_TIMEx_HallSensor_Init
                0x000000000805f788                HAL_TIMEx_HallSensor_MspDeInit
                0x000000000805f78c                HAL_TIMEx_HallSensor_DeInit
                0x000000000805f7c8                HAL_TIMEx_HallSensor_Start
                0x000000000805f7e4                HAL_TIMEx_HallSensor_Stop
                0x000000000805f814                HAL_TIMEx_HallSensor_Start_IT
                0x000000000805f838                HAL_TIMEx_HallSensor_Stop_IT
                0x000000000805f870                HAL_TIMEx_HallSensor_Start_DMA
                0x000000000805f8dc                HAL_TIMEx_HallSensor_Stop_DMA
                0x000000000805f914                HAL_TIMEx_OCN_Start
                0x000000000805f940                HAL_TIMEx_OCN_Stop
                0x000000000805f994                HAL_TIMEx_OCN_Start_IT
                0x000000000805fa04                HAL_TIMEx_OCN_Stop_IT
                0x000000000805faa4                HAL_TIMEx_OCN_Start_DMA
                0x000000000805fba8                HAL_TIMEx_OCN_Stop_DMA
                0x000000000805fc44                HAL_TIMEx_PWMN_Start
                0x000000000805fc70                HAL_TIMEx_PWMN_Stop
                0x000000000805fcc4                HAL_TIMEx_PWMN_Start_IT
                0x000000000805fd34                HAL_TIMEx_PWMN_Stop_IT
                0x000000000805fdd4                HAL_TIMEx_PWMN_Start_DMA
                0x000000000805fed8                HAL_TIMEx_PWMN_Stop_DMA