Archive member included to satisfy reference by file (symbol)

c:/st/stm32cubeide_1.5.1/stm32cubeide/plugins/com.st.stm32cube.ide.mcu.externaltools.gnu-tools-for-stm32.7-2018-q2-update.win32_1.5.0.202011040924/tools/bin/../lib/gcc/arm-none-eabi/7.3.1/../../../../arm-none-eabi/lib/thumb/v7e-m/fpv4-sp/hard\libc_nano.a(lib_a-exit.o)
                              c:/st/stm32cubeide_1.5.1/stm32cubeide/plugins/com.st.stm32cube.ide.mcu.externaltools.gnu-tools-for-stm32.7-2018-q2-update.win32_1.5.0.202011040924/tools/bin/../lib/gcc/arm-none-eabi/7.3.1/../../../../arm-none-eabi/lib/thumb/v7e-m/fpv4-sp/hard/crt0.o (exit)
c:/st/stm32cubeide_1.5.1/stm32cubeide/plugins/com.st.stm32cube.ide.mcu.externaltools.gnu-tools-for-stm32.7-2018-q2-update.win32_1.5.0.202011040924/tools/bin/../lib/gcc/arm-none-eabi/7.3.1/../../../../arm-none-eabi/lib/thumb/v7e-m/fpv4-sp/hard\libc_nano.a(lib_a-impure.o)
                              c:/st/stm32cubeide_1.5.1/stm32cubeide/plugins/com.st.stm32cube.ide.mcu.externaltools.gnu-tools-for-stm32.7-2018-q2-update.win32_1.5.0.202011040924/tools/bin/../lib/gcc/arm-none-eabi/7.3.1/../../../../arm-none-eabi/lib/thumb/v7e-m/fpv4-sp/hard\libc_nano.a(lib_a-exit.o) (_global_impure_ptr)
c:/st/stm32cubeide_1.5.1/stm32cubeide/plugins/com.st.stm32cube.ide.mcu.externaltools.gnu-tools-for-stm32.7-2018-q2-update.win32_1.5.0.202011040924/tools/bin/../lib/gcc/arm-none-eabi/7.3.1/../../../../arm-none-eabi/lib/thumb/v7e-m/fpv4-sp/hard\libc_nano.a(lib_a-init.o)
                              c:/st/stm32cubeide_1.5.1/stm32cubeide/plugins/com.st.stm32cube.ide.mcu.externaltools.gnu-tools-for-stm32.7-2018-q2-update.win32_1.5.0.202011040924/tools/bin/../lib/gcc/arm-none-eabi/7.3.1/../../../../arm-none-eabi/lib/thumb/v7e-m/fpv4-sp/hard/crt0.o (__libc_init_array)
c:/st/stm32cubeide_1.5.1/stm32cubeide/plugins/com.st.stm32cube.ide.mcu.externaltools.gnu-tools-for-stm32.7-2018-q2-update.win32_1.5.0.202011040924/tools/bin/../lib/gcc/arm-none-eabi/7.3.1/../../../../arm-none-eabi/lib/thumb/v7e-m/fpv4-sp/hard\libc_nano.a(lib_a-malloc.o)
                              Middlewares/USB_Device_Library/usbd_msc.o (malloc)
c:/st/stm32cubeide_1.5.1/stm32cubeide/plugins/com.st.stm32cube.ide.mcu.externaltools.gnu-tools-for-stm32.7-2018-q2-update.win32_1.5.0.202011040924/tools/bin/../lib/gcc/arm-none-eabi/7.3.1/../../../../arm-none-eabi/lib/thumb/v7e-m/fpv4-sp/hard\libc_nano.a(lib_a-memcmp.o)
                              Application/src/Common/aes256.o (memcmp)
c:/st/stm32cubeide_1.5.1/stm32cubeide/plugins/com.st.stm32cube.ide.mcu.externaltools.gnu-tools-for-stm32.7-2018-q2-update.win32_1.5.0.202011040924/tools/bin/../lib/gcc/arm-none-eabi/7.3.1/../../../../arm-none-eabi/lib/thumb/v7e-m/fpv4-sp/hard\libc_nano.a(lib_a-memcpy-stub.o)
                              Application/src/Common/aes256.o (memcpy)
c:/st/stm32cubeide_1.5.1/stm32cubeide/plugins/com.st.stm32cube.ide.mcu.externaltools.gnu-tools-for-stm32.7-2018-q2-update.win32_1.5.0.202011040924/tools/bin/../lib/gcc/arm-none-eabi/7.3.1/../../../../arm-none-eabi/lib/thumb/v7e-m/fpv4-sp/hard\libc_nano.a(lib_a-memmove.o)
                              Application/src/Device/se3_memory.o (memmove)
c:/st/stm32cubeide_1.5.1/stm32cubeide/plugins/com.st.stm32cube.ide.mcu.externaltools.gnu-tools-for-stm32.7-2018-q2-update.win32_1.5.0.202011040924/tools/bin/../lib/gcc/arm-none-eabi/7.3.1/../../../../arm-none-eabi/lib/thumb/v7e-m/fpv4-sp/hard\libc_nano.a(lib_a-memset.o)
                              c:/st/stm32cubeide_1.5.1/stm32cubeide/plugins/com.st.stm32cube.ide.mcu.externaltools.gnu-tools-for-stm32.7-2018-q2-update.win32_1.5.0.202011040924/tools/bin/../lib/gcc/arm-none-eabi/7.3.1/../../../../arm-none-eabi/lib/thumb/v7e-m/fpv4-sp/hard/crt0.o (memset)
c:/st/stm32cubeide_1.5.1/stm32cubeide/plugins/com.st.stm32cube.ide.mcu.externaltools.gnu-tools-for-stm32.7-2018-q2-update.win32_1.5.0.202011040924/tools/bin/../lib/gcc/arm-none-eabi/7.3.1/../../../../arm-none-eabi/lib/thumb/v7e-m/fpv4-sp/hard\libc_nano.a(lib_a-nano-freer.o)
                              c:/st/stm32cubeide_1.5.1/stm32cubeide/plugins/com.st.stm32cube.ide.mcu.externaltools.gnu-tools-for-stm32.7-2018-q2-update.win32_1.5.0.202011040924/tools/bin/../lib/gcc/arm-none-eabi/7.3.1/../../../../arm-none-eabi/lib/thumb/v7e-m/fpv4-sp/hard\libc_nano.a(lib_a-malloc.o) (_free_r)
c:/st/stm32cubeide_1.5.1/stm32cubeide/plugins/com.st.stm32cube.ide.mcu.externaltools.gnu-tools-for-stm32.7-2018-q2-update.win32_1.5.0.202011040924/tools/bin/../lib/gcc/arm-none-eabi/7.3.1/../../../../arm-none-eabi/lib/thumb/v7e-m/fpv4-sp/hard\libc_nano.a(lib_a-nano-mallocr.o)
                              c:/st/stm32cubeide_1.5.1/stm32cubeide/plugins/com.st.stm32cube.ide.mcu.externaltools.gnu-tools-for-stm32.7-2018-q2-update.win32_1.5.0.202011040924/tools/bin/../lib/gcc/arm-none-eabi/7.3.1/../../../../arm-none-eabi/lib/thumb/v7e-m/fpv4-sp/hard\libc_nano.a(lib_a-malloc.o) (_malloc_r)
[...]
Memory Configuration

Name             Origin             Length             Attributes
FLASH            0x0000000008000000 0x0000000000200000 xr
RAM              0x0000000020000000 0x0000000000030000 xrw
CCMRAM           0x0000000010000000 0x0000000000010000 rw
*default*        0x0000000000000000 0xffffffffffffffff

Linker script and memory map

LOAD c:/st/stm32cubeide_1.5.1/stm32cubeide/plugins/com.st.stm32cube.ide.mcu.externaltools.gnu-tools-for-stm32.7-2018-q2-update.win32_1.5.0.202011040924/tools/bin/../lib/gcc/arm-none-eabi/7.3.1/thumb/v7e-m/fpv4-sp/hard/crti.o
LOAD c:/st/stm32cubeide_1.5.1/stm32cubeide/plugins/com.st.stm32cube.ide.mcu.externaltools.gnu-tools-for-stm32.7-2018-q2-update.win32_1.5.0.202011040924/tools/bin/../lib/gcc/arm-none-eabi/7.3.1/thumb/v7e-m/fpv4-sp/hard/crtbegin.o
LOAD c:/st/stm32cubeide_1.5.1/stm32cubeide/plugins/com.st.stm32cube.ide.mcu.externaltools.gnu-tools-for-stm32.7-2018-q2-update.win32_1.5.0.202011040924/tools/bin/../lib/gcc/arm-none-eabi/7.3.1/../../../../arm-none-eabi/lib/thumb/v7e-m/fpv4-sp/hard/crt0.o
LOAD Application/SW4STM32/startup_stm32f429xx.o
LOAD Application/src/Common/aes256.o
LOAD Application/src/Common/crc16.o
LOAD Application/src/Common/pbkdf2.o
LOAD Application/src/Common/se3_common.o
LOAD Application/src/Common/sha256.o
LOAD Application/src/Device/se3_FPGA.o
LOAD Application/src/Device/se3_algo_Aes.o
LOAD Application/src/Device/se3_algo_AesHmacSha256s.o
LOAD Application/src/Device/se3_algo_HmacSha256.o
LOAD Application/src/Device/se3_algo_aes256hmacsha256.o
LOAD Application/src/Device/se3_algo_sha256.o
LOAD Application/src/Device/se3_communication_core.o
LOAD Application/src/Device/se3_core.o
LOAD Application/src/Device/se3_core_time.o
LOAD Application/src/Device/se3_dispatcher_core.o
LOAD Application/src/Device/se3_flash.o
LOAD Application/src/Device/se3_keys.o
LOAD Application/src/Device/se3_memory.o
LOAD Application/src/Device/se3_security_core.o
LOAD Application/src/Device/se3_sekey.o
LOAD Application/src/Device/se3_smartcard.o
LOAD Application/src/adc.o
LOAD Application/src/crc.o
LOAD Application/src/dma.o
LOAD Application/src/fmc.o
LOAD Application/src/gpio.o
LOAD Application/src/i2c.o
LOAD Application/src/main.o
LOAD Application/src/rng.o
LOAD Application/src/sdio.o
LOAD Application/src/se3_rand.o
LOAD Application/src/se3_sdio.o
LOAD Application/src/spi.o
LOAD Application/src/stm32f4xx_hal_msp.o
LOAD Application/src/stm32f4xx_it.o
LOAD Application/src/tim.o
LOAD Application/src/usart.o
LOAD Application/src/usb_device.o
LOAD Application/src/usbd_conf.o
LOAD Application/src/usbd_desc.o
LOAD Application/src/usbd_storage_if.o
LOAD Drivers/CMSIS/system_stm32f4xx.o
LOAD Drivers/STM32F4xx_HAL_Driver/stm32f4xx_hal.o
LOAD Drivers/STM32F4xx_HAL_Driver/stm32f4xx_hal_adc.o
LOAD Drivers/STM32F4xx_HAL_Driver/stm32f4xx_hal_adc_ex.o
LOAD Drivers/STM32F4xx_HAL_Driver/stm32f4xx_hal_cortex.o
LOAD Drivers/STM32F4xx_HAL_Driver/stm32f4xx_hal_crc.o
LOAD Drivers/STM32F4xx_HAL_Driver/stm32f4xx_hal_dma.o
LOAD Drivers/STM32F4xx_HAL_Driver/stm32f4xx_hal_dma_ex.o
LOAD Drivers/STM32F4xx_HAL_Driver/stm32f4xx_hal_flash.o
LOAD Drivers/STM32F4xx_HAL_Driver/stm32f4xx_hal_flash_ex.o
LOAD Drivers/STM32F4xx_HAL_Driver/stm32f4xx_hal_flash_ramfunc.o
LOAD Drivers/STM32F4xx_HAL_Driver/stm32f4xx_hal_gpio.o
LOAD Drivers/STM32F4xx_HAL_Driver/stm32f4xx_hal_i2c.o
LOAD Drivers/STM32F4xx_HAL_Driver/stm32f4xx_hal_i2c_ex.o
LOAD Drivers/STM32F4xx_HAL_Driver/stm32f4xx_hal_nor.o
LOAD Drivers/STM32F4xx_HAL_Driver/stm32f4xx_hal_pcd.o
LOAD Drivers/STM32F4xx_HAL_Driver/stm32f4xx_hal_pcd_ex.o
LOAD Drivers/STM32F4xx_HAL_Driver/stm32f4xx_hal_pwr.o
LOAD Drivers/STM32F4xx_HAL_Driver/stm32f4xx_hal_pwr_ex.o
LOAD Drivers/STM32F4xx_HAL_Driver/stm32f4xx_hal_rcc.o
LOAD Drivers/STM32F4xx_HAL_Driver/stm32f4xx_hal_rcc_ex.o
LOAD Drivers/STM32F4xx_HAL_Driver/stm32f4xx_hal_rng.o
LOAD Drivers/STM32F4xx_HAL_Driver/stm32f4xx_hal_rtc.o
LOAD Drivers/STM32F4xx_HAL_Driver/stm32f4xx_hal_rtc_ex.o
LOAD Drivers/STM32F4xx_HAL_Driver/stm32f4xx_hal_sd.o
LOAD Drivers/STM32F4xx_HAL_Driver/stm32f4xx_hal_smartcard.o
LOAD Drivers/STM32F4xx_HAL_Driver/stm32f4xx_hal_spi.o
LOAD Drivers/STM32F4xx_HAL_Driver/stm32f4xx_hal_tim.o
LOAD Drivers/STM32F4xx_HAL_Driver/stm32f4xx_hal_tim_ex.o
LOAD Drivers/STM32F4xx_HAL_Driver/stm32f4xx_hal_uart.o
LOAD Drivers/STM32F4xx_HAL_Driver/stm32f4xx_ll_fmc.o
LOAD Drivers/STM32F4xx_HAL_Driver/stm32f4xx_ll_sdmmc.o
LOAD Drivers/STM32F4xx_HAL_Driver/stm32f4xx_ll_usb.o
LOAD Middlewares/USB_Device_Library/usbd_core.o
LOAD Middlewares/USB_Device_Library/usbd_ctlreq.o
LOAD Middlewares/USB_Device_Library/usbd_ioreq.o
LOAD Middlewares/USB_Device_Library/usbd_msc.o
LOAD Middlewares/USB_Device_Library/usbd_msc_bot.o
LOAD Middlewares/USB_Device_Library/usbd_msc_data.o
LOAD Middlewares/USB_Device_Library/usbd_msc_scsi.o
START GROUP
LOAD c:/st/stm32cubeide_1.5.1/stm32cubeide/plugins/com.st.stm32cube.ide.mcu.externaltools.gnu-tools-for-stm32.7-2018-q2-update.win32_1.5.0.202011040924/tools/bin/../lib/gcc/arm-none-eabi/7.3.1/../../../../arm-none-eabi/lib/thumb/v7e-m/fpv4-sp/hard\libc_nano.a
LOAD c:/st/stm32cubeide_1.5.1/stm32cubeide/plugins/com.st.stm32cube.ide.mcu.externaltools.gnu-tools-for-stm32.7-2018-q2-update.win32_1.5.0.202011040924/tools/bin/../lib/gcc/arm-none-eabi/7.3.1/../../../../arm-none-eabi/lib/thumb/v7e-m/fpv4-sp/hard\libm.a
END GROUP
START GROUP
LOAD c:/st/stm32cubeide_1.5.1/stm32cubeide/plugins/com.st.stm32cube.ide.mcu.externaltools.gnu-tools-for-stm32.7-2018-q2-update.win32_1.5.0.202011040924/tools/bin/../lib/gcc/arm-none-eabi/7.3.1/thumb/v7e-m/fpv4-sp/hard\libgcc.a
LOAD c:/st/stm32cubeide_1.5.1/stm32cubeide/plugins/com.st.stm32cube.ide.mcu.externaltools.gnu-tools-for-stm32.7-2018-q2-update.win32_1.5.0.202011040924/tools/bin/../lib/gcc/arm-none-eabi/7.3.1/../../../../arm-none-eabi/lib/thumb/v7e-m/fpv4-sp/hard\libc_nano.a
END GROUP
START GROUP
LOAD c:/st/stm32cubeide_1.5.1/stm32cubeide/plugins/com.st.stm32cube.ide.mcu.externaltools.gnu-tools-for-stm32.7-2018-q2-update.win32_1.5.0.202011040924/tools/bin/../lib/gcc/arm-none-eabi/7.3.1/thumb/v7e-m/fpv4-sp/hard\libgcc.a
LOAD c:/st/stm32cubeide_1.5.1/stm32cubeide/plugins/com.st.stm32cube.ide.mcu.externaltools.gnu-tools-for-stm32.7-2018-q2-update.win32_1.5.0.202011040924/tools/bin/../lib/gcc/arm-none-eabi/7.3.1/../../../../arm-none-eabi/lib/thumb/v7e-m/fpv4-sp/hard\libc_nano.a
LOAD c:/st/stm32cubeide_1.5.1/stm32cubeide/plugins/com.st.stm32cube.ide.mcu.externaltools.gnu-tools-for-stm32.7-2018-q2-update.win32_1.5.0.202011040924/tools/bin/../lib/gcc/arm-none-eabi/7.3.1/../../../../arm-none-eabi/lib/thumb/v7e-m/fpv4-sp/hard\libnosys.a
END GROUP
START GROUP
LOAD c:/st/stm32cubeide_1.5.1/stm32cubeide/plugins/com.st.stm32cube.ide.mcu.externaltools.gnu-tools-for-stm32.7-2018-q2-update.win32_1.5.0.202011040924/tools/bin/../lib/gcc/arm-none-eabi/7.3.1/thumb/v7e-m/fpv4-sp/hard\libgcc.a
LOAD c:/st/stm32cubeide_1.5.1/stm32cubeide/plugins/com.st.stm32cube.ide.mcu.externaltools.gnu-tools-for-stm32.7-2018-q2-update.win32_1.5.0.202011040924/tools/bin/../lib/gcc/arm-none-eabi/7.3.1/../../../../arm-none-eabi/lib/thumb/v7e-m/fpv4-sp/hard\libc_nano.a
LOAD c:/st/stm32cubeide_1.5.1/stm32cubeide/plugins/com.st.stm32cube.ide.mcu.externaltools.gnu-tools-for-stm32.7-2018-q2-update.win32_1.5.0.202011040924/tools/bin/../lib/gcc/arm-none-eabi/7.3.1/../../../../arm-none-eabi/lib/thumb/v7e-m/fpv4-sp/hard\libnosys.a
END GROUP
LOAD c:/st/stm32cubeide_1.5.1/stm32cubeide/plugins/com.st.stm32cube.ide.mcu.externaltools.gnu-tools-for-stm32.7-2018-q2-update.win32_1.5.0.202011040924/tools/bin/../lib/gcc/arm-none-eabi/7.3.1/thumb/v7e-m/fpv4-sp/hard/crtend.o
LOAD c:/st/stm32cubeide_1.5.1/stm32cubeide/plugins/com.st.stm32cube.ide.mcu.externaltools.gnu-tools-for-stm32.7-2018-q2-update.win32_1.5.0.202011040924/tools/bin/../lib/gcc/arm-none-eabi/7.3.1/thumb/v7e-m/fpv4-sp/hard/crtn.o
                0x0000000020030000                _estack = 0x20030000
                0x0000000000000400                _Min_Heap_Size = 0x400
                0x0000000000000200                _Min_Stack_Size = 0x200

.isr_vector     0x0000000008000000      0x1ac
                0x0000000008000000                . = ALIGN (0x4)
 *(.isr_vector)
 .isr_vector    0x0000000008000000      0x1ac Application/SW4STM32/startup_stm32f429xx.o
                0x0000000008000000                g_pfnVectors
                0x00000000080001ac                . = ALIGN (0x4)

.text           0x00000000080001b0    0x106b0
                0x00000000080001b0                . = ALIGN (0x4)
 *(.text)
 .text          0x00000000080001b0       0x40 c:/st/stm32cubeide_1.5.1/stm32cubeide/plugins/com.st.stm32cube.ide.mcu.externaltools.gnu-tools-for-stm32.7-2018-q2-update.win32_1.5.0.202011040924/tools/bin/../lib/gcc/arm-none-eabi/7.3.1/thumb/v7e-m/fpv4-sp/hard/crtbegin.o
 .text          0x00000000080001f0       0xa0 c:/st/stm32cubeide_1.5.1/stm32cubeide/plugins/com.st.stm32cube.ide.mcu.externaltools.gnu-tools-for-stm32.7-2018-q2-update.win32_1.5.0.202011040924/tools/bin/../lib/gcc/arm-none-eabi/7.3.1/../../../../arm-none-eabi/lib/thumb/v7e-m/fpv4-sp/hard\libc_nano.a(lib_a-memchr.o)
                0x00000000080001f0                memchr
 *(.text*)
 .text.Reset_Handler
                0x0000000008000290       0x50 Application/SW4STM32/startup_stm32f429xx.o
                0x0000000008000290                Reset_Handler
 .text.Default_Handler
                0x00000000080002e0        0x2 Application/SW4STM32/startup_stm32f429xx.o
                0x00000000080002e0                RTC_Alarm_IRQHandler
                0x00000000080002e0                HASH_RNG_IRQHandler
                0x00000000080002e0                EXTI2_IRQHandler
                0x00000000080002e0                TIM8_CC_IRQHandler
                0x00000000080002e0                DebugMon_Handler
                0x00000000080002e0                UART8_IRQHandler
                0x00000000080002e0                SPI4_IRQHandler
                0x00000000080002e0                TIM1_CC_IRQHandler
                0x00000000080002e0                DMA2_Stream5_IRQHandler
                0x00000000080002e0                HardFault_Handler
                0x00000000080002e0                DMA1_Stream5_IRQHandler
                0x00000000080002e0                PVD_IRQHandler
                0x00000000080002e0                TAMP_STAMP_IRQHandler
                0x00000000080002e0                PendSV_Handler
                0x00000000080002e0                NMI_Handler
                0x00000000080002e0                CAN2_RX1_IRQHandler
                0x00000000080002e0                EXTI3_IRQHandler
                0x00000000080002e0                TIM8_TRG_COM_TIM14_IRQHandler
                0x00000000080002e0                TIM1_UP_TIM10_IRQHandler
                0x00000000080002e0                TIM8_UP_TIM13_IRQHandler
                0x00000000080002e0                I2C3_ER_IRQHandler
                0x00000000080002e0                EXTI0_IRQHandler
                0x00000000080002e0                I2C2_EV_IRQHandler
                0x00000000080002e0                DMA1_Stream2_IRQHandler
                0x00000000080002e0                CAN1_RX0_IRQHandler
                0x00000000080002e0                FPU_IRQHandler
                0x00000000080002e0                OTG_HS_WKUP_IRQHandler
                0x00000000080002e0                UsageFault_Handler
                0x00000000080002e0                LTDC_ER_IRQHandler
                0x00000000080002e0                CAN2_SCE_IRQHandler
                0x00000000080002e0                DMA2_Stream2_IRQHandler
                0x00000000080002e0                SPI1_IRQHandler
                0x00000000080002e0                TIM6_DAC_IRQHandler
                0x00000000080002e0                TIM1_BRK_TIM9_IRQHandler
                0x00000000080002e0                DCMI_IRQHandler
                0x00000000080002e0                CAN2_RX0_IRQHandler
                0x00000000080002e0                USART6_IRQHandler
                0x00000000080002e0                USART3_IRQHandler
                0x00000000080002e0                CAN1_RX1_IRQHandler
                0x00000000080002e0                UART5_IRQHandler
                0x00000000080002e0                DMA2_Stream0_IRQHandler
                0x00000000080002e0                TIM4_IRQHandler
                0x00000000080002e0                I2C1_EV_IRQHandler
                0x00000000080002e0                DMA1_Stream6_IRQHandler
                0x00000000080002e0                DMA1_Stream1_IRQHandler
                0x00000000080002e0                UART4_IRQHandler
                0x00000000080002e0                TIM3_IRQHandler
                0x00000000080002e0                RCC_IRQHandler
                0x00000000080002e0                TIM8_BRK_TIM12_IRQHandler
                0x00000000080002e0                Default_Handler
                0x00000000080002e0                EXTI15_10_IRQHandler
                0x00000000080002e0                ADC_IRQHandler
                0x00000000080002e0                DMA1_Stream7_IRQHandler
                0x00000000080002e0                SPI5_IRQHandler
                0x00000000080002e0                TIM7_IRQHandler
                0x00000000080002e0                CAN2_TX_IRQHandler
                0x00000000080002e0                TIM5_IRQHandler
                0x00000000080002e0                DMA2_Stream7_IRQHandler
                0x00000000080002e0                I2C3_EV_IRQHandler
                0x00000000080002e0                EXTI9_5_IRQHandler
                0x00000000080002e0                RTC_WKUP_IRQHandler
                0x00000000080002e0                LTDC_IRQHandler
                0x00000000080002e0                ETH_WKUP_IRQHandler
                0x00000000080002e0                SPI2_IRQHandler
                0x00000000080002e0                OTG_HS_EP1_IN_IRQHandler
                0x00000000080002e0                MemManage_Handler
                0x00000000080002e0                DMA1_Stream0_IRQHandler
                0x00000000080002e0                CAN1_TX_IRQHandler
                0x00000000080002e0                SVC_Handler
                0x00000000080002e0                EXTI4_IRQHandler
                0x00000000080002e0                ETH_IRQHandler
                0x00000000080002e0                OTG_HS_EP1_OUT_IRQHandler
                0x00000000080002e0                WWDG_IRQHandler
                0x00000000080002e0                SPI6_IRQHandler
                0x00000000080002e0                TIM2_IRQHandler
                0x00000000080002e0                OTG_FS_WKUP_IRQHandler
                0x00000000080002e0                TIM1_TRG_COM_TIM11_IRQHandler
                0x00000000080002e0                DMA2D_IRQHandler
                0x00000000080002e0                EXTI1_IRQHandler
                0x00000000080002e0                UART7_IRQHandler
                0x00000000080002e0                USART2_IRQHandler
                0x00000000080002e0                I2C2_ER_IRQHandler
                0x00000000080002e0                DMA2_Stream1_IRQHandler
                0x00000000080002e0                CAN1_SCE_IRQHandler
                0x00000000080002e0                FLASH_IRQHandler
                0x00000000080002e0                DMA2_Stream4_IRQHandler
                0x00000000080002e0                BusFault_Handler
                0x00000000080002e0                USART1_IRQHandler
                0x00000000080002e0                OTG_FS_IRQHandler
                0x00000000080002e0                SPI3_IRQHandler
                0x00000000080002e0                DMA1_Stream4_IRQHandler
                0x00000000080002e0                I2C1_ER_IRQHandler
                0x00000000080002e0                FMC_IRQHandler
                0x00000000080002e0                SAI1_IRQHandler
                0x00000000080002e0                DMA1_Stream3_IRQHandler
 *fill*         0x00000000080002e2        0x2 
 .text.B5_rijndaelEncrypt
                0x00000000080002e4      0xfb8 Application/src/Common/aes256.o
 .text.B5_rijndaelKeySetupEnc.isra.0
                0x000000000800129c      0x2b0 Application/src/Common/aes256.o
 .text.gctr.part.1.constprop.9
                0x000000000800154c       0x48 Application/src/Common/aes256.o
 .text.gcm_gctr.part.2
                0x0000000008001594      0x350 Application/src/Common/aes256.o
 .text.gf_mult  0x00000000080018e4      0x2bc Application/src/Common/aes256.o
 .text.ghash    0x0000000008001ba0       0xc4 Application/src/Common/aes256.o
 .text.ghash.constprop.8
                0x0000000008001c64       0x40 Application/src/Common/aes256.o
 .text.B5_rijndaelDecrypt
                0x0000000008001ca4      0xfdc Application/src/Common/aes256.o
                0x0000000008001ca4                B5_rijndaelDecrypt
 .text.gcm_ae   0x0000000008002c80      0x140 Application/src/Common/aes256.o
                0x0000000008002c80                gcm_ae
 .text.gcm_ad   0x0000000008002dc0      0x158 Application/src/Common/aes256.o
                0x0000000008002dc0                gcm_ad
 .text.B5_Aes256_Init
                0x0000000008002f18      0x284 Application/src/Common/aes256.o
                0x0000000008002f18                B5_Aes256_Init
 .text.B5_Aes256_SetIV
                0x000000000800319c       0x44 Application/src/Common/aes256.o
                0x000000000800319c                B5_Aes256_SetIV
 .text.B5_Aes256_Update
                0x00000000080031e0      0xacc Application/src/Common/aes256.o
                0x00000000080031e0                B5_Aes256_Update
 .text.B5_Aes256_Finit
                0x0000000008003cac        0x4 Application/src/Common/aes256.o
                0x0000000008003cac                B5_Aes256_Finit
 .text.PBKDF2HmacSha256
                0x0000000008003cb0      0x10c Application/src/Common/pbkdf2.o
                0x0000000008003cb0                PBKDF2HmacSha256
 .text.se3_req_len_data
                0x0000000008003dbc       0x2c Application/src/Common/se3_common.o
                0x0000000008003dbc                se3_req_len_data
 .text.se3_resp_len_data_and_headers
                0x0000000008003de8       0x3c Application/src/Common/se3_common.o
                0x0000000008003de8                se3_resp_len_data_and_headers
 .text.B5_Sha256ProcessBlock
                0x0000000008003e24     0x2064 Application/src/Common/sha256.o
 .text.B5_Sha256_Init
                0x0000000008005e88       0x60 Application/src/Common/sha256.o
                0x0000000008005e88                B5_Sha256_Init
 .text.B5_Sha256_Update
                0x0000000008005ee8       0xac Application/src/Common/sha256.o
                0x0000000008005ee8                B5_Sha256_Update
 .text.B5_Sha256_Finit
                0x0000000008005f94      0x1b4 Application/src/Common/sha256.o
                0x0000000008005f94                B5_Sha256_Finit
 .text.B5_HmacSha256_Init
                0x0000000008006148      0x428 Application/src/Common/sha256.o
                0x0000000008006148                B5_HmacSha256_Init
 .text.B5_HmacSha256_Update
                0x0000000008006570       0x9c Application/src/Common/sha256.o
                0x0000000008006570                B5_HmacSha256_Update
 .text.B5_HmacSha256_Finit
                0x000000000800660c      0x308 Application/src/Common/sha256.o
                0x000000000800660c                B5_HmacSha256_Finit
 .text.se3_algo_Aes_init
                0x0000000008006914       0xa8 Application/src/Device/se3_algo_Aes.o
                0x0000000008006914                se3_algo_Aes_init
 .text.se3_algo_Aes_update
                0x00000000080069bc       0xb4 Application/src/Device/se3_algo_Aes.o
                0x00000000080069bc                se3_algo_Aes_update
 .text.se3_algo_AesHmacSha256s_init
                0x0000000008006a70       0xd8 Application/src/Device/se3_algo_AesHmacSha256s.o
                0x0000000008006a70                se3_algo_AesHmacSha256s_init
 .text.se3_algo_AesHmacSha256s_update
                0x0000000008006b48      0x204 Application/src/Device/se3_algo_AesHmacSha256s.o
                0x0000000008006b48                se3_algo_AesHmacSha256s_update
 .text.se3_algo_HmacSha256_init
                0x0000000008006d4c       0x24 Application/src/Device/se3_algo_HmacSha256.o
                0x0000000008006d4c                se3_algo_HmacSha256_init
 .text.se3_algo_HmacSha256_update
                0x0000000008006d70       0x38 Application/src/Device/se3_algo_HmacSha256.o
                0x0000000008006d70                se3_algo_HmacSha256_update
 .text.se3_algo_aes256hmacsha256_init
                0x0000000008006da8       0x8c Application/src/Device/se3_algo_aes256hmacsha256.o
                0x0000000008006da8                se3_algo_aes256hmacsha256_init
 .text.se3_algo_aes256hmacsha256_update
                0x0000000008006e34      0x11c Application/src/Device/se3_algo_aes256hmacsha256.o
                0x0000000008006e34                se3_algo_aes256hmacsha256_update
 .text.se3_algo_Sha256_init
                0x0000000008006f50       0x18 Application/src/Device/se3_algo_sha256.o
                0x0000000008006f50                se3_algo_Sha256_init
 .text.se3_algo_Sha256_update
                0x0000000008006f68       0x38 Application/src/Device/se3_algo_sha256.o
                0x0000000008006f68                se3_algo_Sha256_update
 .text.se3_communication_core_init
                0x0000000008006fa0       0x74 Application/src/Device/se3_communication_core.o
                0x0000000008006fa0                se3_communication_core_init
 .text.se3_proto_recv
                0x0000000008007014      0x49c Application/src/Device/se3_communication_core.o
                0x0000000008007014                se3_proto_recv
 .text.se3_proto_send
                0x00000000080074b0      0x360 Application/src/Device/se3_communication_core.o
                0x00000000080074b0                se3_proto_send
 .text.invalid_cmd_handler
                0x0000000008007810        0x8 Application/src/Device/se3_core.o
 .text.echo     0x0000000008007818       0x14 Application/src/Device/se3_core.o
                0x0000000008007818                echo
 .text.bootmode_reset
                0x000000000800782c       0x1c Application/src/Device/se3_core.o
                0x000000000800782c                bootmode_reset
 .text.factory_init
                0x0000000008007848       0x70 Application/src/Device/se3_core.o
                0x0000000008007848                factory_init
 .text.device_init
                0x00000000080078b8       0x18 Application/src/Device/se3_core.o
                0x00000000080078b8                device_init
 .text.device_loop
                0x00000000080078d0      0x34c Application/src/Device/se3_core.o
                0x00000000080078d0                device_loop
 .text.se3_time_init
                0x0000000008007c1c       0x1c Application/src/Device/se3_core_time.o
                0x0000000008007c1c                se3_time_init
 .text.se3_time_get
                0x0000000008007c38        0xc Application/src/Device/se3_core_time.o
                0x0000000008007c38                se3_time_get
 .text.se3_time_set
                0x0000000008007c44       0x18 Application/src/Device/se3_core_time.o
                0x0000000008007c44                se3_time_set
 .text.se3_time_inc
                0x0000000008007c5c       0x40 Application/src/Device/se3_core_time.o
                0x0000000008007c5c                se3_time_inc
 .text.get_now_initialized
                0x0000000008007c9c        0xc Application/src/Device/se3_core_time.o
                0x0000000008007c9c                get_now_initialized
 .text.error    0x0000000008007ca8        0x8 Application/src/Device/se3_dispatcher_core.o
                0x0000000008007ca8                error
 .text.key_edit
                0x0000000008007cb0       0xec Application/src/Device/se3_dispatcher_core.o
                0x0000000008007cb0                key_edit
 .text.key_list
                0x0000000008007d9c      0x108 Application/src/Device/se3_dispatcher_core.o
                0x0000000008007d9c                key_list
 .text.config   0x0000000008007ea4       0x74 Application/src/Device/se3_dispatcher_core.o
                0x0000000008007ea4                config
 .text.challenge
                0x0000000008007f18       0xcc Application/src/Device/se3_dispatcher_core.o
                0x0000000008007f18                challenge
 .text.login    0x0000000008007fe4       0x88 Application/src/Device/se3_dispatcher_core.o
                0x0000000008007fe4                login
 .text.logout   0x000000000800806c       0x8c Application/src/Device/se3_dispatcher_core.o
                0x000000000800806c                logout
 .text.dispatcher_call
                0x00000000080080f8      0x214 Application/src/Device/se3_dispatcher_core.o
                0x00000000080080f8                dispatcher_call
 .text.se3_dispatcher_init
                0x000000000800830c       0xc0 Application/src/Device/se3_dispatcher_core.o
                0x000000000800830c                se3_dispatcher_init
 .text.set_req_hdr
                0x00000000080083cc       0x24 Application/src/Device/se3_dispatcher_core.o
                0x00000000080083cc                set_req_hdr
 .text.se3_flash_init
                0x00000000080083f0      0x220 Application/src/Device/se3_flash.o
                0x00000000080083f0                se3_flash_init
 .text.se3_flash_it_write
                0x0000000008008610       0x54 Application/src/Device/se3_flash.o
                0x0000000008008610                se3_flash_it_write
 .text.se3_flash_it_init
                0x0000000008008664        0x8 Application/src/Device/se3_flash.o
                0x0000000008008664                se3_flash_it_init
 .text.se3_flash_it_next
                0x000000000800866c       0xac Application/src/Device/se3_flash.o
                0x000000000800866c                se3_flash_it_next
 .text.se3_flash_it_new
                0x0000000008008718      0x3ac Application/src/Device/se3_flash.o
                0x0000000008008718                se3_flash_it_new
 .text.se3_flash_it_delete
                0x0000000008008ac4       0x60 Application/src/Device/se3_flash.o
                0x0000000008008ac4                se3_flash_it_delete
 .text.se3_flash_bootmode_reset
                0x0000000008008b24       0x44 Application/src/Device/se3_flash.o
                0x0000000008008b24                se3_flash_bootmode_reset
 .text.se3_key_find
                0x0000000008008b68       0x24 Application/src/Device/se3_keys.o
                0x0000000008008b68                se3_key_find
 .text.se3_key_new
                0x0000000008008b8c       0x90 Application/src/Device/se3_keys.o
                0x0000000008008b8c                se3_key_new
 .text.se3_key_read
                0x0000000008008c1c       0x44 Application/src/Device/se3_keys.o
                0x0000000008008c1c                se3_key_read
 .text.se3_key_equal
                0x0000000008008c60       0x58 Application/src/Device/se3_keys.o
                0x0000000008008c60                se3_key_equal
 .text.se3_key_fingerprint
                0x0000000008008cb8       0x20 Application/src/Device/se3_keys.o
                0x0000000008008cb8                se3_key_fingerprint
 .text.se3_mem_reset
                0x0000000008008cd8       0x34 Application/src/Device/se3_memory.o
                0x0000000008008cd8                se3_mem_reset
 .text.se3_mem_init
                0x0000000008008d0c       0x3c Application/src/Device/se3_memory.o
                0x0000000008008d0c                se3_mem_init
 .text.se3_mem_alloc
                0x0000000008008d48      0x18c Application/src/Device/se3_memory.o
                0x0000000008008d48                se3_mem_alloc
 .text.se3_mem_ptr
                0x0000000008008ed4       0x1c Application/src/Device/se3_memory.o
                0x0000000008008ed4                se3_mem_ptr
 .text.se3_mem_free
                0x0000000008008ef0       0x30 Application/src/Device/se3_memory.o
                0x0000000008008ef0                se3_mem_free
 .text.se3_security_core_init
                0x0000000008008f20       0x24 Application/src/Device/se3_security_core.o
                0x0000000008008f20                se3_security_core_init
 .text.record_set
                0x0000000008008f44       0x84 Application/src/Device/se3_security_core.o
                0x0000000008008f44                record_set
 .text.record_get
                0x0000000008008fc8       0x58 Application/src/Device/se3_security_core.o
                0x0000000008008fc8                record_get
 .text.crypto_init
                0x0000000008009020      0x104 Application/src/Device/se3_security_core.o
                0x0000000008009020                crypto_init
 .text.crypto_update
                0x0000000008009124       0xfc Application/src/Device/se3_security_core.o
                0x0000000008009124                crypto_update
 .text.crypto_set_time
                0x0000000008009220       0x18 Application/src/Device/se3_security_core.o
                0x0000000008009220                crypto_set_time
 .text.crypto_list
                0x0000000008009238       0x68 Application/src/Device/se3_security_core.o
                0x0000000008009238                crypto_list
 .text.se3_payload_cryptoinit
                0x00000000080092a0       0x64 Application/src/Device/se3_security_core.o
                0x00000000080092a0                se3_payload_cryptoinit
 .text.se3_payload_encrypt
                0x0000000008009304       0xb0 Application/src/Device/se3_security_core.o
                0x0000000008009304                se3_payload_encrypt
 .text.se3_payload_decrypt
                0x00000000080093b4       0xa0 Application/src/Device/se3_security_core.o
                0x00000000080093b4                se3_payload_decrypt
 .text.sekey_get_implementation_info
                0x0000000008009454        0xc Application/src/Device/se3_sekey.o
                0x0000000008009454                sekey_get_implementation_info
 .text.sekey_get_auth
                0x0000000008009460        0x4 Application/src/Device/se3_sekey.o
                0x0000000008009460                sekey_get_auth
 .text.MX_ADC1_Init
                0x0000000008009464       0x48 Application/src/adc.o
                0x0000000008009464                MX_ADC1_Init
 .text.HAL_ADC_MspInit
                0x00000000080094ac       0x48 Application/src/adc.o
                0x00000000080094ac                HAL_ADC_MspInit
 .text.MX_CRC_Init
                0x00000000080094f4       0x14 Application/src/crc.o
                0x00000000080094f4                MX_CRC_Init
 .text.HAL_CRC_MspInit
                0x0000000008009508       0x34 Application/src/crc.o
                0x0000000008009508                HAL_CRC_MspInit
 .text.MX_DMA_Init
                0x000000000800953c       0x48 Application/src/dma.o
                0x000000000800953c                MX_DMA_Init
 .text.MX_FMC_Init
                0x0000000008009584       0xb4 Application/src/fmc.o
                0x0000000008009584                MX_FMC_Init
 .text.HAL_NOR_MspInit
                0x0000000008009638       0x9c Application/src/fmc.o
                0x0000000008009638                HAL_NOR_MspInit
 .text.MX_GPIO_Init
                0x00000000080096d4      0x17c Application/src/gpio.o
                0x00000000080096d4                MX_GPIO_Init
 .text.MX_I2C2_Init
                0x0000000008009850       0x38 Application/src/i2c.o
                0x0000000008009850                MX_I2C2_Init
 .text.HAL_I2C_MspInit
                0x0000000008009888       0x54 Application/src/i2c.o
                0x0000000008009888                HAL_I2C_MspInit
 .text.SystemClock_Config
                0x00000000080098dc       0xb4 Application/src/main.o
                0x00000000080098dc                SystemClock_Config
 .text.startup.main
                0x0000000008009990       0x4c Application/src/main.o
                0x0000000008009990                main
 .text.MX_RNG_Init
                0x00000000080099dc       0x14 Application/src/rng.o
                0x00000000080099dc                MX_RNG_Init
 .text.HAL_RNG_MspInit
                0x00000000080099f0       0x30 Application/src/rng.o
                0x00000000080099f0                HAL_RNG_MspInit
 .text.MX_SDIO_SD_Init
                0x0000000008009a20       0x38 Application/src/sdio.o
                0x0000000008009a20                MX_SDIO_SD_Init
 .text.HAL_SD_MspInit
                0x0000000008009a58      0x130 Application/src/sdio.o
                0x0000000008009a58                HAL_SD_MspInit
 .text.se3_rand
                0x0000000008009b88       0x78 Application/src/se3_rand.o
                0x0000000008009b88                se3_rand
 .text.secube_sdio_write
                0x0000000008009c00       0x3c Application/src/se3_sdio.o
                0x0000000008009c00                secube_sdio_write
 .text.secube_sdio_read
                0x0000000008009c3c       0x3c Application/src/se3_sdio.o
                0x0000000008009c3c                secube_sdio_read
 .text.secube_sdio_capacity
                0x0000000008009c78       0x38 Application/src/se3_sdio.o
                0x0000000008009c78                secube_sdio_capacity
 .text.secube_sdio_isready
                0x0000000008009cb0       0x14 Application/src/se3_sdio.o
                0x0000000008009cb0                secube_sdio_isready
 .text.MX_SPI5_Init
                0x0000000008009cc4       0x38 Application/src/spi.o
                0x0000000008009cc4                MX_SPI5_Init
 .text.HAL_SPI_MspInit
                0x0000000008009cfc       0x60 Application/src/spi.o
                0x0000000008009cfc                HAL_SPI_MspInit
 .text.HAL_MspInit
                0x0000000008009d5c       0x18 Application/src/stm32f4xx_hal_msp.o
                0x0000000008009d5c                HAL_MspInit
 .text.SysTick_Handler
                0x0000000008009d74       0x14 Application/src/stm32f4xx_it.o
                0x0000000008009d74                SysTick_Handler
 .text.SDIO_IRQHandler
                0x0000000008009d88        0xc Application/src/stm32f4xx_it.o
                0x0000000008009d88                SDIO_IRQHandler
 .text.DMA2_Stream3_IRQHandler
                0x0000000008009d94        0xc Application/src/stm32f4xx_it.o
                0x0000000008009d94                DMA2_Stream3_IRQHandler
 .text.DMA2_Stream6_IRQHandler
                0x0000000008009da0        0xc Application/src/stm32f4xx_it.o
                0x0000000008009da0                DMA2_Stream6_IRQHandler
 .text.OTG_HS_IRQHandler
                0x0000000008009dac        0xc Application/src/stm32f4xx_it.o
                0x0000000008009dac                OTG_HS_IRQHandler
 .text.MX_TIM4_Init
                0x0000000008009db8       0x6c Application/src/tim.o
                0x0000000008009db8                MX_TIM4_Init
 .text.HAL_TIM_PWM_MspInit
                0x0000000008009e24       0x30 Application/src/tim.o
                0x0000000008009e24                HAL_TIM_PWM_MspInit
 .text.MX_USART1_UART_Init
                0x0000000008009e54       0x34 Application/src/usart.o
                0x0000000008009e54                MX_USART1_UART_Init
 .text.MX_USART6_SMARTCARD_Init
                0x0000000008009e88       0x44 Application/src/usart.o
                0x0000000008009e88                MX_USART6_SMARTCARD_Init
 .text.HAL_UART_MspInit
                0x0000000008009ecc       0x88 Application/src/usart.o
                0x0000000008009ecc                HAL_UART_MspInit
 .text.HAL_SMARTCARD_MspInit
                0x0000000008009f54       0x6c Application/src/usart.o
                0x0000000008009f54                HAL_SMARTCARD_MspInit
 .text.MX_USB_DEVICE_Init
                0x0000000008009fc0       0x38 Application/src/usb_device.o
                0x0000000008009fc0                MX_USB_DEVICE_Init
 .text.HAL_PCD_MspInit
                0x0000000008009ff8       0xc0 Application/src/usbd_conf.o
                0x0000000008009ff8                HAL_PCD_MspInit
 .text.HAL_PCD_SetupStageCallback
                0x000000000800a0b8        0xc Application/src/usbd_conf.o
                0x000000000800a0b8                HAL_PCD_SetupStageCallback
 .text.HAL_PCD_DataOutStageCallback
                0x000000000800a0c4       0x14 Application/src/usbd_conf.o
                0x000000000800a0c4                HAL_PCD_DataOutStageCallback
 .text.HAL_PCD_DataInStageCallback
                0x000000000800a0d8       0x14 Application/src/usbd_conf.o
                0x000000000800a0d8                HAL_PCD_DataInStageCallback
 .text.HAL_PCD_SOFCallback
                0x000000000800a0ec        0x8 Application/src/usbd_conf.o
                0x000000000800a0ec                HAL_PCD_SOFCallback
 .text.HAL_PCD_ResetCallback
                0x000000000800a0f4       0x20 Application/src/usbd_conf.o
                0x000000000800a0f4                HAL_PCD_ResetCallback
 .text.HAL_PCD_SuspendCallback
                0x000000000800a114       0x30 Application/src/usbd_conf.o
                0x000000000800a114                HAL_PCD_SuspendCallback
 .text.HAL_PCD_ResumeCallback
                0x000000000800a144        0x8 Application/src/usbd_conf.o
                0x000000000800a144                HAL_PCD_ResumeCallback
 .text.HAL_PCD_ISOOUTIncompleteCallback
                0x000000000800a14c        0x8 Application/src/usbd_conf.o
                0x000000000800a14c                HAL_PCD_ISOOUTIncompleteCallback
 .text.HAL_PCD_ISOINIncompleteCallback
                0x000000000800a154        0x8 Application/src/usbd_conf.o
                0x000000000800a154                HAL_PCD_ISOINIncompleteCallback
 .text.HAL_PCD_ConnectCallback
                0x000000000800a15c        0x8 Application/src/usbd_conf.o
                0x000000000800a15c                HAL_PCD_ConnectCallback
 .text.HAL_PCD_DisconnectCallback
                0x000000000800a164        0x8 Application/src/usbd_conf.o
                0x000000000800a164                HAL_PCD_DisconnectCallback
 .text.USBD_LL_Init
                0x000000000800a16c       0x68 Application/src/usbd_conf.o
                0x000000000800a16c                USBD_LL_Init
 .text.USBD_LL_Start
                0x000000000800a1d4       0x10 Application/src/usbd_conf.o
                0x000000000800a1d4                USBD_LL_Start
 .text.USBD_LL_OpenEP
                0x000000000800a1e4       0x14 Application/src/usbd_conf.o
                0x000000000800a1e4                USBD_LL_OpenEP
 .text.USBD_LL_CloseEP
                0x000000000800a1f8       0x10 Application/src/usbd_conf.o
                0x000000000800a1f8                USBD_LL_CloseEP
 .text.USBD_LL_FlushEP
                0x000000000800a208       0x10 Application/src/usbd_conf.o
                0x000000000800a208                USBD_LL_FlushEP
 .text.USBD_LL_StallEP
                0x000000000800a218       0x10 Application/src/usbd_conf.o
                0x000000000800a218                USBD_LL_StallEP
 .text.USBD_LL_ClearStallEP
                0x000000000800a228       0x10 Application/src/usbd_conf.o
                0x000000000800a228                USBD_LL_ClearStallEP
 .text.USBD_LL_IsStallEP
                0x000000000800a238       0x28 Application/src/usbd_conf.o
                0x000000000800a238                USBD_LL_IsStallEP
 .text.USBD_LL_SetUSBAddress
                0x000000000800a260       0x10 Application/src/usbd_conf.o
                0x000000000800a260                USBD_LL_SetUSBAddress
 .text.USBD_LL_Transmit
                0x000000000800a270       0x10 Application/src/usbd_conf.o
                0x000000000800a270                USBD_LL_Transmit
 .text.USBD_LL_PrepareReceive
                0x000000000800a280       0x10 Application/src/usbd_conf.o
                0x000000000800a280                USBD_LL_PrepareReceive
 .text.USBD_LL_GetRxDataSize
                0x000000000800a290        0xc Application/src/usbd_conf.o
                0x000000000800a290                USBD_LL_GetRxDataSize
 .text.USBD_HS_DeviceDescriptor
                0x000000000800a29c        0xc Application/src/usbd_desc.o
                0x000000000800a29c                USBD_HS_DeviceDescriptor
 .text.USBD_HS_LangIDStrDescriptor
                0x000000000800a2a8        0xc Application/src/usbd_desc.o
                0x000000000800a2a8                USBD_HS_LangIDStrDescriptor
 .text.USBD_HS_ManufacturerStrDescriptor
                0x000000000800a2b4       0x1c Application/src/usbd_desc.o
                0x000000000800a2b4                USBD_HS_ManufacturerStrDescriptor
 .text.USBD_HS_ProductStrDescriptor
                0x000000000800a2d0       0x1c Application/src/usbd_desc.o
                0x000000000800a2d0                USBD_HS_ProductStrDescriptor
 .text.USBD_HS_SerialStrDescriptor
                0x000000000800a2ec       0x1c Application/src/usbd_desc.o
                0x000000000800a2ec                USBD_HS_SerialStrDescriptor
 .text.USBD_HS_ConfigStrDescriptor
                0x000000000800a308       0x1c Application/src/usbd_desc.o
                0x000000000800a308                USBD_HS_ConfigStrDescriptor
 .text.USBD_HS_InterfaceStrDescriptor
                0x000000000800a324       0x1c Application/src/usbd_desc.o
                0x000000000800a324                USBD_HS_InterfaceStrDescriptor
 .text.STORAGE_Init_HS
                0x000000000800a340        0x4 Application/src/usbd_storage_if.o
 .text.STORAGE_GetMaxLun_HS
                0x000000000800a344        0x4 Application/src/usbd_storage_if.o
 .text.STORAGE_Write_HS
                0x000000000800a348       0x10 Application/src/usbd_storage_if.o
 .text.STORAGE_Read_HS
                0x000000000800a358       0x18 Application/src/usbd_storage_if.o
 .text.STORAGE_IsReady_HS
                0x000000000800a370       0x10 Application/src/usbd_storage_if.o
 .text.STORAGE_GetCapacity_HS
                0x000000000800a380       0x14 Application/src/usbd_storage_if.o
 .text.STORAGE_IsWriteProtected_HS
                0x000000000800a394        0x4 Application/src/usbd_storage_if.o
 .text.SystemInit
                0x000000000800a398       0x50 Drivers/CMSIS/system_stm32f4xx.o
                0x000000000800a398                SystemInit
 .text.HAL_InitTick
                0x000000000800a3e8       0x28 Drivers/STM32F4xx_HAL_Driver/stm32f4xx_hal.o
                0x000000000800a3e8                HAL_InitTick
 .text.HAL_Init
                0x000000000800a410       0x34 Drivers/STM32F4xx_HAL_Driver/stm32f4xx_hal.o
                0x000000000800a410                HAL_Init
 .text.HAL_IncTick
                0x000000000800a444       0x10 Drivers/STM32F4xx_HAL_Driver/stm32f4xx_hal.o
                0x000000000800a444                HAL_IncTick
 .text.HAL_GetTick
                0x000000000800a454        0xc Drivers/STM32F4xx_HAL_Driver/stm32f4xx_hal.o
                0x000000000800a454                HAL_GetTick
 .text.HAL_Delay
                0x000000000800a460       0x1c Drivers/STM32F4xx_HAL_Driver/stm32f4xx_hal.o
                0x000000000800a460                HAL_Delay
 .text.HAL_ADC_Init
                0x000000000800a47c      0x168 Drivers/STM32F4xx_HAL_Driver/stm32f4xx_hal_adc.o
                0x000000000800a47c                HAL_ADC_Init
 .text.HAL_ADC_ConfigChannel
                0x000000000800a5e4      0x158 Drivers/STM32F4xx_HAL_Driver/stm32f4xx_hal_adc.o
                0x000000000800a5e4                HAL_ADC_ConfigChannel
 .text.HAL_NVIC_SetPriorityGrouping
                0x000000000800a73c       0x24 Drivers/STM32F4xx_HAL_Driver/stm32f4xx_hal_cortex.o
                0x000000000800a73c                HAL_NVIC_SetPriorityGrouping
 .text.HAL_NVIC_SetPriority
                0x000000000800a760       0x6c Drivers/STM32F4xx_HAL_Driver/stm32f4xx_hal_cortex.o
                0x000000000800a760                HAL_NVIC_SetPriority
 .text.HAL_NVIC_EnableIRQ
                0x000000000800a7cc       0x18 Drivers/STM32F4xx_HAL_Driver/stm32f4xx_hal_cortex.o
                0x000000000800a7cc                HAL_NVIC_EnableIRQ
 .text.HAL_SYSTICK_Config
                0x000000000800a7e4       0x34 Drivers/STM32F4xx_HAL_Driver/stm32f4xx_hal_cortex.o
                0x000000000800a7e4                HAL_SYSTICK_Config
 .text.HAL_SYSTICK_CLKSourceConfig
                0x000000000800a818       0x18 Drivers/STM32F4xx_HAL_Driver/stm32f4xx_hal_cortex.o
                0x000000000800a818                HAL_SYSTICK_CLKSourceConfig
 .text.HAL_SYSTICK_Callback
                0x000000000800a830        0x4 Drivers/STM32F4xx_HAL_Driver/stm32f4xx_hal_cortex.o
                0x000000000800a830                HAL_SYSTICK_Callback
 .text.HAL_SYSTICK_IRQHandler
                0x000000000800a834        0x8 Drivers/STM32F4xx_HAL_Driver/stm32f4xx_hal_cortex.o
                0x000000000800a834                HAL_SYSTICK_IRQHandler
 .text.HAL_CRC_Init
                0x000000000800a83c       0x28 Drivers/STM32F4xx_HAL_Driver/stm32f4xx_hal_crc.o
                0x000000000800a83c                HAL_CRC_Init
 .text.HAL_DMA_Init
                0x000000000800a864       0xa8 Drivers/STM32F4xx_HAL_Driver/stm32f4xx_hal_dma.o
                0x000000000800a864                HAL_DMA_Init
 .text.HAL_DMA_Start_IT
                0x000000000800a90c       0x5c Drivers/STM32F4xx_HAL_Driver/stm32f4xx_hal_dma.o
                0x000000000800a90c                HAL_DMA_Start_IT
 .text.HAL_DMA_Abort
                0x000000000800a968       0x50 Drivers/STM32F4xx_HAL_Driver/stm32f4xx_hal_dma.o
                0x000000000800a968                HAL_DMA_Abort
 .text.HAL_DMA_IRQHandler
                0x000000000800a9b8      0x180 Drivers/STM32F4xx_HAL_Driver/stm32f4xx_hal_dma.o
                0x000000000800a9b8                HAL_DMA_IRQHandler
 .text.FLASH_SetErrorCode
                0x000000000800ab38       0x90 Drivers/STM32F4xx_HAL_Driver/stm32f4xx_hal_flash.o
 .text.HAL_FLASH_Program
                0x000000000800abc8      0x134 Drivers/STM32F4xx_HAL_Driver/stm32f4xx_hal_flash.o
                0x000000000800abc8                HAL_FLASH_Program
 .text.HAL_FLASH_Unlock
                0x000000000800acfc       0x24 Drivers/STM32F4xx_HAL_Driver/stm32f4xx_hal_flash.o
                0x000000000800acfc                HAL_FLASH_Unlock
 .text.HAL_FLASH_Lock
                0x000000000800ad20       0x14 Drivers/STM32F4xx_HAL_Driver/stm32f4xx_hal_flash.o
                0x000000000800ad20                HAL_FLASH_Lock
 .text.FLASH_WaitForLastOperation
                0x000000000800ad34       0x64 Drivers/STM32F4xx_HAL_Driver/stm32f4xx_hal_flash.o
                0x000000000800ad34                FLASH_WaitForLastOperation
 .text.HAL_FLASHEx_Erase
                0x000000000800ad98      0x198 Drivers/STM32F4xx_HAL_Driver/stm32f4xx_hal_flash_ex.o
                0x000000000800ad98                HAL_FLASHEx_Erase
 .text.HAL_GPIO_Init
                0x000000000800af30      0x27c Drivers/STM32F4xx_HAL_Driver/stm32f4xx_hal_gpio.o
                0x000000000800af30                HAL_GPIO_Init
 .text.HAL_GPIO_WritePin
                0x000000000800b1ac        0x8 Drivers/STM32F4xx_HAL_Driver/stm32f4xx_hal_gpio.o
                0x000000000800b1ac                HAL_GPIO_WritePin
 .text.HAL_I2C_Init
                0x000000000800b1b4       0xec Drivers/STM32F4xx_HAL_Driver/stm32f4xx_hal_i2c.o
                0x000000000800b1b4                HAL_I2C_Init
 .text.HAL_NOR_Init
                0x000000000800b2a0       0x5c Drivers/STM32F4xx_HAL_Driver/stm32f4xx_hal_nor.o
                0x000000000800b2a0                HAL_NOR_Init
 .text.HAL_PCD_Init
                0x000000000800b2fc      0x3a0 Drivers/STM32F4xx_HAL_Driver/stm32f4xx_hal_pcd.o
                0x000000000800b2fc                HAL_PCD_Init
 .text.HAL_PCD_Start
                0x000000000800b69c       0x2c Drivers/STM32F4xx_HAL_Driver/stm32f4xx_hal_pcd.o
                0x000000000800b69c                HAL_PCD_Start
 .text.HAL_PCD_IRQHandler
                0x000000000800b6c8      0x534 Drivers/STM32F4xx_HAL_Driver/stm32f4xx_hal_pcd.o
                0x000000000800b6c8                HAL_PCD_IRQHandler
 .text.HAL_PCD_SetAddress
                0x000000000800bbfc       0x24 Drivers/STM32F4xx_HAL_Driver/stm32f4xx_hal_pcd.o
                0x000000000800bbfc                HAL_PCD_SetAddress
 .text.HAL_PCD_EP_Open
                0x000000000800bc20       0x7c Drivers/STM32F4xx_HAL_Driver/stm32f4xx_hal_pcd.o
                0x000000000800bc20                HAL_PCD_EP_Open
 .text.HAL_PCD_EP_Close
                0x000000000800bc9c       0x54 Drivers/STM32F4xx_HAL_Driver/stm32f4xx_hal_pcd.o
                0x000000000800bc9c                HAL_PCD_EP_Close
 .text.HAL_PCD_EP_Receive
                0x000000000800bcf0       0x64 Drivers/STM32F4xx_HAL_Driver/stm32f4xx_hal_pcd.o
                0x000000000800bcf0                HAL_PCD_EP_Receive
 .text.HAL_PCD_EP_GetRxCount
                0x000000000800bd54       0x14 Drivers/STM32F4xx_HAL_Driver/stm32f4xx_hal_pcd.o
                0x000000000800bd54                HAL_PCD_EP_GetRxCount
 .text.HAL_PCD_EP_Transmit
                0x000000000800bd68       0x60 Drivers/STM32F4xx_HAL_Driver/stm32f4xx_hal_pcd.o
                0x000000000800bd68                HAL_PCD_EP_Transmit
 .text.HAL_PCD_EP_SetStall
                0x000000000800bdc8       0x60 Drivers/STM32F4xx_HAL_Driver/stm32f4xx_hal_pcd.o
                0x000000000800bdc8                HAL_PCD_EP_SetStall
 .text.HAL_PCD_EP_ClrStall
                0x000000000800be28       0x4c Drivers/STM32F4xx_HAL_Driver/stm32f4xx_hal_pcd.o
                0x000000000800be28                HAL_PCD_EP_ClrStall
 .text.HAL_PCD_EP_Flush
                0x000000000800be74       0x38 Drivers/STM32F4xx_HAL_Driver/stm32f4xx_hal_pcd.o
                0x000000000800be74                HAL_PCD_EP_Flush
 .text.HAL_PCDEx_SetTxFiFo
                0x000000000800beac       0x48 Drivers/STM32F4xx_HAL_Driver/stm32f4xx_hal_pcd_ex.o
                0x000000000800beac                HAL_PCDEx_SetTxFiFo
 .text.HAL_PCDEx_SetRxFiFo
                0x000000000800bef4        0x8 Drivers/STM32F4xx_HAL_Driver/stm32f4xx_hal_pcd_ex.o
                0x000000000800bef4                HAL_PCDEx_SetRxFiFo
 .text.HAL_RCC_OscConfig
                0x000000000800befc      0x300 Drivers/STM32F4xx_HAL_Driver/stm32f4xx_hal_rcc.o
                0x000000000800befc                HAL_RCC_OscConfig
 .text.HAL_RCC_ClockConfig
                0x000000000800c1fc      0x144 Drivers/STM32F4xx_HAL_Driver/stm32f4xx_hal_rcc.o
                0x000000000800c1fc                HAL_RCC_ClockConfig
 .text.HAL_RCC_MCOConfig
                0x000000000800c340       0x9c Drivers/STM32F4xx_HAL_Driver/stm32f4xx_hal_rcc.o
                0x000000000800c340                HAL_RCC_MCOConfig
 .text.HAL_RCC_GetSysClockFreq
                0x000000000800c3dc       0x5c Drivers/STM32F4xx_HAL_Driver/stm32f4xx_hal_rcc.o
                0x000000000800c3dc                HAL_RCC_GetSysClockFreq
 .text.HAL_RCC_GetHCLKFreq
                0x000000000800c438       0x34 Drivers/STM32F4xx_HAL_Driver/stm32f4xx_hal_rcc.o
                0x000000000800c438                HAL_RCC_GetHCLKFreq
 .text.HAL_RCC_GetPCLK1Freq
                0x000000000800c46c       0x4c Drivers/STM32F4xx_HAL_Driver/stm32f4xx_hal_rcc.o
                0x000000000800c46c                HAL_RCC_GetPCLK1Freq
 .text.HAL_RCC_GetPCLK2Freq
                0x000000000800c4b8       0x4c Drivers/STM32F4xx_HAL_Driver/stm32f4xx_hal_rcc.o
                0x000000000800c4b8                HAL_RCC_GetPCLK2Freq
 .text.HAL_RNG_Init
                0x000000000800c504       0x44 Drivers/STM32F4xx_HAL_Driver/stm32f4xx_hal_rng.o
                0x000000000800c504                HAL_RNG_Init
 .text.HAL_RNG_GenerateRandomNumber
                0x000000000800c548       0x58 Drivers/STM32F4xx_HAL_Driver/stm32f4xx_hal_rng.o
                0x000000000800c548                HAL_RNG_GenerateRandomNumber
 .text.SD_CmdResp1Error.part.0
                0x000000000800c5a0       0xbc Drivers/STM32F4xx_HAL_Driver/stm32f4xx_hal_sd.o
 .text.SD_FindSCR
                0x000000000800c65c      0x17c Drivers/STM32F4xx_HAL_Driver/stm32f4xx_hal_sd.o
 .text.HAL_SD_ReadBlocks_DMA
                0x000000000800c7d8      0x1a0 Drivers/STM32F4xx_HAL_Driver/stm32f4xx_hal_sd.o
                0x000000000800c7d8                HAL_SD_ReadBlocks_DMA
 .text.HAL_SD_WriteBlocks_DMA
                0x000000000800c978      0x17c Drivers/STM32F4xx_HAL_Driver/stm32f4xx_hal_sd.o
                0x000000000800c978                HAL_SD_WriteBlocks_DMA
 .text.HAL_SD_CheckReadOperation
                0x000000000800caf4       0xf8 Drivers/STM32F4xx_HAL_Driver/stm32f4xx_hal_sd.o
                0x000000000800caf4                HAL_SD_CheckReadOperation
 .text.HAL_SD_CheckWriteOperation
                0x000000000800cbec      0x180 Drivers/STM32F4xx_HAL_Driver/stm32f4xx_hal_sd.o
                0x000000000800cbec                HAL_SD_CheckWriteOperation
 .text.HAL_SD_XferCpltCallback
                0x000000000800cd6c        0x4 Drivers/STM32F4xx_HAL_Driver/stm32f4xx_hal_sd.o
                0x000000000800cd6c                HAL_SD_XferCpltCallback
 .text.HAL_SD_XferErrorCallback
                0x000000000800cd70        0x4 Drivers/STM32F4xx_HAL_Driver/stm32f4xx_hal_sd.o
                0x000000000800cd70                HAL_SD_XferErrorCallback
 .text.HAL_SD_IRQHandler
                0x000000000800cd74       0x9c Drivers/STM32F4xx_HAL_Driver/stm32f4xx_hal_sd.o
                0x000000000800cd74                HAL_SD_IRQHandler
 .text.HAL_SD_DMA_RxCpltCallback
                0x000000000800ce10        0x4 Drivers/STM32F4xx_HAL_Driver/stm32f4xx_hal_sd.o
                0x000000000800ce10                HAL_SD_DMA_RxCpltCallback
 .text.SD_DMA_RxCplt
                0x000000000800ce14       0x1c Drivers/STM32F4xx_HAL_Driver/stm32f4xx_hal_sd.o
 .text.HAL_SD_DMA_RxErrorCallback
                0x000000000800ce30        0x4 Drivers/STM32F4xx_HAL_Driver/stm32f4xx_hal_sd.o
                0x000000000800ce30                HAL_SD_DMA_RxErrorCallback
 .text.SD_DMA_RxError
                0x000000000800ce34        0xc Drivers/STM32F4xx_HAL_Driver/stm32f4xx_hal_sd.o
 .text.HAL_SD_DMA_TxCpltCallback
                0x000000000800ce40        0x4 Drivers/STM32F4xx_HAL_Driver/stm32f4xx_hal_sd.o
                0x000000000800ce40                HAL_SD_DMA_TxCpltCallback
 .text.SD_DMA_TxCplt
                0x000000000800ce44       0x1c Drivers/STM32F4xx_HAL_Driver/stm32f4xx_hal_sd.o
 .text.HAL_SD_DMA_TxErrorCallback
                0x000000000800ce60        0x4 Drivers/STM32F4xx_HAL_Driver/stm32f4xx_hal_sd.o
                0x000000000800ce60                HAL_SD_DMA_TxErrorCallback
 .text.SD_DMA_TxError
                0x000000000800ce64        0xc Drivers/STM32F4xx_HAL_Driver/stm32f4xx_hal_sd.o
 .text.HAL_SD_Get_CardInfo
                0x000000000800ce70      0x27c Drivers/STM32F4xx_HAL_Driver/stm32f4xx_hal_sd.o
                0x000000000800ce70                HAL_SD_Get_CardInfo
 .text.HAL_SD_Init
                0x000000000800d0ec      0x4dc Drivers/STM32F4xx_HAL_Driver/stm32f4xx_hal_sd.o
                0x000000000800d0ec                HAL_SD_Init
 .text.HAL_SD_WideBusOperation_Config
                0x000000000800d5c8      0x1b4 Drivers/STM32F4xx_HAL_Driver/stm32f4xx_hal_sd.o
                0x000000000800d5c8                HAL_SD_WideBusOperation_Config
 .text.HAL_SD_GetStatus
                0x000000000800d77c       0x78 Drivers/STM32F4xx_HAL_Driver/stm32f4xx_hal_sd.o
                0x000000000800d77c                HAL_SD_GetStatus
 .text.HAL_SMARTCARD_Init
                0x000000000800d7f4      0x224 Drivers/STM32F4xx_HAL_Driver/stm32f4xx_hal_smartcard.o
                0x000000000800d7f4                HAL_SMARTCARD_Init
 .text.HAL_SPI_Init
                0x000000000800da18       0x8c Drivers/STM32F4xx_HAL_Driver/stm32f4xx_hal_spi.o
                0x000000000800da18                HAL_SPI_Init
 .text.HAL_TIM_PWM_Init
                0x000000000800daa4       0xf4 Drivers/STM32F4xx_HAL_Driver/stm32f4xx_hal_tim.o
                0x000000000800daa4                HAL_TIM_PWM_Init
 .text.HAL_TIM_PWM_ConfigChannel
                0x000000000800db98      0x220 Drivers/STM32F4xx_HAL_Driver/stm32f4xx_hal_tim.o
                0x000000000800db98                HAL_TIM_PWM_ConfigChannel
 .text.HAL_TIMEx_MasterConfigSynchronization
                0x000000000800ddb8       0x4c Drivers/STM32F4xx_HAL_Driver/stm32f4xx_hal_tim_ex.o
                0x000000000800ddb8                HAL_TIMEx_MasterConfigSynchronization
 .text.HAL_UART_Init
                0x000000000800de04      0x314 Drivers/STM32F4xx_HAL_Driver/stm32f4xx_hal_uart.o
                0x000000000800de04                HAL_UART_Init
 .text.FMC_NORSRAM_Init
                0x000000000800e118       0x74 Drivers/STM32F4xx_HAL_Driver/stm32f4xx_ll_fmc.o
                0x000000000800e118                FMC_NORSRAM_Init
 .text.FMC_NORSRAM_Timing_Init
                0x000000000800e18c       0x50 Drivers/STM32F4xx_HAL_Driver/stm32f4xx_ll_fmc.o
                0x000000000800e18c                FMC_NORSRAM_Timing_Init
 .text.FMC_NORSRAM_Extended_Timing_Init
                0x000000000800e1dc       0x44 Drivers/STM32F4xx_HAL_Driver/stm32f4xx_ll_fmc.o
                0x000000000800e1dc                FMC_NORSRAM_Extended_Timing_Init
 .text.SDIO_Init
                0x000000000800e220       0x38 Drivers/STM32F4xx_HAL_Driver/stm32f4xx_ll_sdmmc.o
                0x000000000800e220                SDIO_Init
 .text.SDIO_ReadFIFO
                0x000000000800e258        0x8 Drivers/STM32F4xx_HAL_Driver/stm32f4xx_ll_sdmmc.o
                0x000000000800e258                SDIO_ReadFIFO
 .text.SDIO_PowerState_ON
                0x000000000800e260        0x8 Drivers/STM32F4xx_HAL_Driver/stm32f4xx_ll_sdmmc.o
                0x000000000800e260                SDIO_PowerState_ON
 .text.SDIO_GetPowerState
                0x000000000800e268        0x8 Drivers/STM32F4xx_HAL_Driver/stm32f4xx_ll_sdmmc.o
                0x000000000800e268                SDIO_GetPowerState
 .text.SDIO_SendCommand
                0x000000000800e270       0x28 Drivers/STM32F4xx_HAL_Driver/stm32f4xx_ll_sdmmc.o
                0x000000000800e270                SDIO_SendCommand
 .text.SDIO_GetCommandResponse
                0x000000000800e298        0x8 Drivers/STM32F4xx_HAL_Driver/stm32f4xx_ll_sdmmc.o
                0x000000000800e298                SDIO_GetCommandResponse
 .text.SDIO_GetResponse
                0x000000000800e2a0       0x18 Drivers/STM32F4xx_HAL_Driver/stm32f4xx_ll_sdmmc.o
                0x000000000800e2a0                SDIO_GetResponse
 .text.SDIO_DataConfig
                0x000000000800e2b8       0x28 Drivers/STM32F4xx_HAL_Driver/stm32f4xx_ll_sdmmc.o
                0x000000000800e2b8                SDIO_DataConfig
 .text.USB_CoreInit
                0x000000000800e2e0       0xb8 Drivers/STM32F4xx_HAL_Driver/stm32f4xx_ll_usb.o
                0x000000000800e2e0                USB_CoreInit
 .text.USB_EnableGlobalInt
                0x000000000800e398       0x10 Drivers/STM32F4xx_HAL_Driver/stm32f4xx_ll_usb.o
                0x000000000800e398                USB_EnableGlobalInt
 .text.USB_DisableGlobalInt
                0x000000000800e3a8       0x10 Drivers/STM32F4xx_HAL_Driver/stm32f4xx_ll_usb.o
                0x000000000800e3a8                USB_DisableGlobalInt
 .text.USB_SetCurrentMode
                0x000000000800e3b8       0x34 Drivers/STM32F4xx_HAL_Driver/stm32f4xx_ll_usb.o
                0x000000000800e3b8                USB_SetCurrentMode
 .text.USB_DevInit
                0x000000000800e3ec      0x170 Drivers/STM32F4xx_HAL_Driver/stm32f4xx_ll_usb.o
                0x000000000800e3ec                USB_DevInit
 .text.USB_FlushTxFifo
                0x000000000800e55c       0x24 Drivers/STM32F4xx_HAL_Driver/stm32f4xx_ll_usb.o
                0x000000000800e55c                USB_FlushTxFifo
 .text.USB_FlushRxFifo
                0x000000000800e580       0x20 Drivers/STM32F4xx_HAL_Driver/stm32f4xx_ll_usb.o
                0x000000000800e580                USB_FlushRxFifo
 .text.USB_GetDevSpeed
                0x000000000800e5a0       0x38 Drivers/STM32F4xx_HAL_Driver/stm32f4xx_ll_usb.o
                0x000000000800e5a0                USB_GetDevSpeed
 .text.USB_ActivateEndpoint
                0x000000000800e5d8       0x80 Drivers/STM32F4xx_HAL_Driver/stm32f4xx_ll_usb.o
                0x000000000800e5d8                USB_ActivateEndpoint
 .text.USB_DeactivateEndpoint
                0x000000000800e658       0x50 Drivers/STM32F4xx_HAL_Driver/stm32f4xx_ll_usb.o
                0x000000000800e658                USB_DeactivateEndpoint
 .text.USB_EPStartXfer
                0x000000000800e6a8      0x1d4 Drivers/STM32F4xx_HAL_Driver/stm32f4xx_ll_usb.o
                0x000000000800e6a8                USB_EPStartXfer
 .text.USB_EP0StartXfer
                0x000000000800e87c      0x114 Drivers/STM32F4xx_HAL_Driver/stm32f4xx_ll_usb.o
                0x000000000800e87c                USB_EP0StartXfer
 .text.USB_WritePacket
                0x000000000800e990       0x2c Drivers/STM32F4xx_HAL_Driver/stm32f4xx_ll_usb.o
                0x000000000800e990                USB_WritePacket
 .text.USB_ReadPacket
                0x000000000800e9bc       0x28 Drivers/STM32F4xx_HAL_Driver/stm32f4xx_ll_usb.o
                0x000000000800e9bc                USB_ReadPacket
 .text.USB_EPSetStall
                0x000000000800e9e4       0x38 Drivers/STM32F4xx_HAL_Driver/stm32f4xx_ll_usb.o
                0x000000000800e9e4                USB_EPSetStall
 .text.USB_EPClearStall
                0x000000000800ea1c       0x30 Drivers/STM32F4xx_HAL_Driver/stm32f4xx_ll_usb.o
                0x000000000800ea1c                USB_EPClearStall
 .text.USB_SetDevAddress
                0x000000000800ea4c       0x20 Drivers/STM32F4xx_HAL_Driver/stm32f4xx_ll_usb.o
                0x000000000800ea4c                USB_SetDevAddress
 .text.USB_DevConnect
                0x000000000800ea6c       0x18 Drivers/STM32F4xx_HAL_Driver/stm32f4xx_ll_usb.o
                0x000000000800ea6c                USB_DevConnect
 .text.USB_DevDisconnect
                0x000000000800ea84       0x18 Drivers/STM32F4xx_HAL_Driver/stm32f4xx_ll_usb.o
                0x000000000800ea84                USB_DevDisconnect
 .text.USB_ReadInterrupts
                0x000000000800ea9c        0x8 Drivers/STM32F4xx_HAL_Driver/stm32f4xx_ll_usb.o
                0x000000000800ea9c                USB_ReadInterrupts
 .text.USB_ReadDevAllOutEpInterrupt
                0x000000000800eaa4       0x10 Drivers/STM32F4xx_HAL_Driver/stm32f4xx_ll_usb.o
                0x000000000800eaa4                USB_ReadDevAllOutEpInterrupt
 .text.USB_ReadDevAllInEpInterrupt
                0x000000000800eab4       0x10 Drivers/STM32F4xx_HAL_Driver/stm32f4xx_ll_usb.o
                0x000000000800eab4                USB_ReadDevAllInEpInterrupt
 .text.USB_ReadDevOutEPInterrupt
                0x000000000800eac4       0x14 Drivers/STM32F4xx_HAL_Driver/stm32f4xx_ll_usb.o
                0x000000000800eac4                USB_ReadDevOutEPInterrupt
 .text.USB_ReadDevInEPInterrupt
                0x000000000800ead8       0x24 Drivers/STM32F4xx_HAL_Driver/stm32f4xx_ll_usb.o
                0x000000000800ead8                USB_ReadDevInEPInterrupt
 .text.USB_GetMode
                0x000000000800eafc        0x8 Drivers/STM32F4xx_HAL_Driver/stm32f4xx_ll_usb.o
                0x000000000800eafc                USB_GetMode
 .text.USB_ActivateSetup
                0x000000000800eb04       0x38 Drivers/STM32F4xx_HAL_Driver/stm32f4xx_ll_usb.o
                0x000000000800eb04                USB_ActivateSetup
 .text.USB_EP0_OutStart
                0x000000000800eb3c       0x44 Drivers/STM32F4xx_HAL_Driver/stm32f4xx_ll_usb.o
                0x000000000800eb3c                USB_EP0_OutStart
 .text.USBD_Init
                0x000000000800eb80       0x2c Middlewares/USB_Device_Library/usbd_core.o
                0x000000000800eb80                USBD_Init
 .text.USBD_RegisterClass
                0x000000000800ebac       0x10 Middlewares/USB_Device_Library/usbd_core.o
                0x000000000800ebac                USBD_RegisterClass
 .text.USBD_Start
                0x000000000800ebbc        0xc Middlewares/USB_Device_Library/usbd_core.o
                0x000000000800ebbc                USBD_Start
 .text.USBD_SetClassConfig
                0x000000000800ebc8       0x14 Middlewares/USB_Device_Library/usbd_core.o
                0x000000000800ebc8                USBD_SetClassConfig
 .text.USBD_ClrClassConfig
                0x000000000800ebdc       0x10 Middlewares/USB_Device_Library/usbd_core.o
                0x000000000800ebdc                USBD_ClrClassConfig
 .text.USBD_LL_SetupStage
                0x000000000800ebec       0x60 Middlewares/USB_Device_Library/usbd_core.o
                0x000000000800ebec                USBD_LL_SetupStage
 .text.USBD_LL_DataOutStage
                0x000000000800ec4c       0x6c Middlewares/USB_Device_Library/usbd_core.o
                0x000000000800ec4c                USBD_LL_DataOutStage
 .text.USBD_LL_DataInStage
                0x000000000800ecb8       0xac Middlewares/USB_Device_Library/usbd_core.o
                0x000000000800ecb8                USBD_LL_DataInStage
 .text.USBD_LL_Reset
                0x000000000800ed64       0x40 Middlewares/USB_Device_Library/usbd_core.o
                0x000000000800ed64                USBD_LL_Reset
 .text.USBD_LL_SetSpeed
                0x000000000800eda4        0x8 Middlewares/USB_Device_Library/usbd_core.o
                0x000000000800eda4                USBD_LL_SetSpeed
 .text.USBD_LL_Suspend
                0x000000000800edac       0x14 Middlewares/USB_Device_Library/usbd_core.o
                0x000000000800edac                USBD_LL_Suspend
 .text.USBD_LL_Resume
                0x000000000800edc0       0x10 Middlewares/USB_Device_Library/usbd_core.o
                0x000000000800edc0                USBD_LL_Resume
 .text.USBD_LL_SOF
                0x000000000800edd0       0x1c Middlewares/USB_Device_Library/usbd_core.o
                0x000000000800edd0                USBD_LL_SOF
 .text.USBD_LL_IsoINIncomplete
                0x000000000800edec        0x4 Middlewares/USB_Device_Library/usbd_core.o
                0x000000000800edec                USBD_LL_IsoINIncomplete
 .text.USBD_LL_IsoOUTIncomplete
                0x000000000800edf0        0x4 Middlewares/USB_Device_Library/usbd_core.o
                0x000000000800edf0                USBD_LL_IsoOUTIncomplete
 .text.USBD_LL_DevConnected
                0x000000000800edf4        0x4 Middlewares/USB_Device_Library/usbd_core.o
                0x000000000800edf4                USBD_LL_DevConnected
 .text.USBD_LL_DevDisconnected
                0x000000000800edf8       0x18 Middlewares/USB_Device_Library/usbd_core.o
                0x000000000800edf8                USBD_LL_DevDisconnected
 .text.USBD_StdDevReq
                0x000000000800ee10      0x298 Middlewares/USB_Device_Library/usbd_ctlreq.o
                0x000000000800ee10                USBD_StdDevReq
 .text.USBD_StdItfReq
                0x000000000800f0a8       0x40 Middlewares/USB_Device_Library/usbd_ctlreq.o
                0x000000000800f0a8                USBD_StdItfReq
 .text.USBD_StdEPReq
                0x000000000800f0e8       0xcc Middlewares/USB_Device_Library/usbd_ctlreq.o
                0x000000000800f0e8                USBD_StdEPReq
 .text.USBD_ParseSetupRequest
                0x000000000800f1b4       0x28 Middlewares/USB_Device_Library/usbd_ctlreq.o
                0x000000000800f1b4                USBD_ParseSetupRequest
 .text.USBD_CtlError
                0x000000000800f1dc       0x18 Middlewares/USB_Device_Library/usbd_ctlreq.o
                0x000000000800f1dc                USBD_CtlError
 .text.USBD_GetString
                0x000000000800f1f4       0x50 Middlewares/USB_Device_Library/usbd_ctlreq.o
                0x000000000800f1f4                USBD_GetString
 .text.USBD_CtlSendData
                0x000000000800f244       0x1c Middlewares/USB_Device_Library/usbd_ioreq.o
                0x000000000800f244                USBD_CtlSendData
 .text.USBD_CtlContinueSendData
                0x000000000800f260       0x10 Middlewares/USB_Device_Library/usbd_ioreq.o
                0x000000000800f260                USBD_CtlContinueSendData
 .text.USBD_CtlContinueRx
                0x000000000800f270       0x10 Middlewares/USB_Device_Library/usbd_ioreq.o
                0x000000000800f270                USBD_CtlContinueRx
 .text.USBD_CtlSendStatus
                0x000000000800f280       0x18 Middlewares/USB_Device_Library/usbd_ioreq.o
                0x000000000800f280                USBD_CtlSendStatus
 .text.USBD_CtlReceiveStatus
                0x000000000800f298       0x18 Middlewares/USB_Device_Library/usbd_ioreq.o
                0x000000000800f298                USBD_CtlReceiveStatus
 .text.USBD_MSC_GetHSCfgDesc
                0x000000000800f2b0        0xc Middlewares/USB_Device_Library/usbd_msc.o
                0x000000000800f2b0                USBD_MSC_GetHSCfgDesc
 .text.USBD_MSC_GetFSCfgDesc
                0x000000000800f2bc        0xc Middlewares/USB_Device_Library/usbd_msc.o
                0x000000000800f2bc                USBD_MSC_GetFSCfgDesc
 .text.USBD_MSC_GetOtherSpeedCfgDesc
                0x000000000800f2c8        0xc Middlewares/USB_Device_Library/usbd_msc.o
                0x000000000800f2c8                USBD_MSC_GetOtherSpeedCfgDesc
 .text.USBD_MSC_GetDeviceQualifierDescriptor
                0x000000000800f2d4        0xc Middlewares/USB_Device_Library/usbd_msc.o
                0x000000000800f2d4                USBD_MSC_GetDeviceQualifierDescriptor
 .text.USBD_MSC_Init
                0x000000000800f2e0       0x64 Middlewares/USB_Device_Library/usbd_msc.o
                0x000000000800f2e0                USBD_MSC_Init
 .text.USBD_MSC_DeInit
                0x000000000800f344       0x2c Middlewares/USB_Device_Library/usbd_msc.o
                0x000000000800f344                USBD_MSC_DeInit
 .text.USBD_MSC_Setup
                0x000000000800f370      0x10c Middlewares/USB_Device_Library/usbd_msc.o
                0x000000000800f370                USBD_MSC_Setup
 .text.USBD_MSC_DataIn
                0x000000000800f47c        0xc Middlewares/USB_Device_Library/usbd_msc.o
                0x000000000800f47c                USBD_MSC_DataIn
 .text.USBD_MSC_DataOut
                0x000000000800f488        0xc Middlewares/USB_Device_Library/usbd_msc.o
                0x000000000800f488                USBD_MSC_DataOut
 .text.USBD_MSC_RegisterStorage
                0x000000000800f494        0xc Middlewares/USB_Device_Library/usbd_msc.o
                0x000000000800f494                USBD_MSC_RegisterStorage
 .text.MSC_BOT_Init
                0x000000000800f4a0       0x40 Middlewares/USB_Device_Library/usbd_msc_bot.o
                0x000000000800f4a0                MSC_BOT_Init
 .text.MSC_BOT_Reset
                0x000000000800f4e0       0x18 Middlewares/USB_Device_Library/usbd_msc_bot.o
                0x000000000800f4e0                MSC_BOT_Reset
 .text.MSC_BOT_DeInit
                0x000000000800f4f8        0xc Middlewares/USB_Device_Library/usbd_msc_bot.o
                0x000000000800f4f8                MSC_BOT_DeInit
 .text.MSC_BOT_DataIn
                0x000000000800f504       0x98 Middlewares/USB_Device_Library/usbd_msc_bot.o
                0x000000000800f504                MSC_BOT_DataIn
 .text.MSC_BOT_SendCSW
                0x000000000800f59c       0x3c Middlewares/USB_Device_Library/usbd_msc_bot.o
                0x000000000800f59c                MSC_BOT_SendCSW
 .text.MSC_BOT_DataOut
                0x000000000800f5d8      0x190 Middlewares/USB_Device_Library/usbd_msc_bot.o
                0x000000000800f5d8                MSC_BOT_DataOut
 .text.MSC_BOT_CplClrFeature
                0x000000000800f768       0x5c Middlewares/USB_Device_Library/usbd_msc_bot.o
                0x000000000800f768                MSC_BOT_CplClrFeature
 .text.SCSI_ProcessCmd
                0x000000000800f7c4      0x790 Middlewares/USB_Device_Library/usbd_msc_scsi.o
                0x000000000800f7c4                SCSI_ProcessCmd
 .text.SCSI_SenseCode
                0x000000000800ff54       0x34 Middlewares/USB_Device_Library/usbd_msc_scsi.o
                0x000000000800ff54                SCSI_SenseCode
 .text.__libc_init_array
                0x000000000800ff88       0x48 c:/st/stm32cubeide_1.5.1/stm32cubeide/plugins/com.st.stm32cube.ide.mcu.externaltools.gnu-tools-for-stm32.7-2018-q2-update.win32_1.5.0.202011040924/tools/bin/../lib/gcc/arm-none-eabi/7.3.1/../../../../arm-none-eabi/lib/thumb/v7e-m/fpv4-sp/hard\libc_nano.a(lib_a-init.o)
                0x000000000800ff88                __libc_init_array
 .text.malloc   0x000000000800ffd0       0x10 c:/st/stm32cubeide_1.5.1/stm32cubeide/plugins/com.st.stm32cube.ide.mcu.externaltools.gnu-tools-for-stm32.7-2018-q2-update.win32_1.5.0.202011040924/tools/bin/../lib/gcc/arm-none-eabi/7.3.1/../../../../arm-none-eabi/lib/thumb/v7e-m/fpv4-sp/hard\libc_nano.a(lib_a-malloc.o)
                0x000000000800ffd0                malloc
 .text.free     0x000000000800ffe0       0x10 c:/st/stm32cubeide_1.5.1/stm32cubeide/plugins/com.st.stm32cube.ide.mcu.externaltools.gnu-tools-for-stm32.7-2018-q2-update.win32_1.5.0.202011040924/tools/bin/../lib/gcc/arm-none-eabi/7.3.1/../../../../arm-none-eabi/lib/thumb/v7e-m/fpv4-sp/hard\libc_nano.a(lib_a-malloc.o)
                0x000000000800ffe0                free
 .text.memcmp   0x000000000800fff0       0x1e c:/st/stm32cubeide_1.5.1/stm32cubeide/plugins/com.st.stm32cube.ide.mcu.externaltools.gnu-tools-for-stm32.7-2018-q2-update.win32_1.5.0.202011040924/tools/bin/../lib/gcc/arm-none-eabi/7.3.1/../../../../arm-none-eabi/lib/thumb/v7e-m/fpv4-sp/hard\libc_nano.a(lib_a-memcmp.o)
                0x000000000800fff0                memcmp
 .text.memcpy   0x000000000801000e       0x16 c:/st/stm32cubeide_1.5.1/stm32cubeide/plugins/com.st.stm32cube.ide.mcu.externaltools.gnu-tools-for-stm32.7-2018-q2-update.win32_1.5.0.202011040924/tools/bin/../lib/gcc/arm-none-eabi/7.3.1/../../../../arm-none-eabi/lib/thumb/v7e-m/fpv4-sp/hard\libc_nano.a(lib_a-memcpy-stub.o)
                0x000000000801000e                memcpy
 .text.memmove  0x0000000008010024       0x32 c:/st/stm32cubeide_1.5.1/stm32cubeide/plugins/com.st.stm32cube.ide.mcu.externaltools.gnu-tools-for-stm32.7-2018-q2-update.win32_1.5.0.202011040924/tools/bin/../lib/gcc/arm-none-eabi/7.3.1/../../../../arm-none-eabi/lib/thumb/v7e-m/fpv4-sp/hard\libc_nano.a(lib_a-memmove.o)
                0x0000000008010024                memmove
 .text.memset   0x0000000008010056       0x10 c:/st/stm32cubeide_1.5.1/stm32cubeide/plugins/com.st.stm32cube.ide.mcu.externaltools.gnu-tools-for-stm32.7-2018-q2-update.win32_1.5.0.202011040924/tools/bin/../lib/gcc/arm-none-eabi/7.3.1/../../../../arm-none-eabi/lib/thumb/v7e-m/fpv4-sp/hard\libc_nano.a(lib_a-memset.o)
                0x0000000008010056                memset
 *fill*         0x0000000008010066        0x2 
 .text._free_r  0x0000000008010068       0x9c c:/st/stm32cubeide_1.5.1/stm32cubeide/plugins/com.st.stm32cube.ide.mcu.externaltools.gnu-tools-for-stm32.7-2018-q2-update.win32_1.5.0.202011040924/tools/bin/../lib/gcc/arm-none-eabi/7.3.1/../../../../arm-none-eabi/lib/thumb/v7e-m/fpv4-sp/hard\libc_nano.a(lib_a-nano-freer.o)
                0x0000000008010068                _free_r
 .text._malloc_r
                0x0000000008010104       0xb4 c:/st/stm32cubeide_1.5.1/stm32cubeide/plugins/com.st.stm32cube.ide.mcu.externaltools.gnu-tools-for-stm32.7-2018-q2-update.win32_1.5.0.202011040924/tools/bin/../lib/gcc/arm-none-eabi/7.3.1/../../../../arm-none-eabi/lib/thumb/v7e-m/fpv4-sp/hard\libc_nano.a(lib_a-nano-mallocr.o)
                0x0000000008010104                _malloc_r
 .text._sbrk_r  0x00000000080101b8       0x20 c:/st/stm32cubeide_1.5.1/stm32cubeide/plugins/com.st.stm32cube.ide.mcu.externaltools.gnu-tools-for-stm32.7-2018-q2-update.win32_1.5.0.202011040924/tools/bin/../lib/gcc/arm-none-eabi/7.3.1/../../../../arm-none-eabi/lib/thumb/v7e-m/fpv4-sp/hard\libc_nano.a(lib_a-sbrkr.o)
                0x00000000080101b8                _sbrk_r
 .text.sprintf  0x00000000080101d8       0x40 c:/st/stm32cubeide_1.5.1/stm32cubeide/plugins/com.st.stm32cube.ide.mcu.externaltools.gnu-tools-for-stm32.7-2018-q2-update.win32_1.5.0.202011040924/tools/bin/../lib/gcc/arm-none-eabi/7.3.1/../../../../arm-none-eabi/lib/thumb/v7e-m/fpv4-sp/hard\libc_nano.a(lib_a-sprintf.o)
                0x00000000080101d8                siprintf
                0x00000000080101d8                sprintf
 .text.__malloc_lock
                0x0000000008010218        0x2 c:/st/stm32cubeide_1.5.1/stm32cubeide/plugins/com.st.stm32cube.ide.mcu.externaltools.gnu-tools-for-stm32.7-2018-q2-update.win32_1.5.0.202011040924/tools/bin/../lib/gcc/arm-none-eabi/7.3.1/../../../../arm-none-eabi/lib/thumb/v7e-m/fpv4-sp/hard\libc_nano.a(lib_a-mlock.o)
                0x0000000008010218                __malloc_lock
 .text.__malloc_unlock
                0x000000000801021a        0x2 c:/st/stm32cubeide_1.5.1/stm32cubeide/plugins/com.st.stm32cube.ide.mcu.externaltools.gnu-tools-for-stm32.7-2018-q2-update.win32_1.5.0.202011040924/tools/bin/../lib/gcc/arm-none-eabi/7.3.1/../../../../arm-none-eabi/lib/thumb/v7e-m/fpv4-sp/hard\libc_nano.a(lib_a-mlock.o)
                0x000000000801021a                __malloc_unlock
 .text.__ssputs_r
                0x000000000801021c       0xb4 c:/st/stm32cubeide_1.5.1/stm32cubeide/plugins/com.st.stm32cube.ide.mcu.externaltools.gnu-tools-for-stm32.7-2018-q2-update.win32_1.5.0.202011040924/tools/bin/../lib/gcc/arm-none-eabi/7.3.1/../../../../arm-none-eabi/lib/thumb/v7e-m/fpv4-sp/hard\libc_nano.a(lib_a-nano-svfprintf.o)
                0x000000000801021c                __ssputs_r
 .text._svfprintf_r
                0x00000000080102d0      0x1f0 c:/st/stm32cubeide_1.5.1/stm32cubeide/plugins/com.st.stm32cube.ide.mcu.externaltools.gnu-tools-for-stm32.7-2018-q2-update.win32_1.5.0.202011040924/tools/bin/../lib/gcc/arm-none-eabi/7.3.1/../../../../arm-none-eabi/lib/thumb/v7e-m/fpv4-sp/hard\libc_nano.a(lib_a-nano-svfprintf.o)
                0x00000000080102d0                _svfiprintf_r
                0x00000000080102d0                _svfprintf_r
 .text._printf_common
                0x00000000080104c0       0xea c:/st/stm32cubeide_1.5.1/stm32cubeide/plugins/com.st.stm32cube.ide.mcu.externaltools.gnu-tools-for-stm32.7-2018-q2-update.win32_1.5.0.202011040924/tools/bin/../lib/gcc/arm-none-eabi/7.3.1/../../../../arm-none-eabi/lib/thumb/v7e-m/fpv4-sp/hard\libc_nano.a(lib_a-nano-vfprintf_i.o)
                0x00000000080104c0                _printf_common
 *fill*         0x00000000080105aa        0x2 
 .text._printf_i
                0x00000000080105ac      0x224 c:/st/stm32cubeide_1.5.1/stm32cubeide/plugins/com.st.stm32cube.ide.mcu.externaltools.gnu-tools-for-stm32.7-2018-q2-update.win32_1.5.0.202011040924/tools/bin/../lib/gcc/arm-none-eabi/7.3.1/../../../../arm-none-eabi/lib/thumb/v7e-m/fpv4-sp/hard\libc_nano.a(lib_a-nano-vfprintf_i.o)
                0x00000000080105ac                _printf_i
 .text._realloc_r
                0x00000000080107d0       0x4c c:/st/stm32cubeide_1.5.1/stm32cubeide/plugins/com.st.stm32cube.ide.mcu.externaltools.gnu-tools-for-stm32.7-2018-q2-update.win32_1.5.0.202011040924/tools/bin/../lib/gcc/arm-none-eabi/7.3.1/../../../../arm-none-eabi/lib/thumb/v7e-m/fpv4-sp/hard\libc_nano.a(lib_a-nano-reallocr.o)
                0x00000000080107d0                _realloc_r
 .text._malloc_usable_size_r
                0x000000000801081c       0x10 c:/st/stm32cubeide_1.5.1/stm32cubeide/plugins/com.st.stm32cube.ide.mcu.externaltools.gnu-tools-for-stm32.7-2018-q2-update.win32_1.5.0.202011040924/tools/bin/../lib/gcc/arm-none-eabi/7.3.1/../../../../arm-none-eabi/lib/thumb/v7e-m/fpv4-sp/hard\libc_nano.a(lib_a-nano-msizer.o)
                0x000000000801081c                _malloc_usable_size_r
 .text._sbrk    0x000000000801082c       0x1c c:/st/stm32cubeide_1.5.1/stm32cubeide/plugins/com.st.stm32cube.ide.mcu.externaltools.gnu-tools-for-stm32.7-2018-q2-update.win32_1.5.0.202011040924/tools/bin/../lib/gcc/arm-none-eabi/7.3.1/../../../../arm-none-eabi/lib/thumb/v7e-m/fpv4-sp/hard\libnosys.a(sbrk.o)
                0x000000000801082c                _sbrk
 *(.glue_7)
 .glue_7        0x0000000008010848        0x0 linker stubs
 *(.glue_7t)
 .glue_7t       0x0000000008010848        0x0 linker stubs
 *(.eh_frame)
 .eh_frame      0x0000000008010848        0x0 c:/st/stm32cubeide_1.5.1/stm32cubeide/plugins/com.st.stm32cube.ide.mcu.externaltools.gnu-tools-for-stm32.7-2018-q2-update.win32_1.5.0.202011040924/tools/bin/../lib/gcc/arm-none-eabi/7.3.1/thumb/v7e-m/fpv4-sp/hard/crtbegin.o
 *(.init)
 .init          0x0000000008010848        0x4 c:/st/stm32cubeide_1.5.1/stm32cubeide/plugins/com.st.stm32cube.ide.mcu.externaltools.gnu-tools-for-stm32.7-2018-q2-update.win32_1.5.0.202011040924/tools/bin/../lib/gcc/arm-none-eabi/7.3.1/thumb/v7e-m/fpv4-sp/hard/crti.o
                0x0000000008010848                _init
 .init          0x000000000801084c        0x8 c:/st/stm32cubeide_1.5.1/stm32cubeide/plugins/com.st.stm32cube.ide.mcu.externaltools.gnu-tools-for-stm32.7-2018-q2-update.win32_1.5.0.202011040924/tools/bin/../lib/gcc/arm-none-eabi/7.3.1/thumb/v7e-m/fpv4-sp/hard/crtn.o
 *(.fini)
 .fini          0x0000000008010854        0x4 c:/st/stm32cubeide_1.5.1/stm32cubeide/plugins/com.st.stm32cube.ide.mcu.externaltools.gnu-tools-for-stm32.7-2018-q2-update.win32_1.5.0.202011040924/tools/bin/../lib/gcc/arm-none-eabi/7.3.1/thumb/v7e-m/fpv4-sp/hard/crti.o
                0x0000000008010854                _fini
 .fini          0x0000000008010858        0x8 c:/st/stm32cubeide_1.5.1/stm32cubeide/plugins/com.st.stm32cube.ide.mcu.externaltools.gnu-tools-for-stm32.7-2018-q2-update.win32_1.5.0.202011040924/tools/bin/../lib/gcc/arm-none-eabi/7.3.1/thumb/v7e-m/fpv4-sp/hard/crtn.o
                0x0000000008010860                . = ALIGN (0x4)
                0x0000000008010860                _etext = .

.vfp11_veneer   0x0000000008010860        0x0
 .vfp11_veneer  0x0000000008010860        0x0 linker stubs

.v4_bx          0x0000000008010860        0x0
 .v4_bx         0x0000000008010860        0x0 linker stubs

.iplt           0x0000000008010860        0x0
 .iplt          0x0000000008010860        0x0 c:/st/stm32cubeide_1.5.1/stm32cubeide/plugins/com.st.stm32cube.ide.mcu.externaltools.gnu-tools-for-stm32.7-2018-q2-update.win32_1.5.0.202011040924/tools/bin/../lib/gcc/arm-none-eabi/7.3.1/thumb/v7e-m/fpv4-sp/hard/crtbegin.o

.rodata         0x0000000008010860     0x2a28
                0x0000000008010860                . = ALIGN (0x4)
 *(.rodata)
 .rodata        0x0000000008010860     0x2828 Application/src/Common/aes256.o
                0x0000000008010860                B5_rcon
                0x0000000008010888                B5Te0_S
                0x0000000008010c88                B5Te1_S
                0x0000000008011088                B5Te2_S
                0x0000000008011488                B5Te3_S
                0x0000000008011888                B5Te4_S
                0x0000000008011c88                B5Td0_S
                0x0000000008012088                B5Td1_S
                0x0000000008012488                B5Td2_S
                0x0000000008012888                B5Td3_S
                0x0000000008012c88                B5Td4_S
 .rodata        0x0000000008013088       0x20 Application/src/Common/se3_common.o
                0x0000000008013088                se3_magic
 .rodata        0x00000000080130a8       0x20 Application/src/Device/se3_algo_aes256hmacsha256.o
                0x00000000080130a8                salt
 .rodata        0x00000000080130c8       0x20 Application/src/Device/se3_communication_core.o
                0x00000000080130c8                se3_hello
 .rodata        0x00000000080130e8       0xc0 Application/src/Device/se3_dispatcher_core.o
 .rodata        0x00000000080131a8       0x24 Application/src/usbd_storage_if.o
                0x00000000080131a8                STORAGE_Inquirydata_HS
 .rodata        0x00000000080131cc        0x8 Drivers/STM32F4xx_HAL_Driver/stm32f4xx_hal_dma.o
 .rodata        0x00000000080131d4       0x10 Drivers/STM32F4xx_HAL_Driver/stm32f4xx_hal_rcc.o
                0x00000000080131d4                APBAHBPrescTable
 .rodata        0x00000000080131e4       0x17 Middlewares/USB_Device_Library/usbd_msc_data.o
                0x00000000080131e4                MSC_Mode_Sense10_data
                0x00000000080131ec                MSC_Mode_Sense6_data
                0x00000000080131f4                MSC_Page00_Inquiry_Data
 *(.rodata*)
 *fill*         0x00000000080131fb        0x1 
 .rodata.str1.4
                0x00000000080131fc       0x24 Application/src/Device/se3_dispatcher_core.o
 .rodata.str1.4
                0x0000000008013220       0x34 Application/src/usbd_desc.o
                                         0x32 (size before relaxing)
 .rodata._svfprintf_r.str1.1
                0x0000000008013254       0x11 c:/st/stm32cubeide_1.5.1/stm32cubeide/plugins/com.st.stm32cube.ide.mcu.externaltools.gnu-tools-for-stm32.7-2018-q2-update.win32_1.5.0.202011040924/tools/bin/../lib/gcc/arm-none-eabi/7.3.1/../../../../arm-none-eabi/lib/thumb/v7e-m/fpv4-sp/hard\libc_nano.a(lib_a-nano-svfprintf.o)
 .rodata._printf_i.str1.1
                0x0000000008013265       0x22 c:/st/stm32cubeide_1.5.1/stm32cubeide/plugins/com.st.stm32cube.ide.mcu.externaltools.gnu-tools-for-stm32.7-2018-q2-update.win32_1.5.0.202011040924/tools/bin/../lib/gcc/arm-none-eabi/7.3.1/../../../../arm-none-eabi/lib/thumb/v7e-m/fpv4-sp/hard\libc_nano.a(lib_a-nano-vfprintf_i.o)
                0x0000000008013288                . = ALIGN (0x4)
 *fill*         0x0000000008013287        0x1 

.rel.dyn        0x0000000008013288        0x0
 .rel.iplt      0x0000000008013288        0x0 c:/st/stm32cubeide_1.5.1/stm32cubeide/plugins/com.st.stm32cube.ide.mcu.externaltools.gnu-tools-for-stm32.7-2018-q2-update.win32_1.5.0.202011040924/tools/bin/../lib/gcc/arm-none-eabi/7.3.1/thumb/v7e-m/fpv4-sp/hard/crtbegin.o

.ARM.extab
 *(.ARM.extab* .gnu.linkonce.armextab.*)

.ARM            0x0000000008013288        0x0
                0x0000000008013288                __exidx_start = .
 *(.ARM.exidx*)
                0x0000000008013288                __exidx_end = .

.preinit_array  0x0000000008013288        0x0
                0x0000000008013288                PROVIDE (__preinit_array_start = .)
 *(.preinit_array*)
                0x0000000008013288                PROVIDE (__preinit_array_end = .)

.init_array     0x0000000008013288        0x4
                0x0000000008013288                PROVIDE (__init_array_start = .)
 *(SORT_BY_NAME(.init_array.*))
 *(.init_array*)
 .init_array    0x0000000008013288        0x4 c:/st/stm32cubeide_1.5.1/stm32cubeide/plugins/com.st.stm32cube.ide.mcu.externaltools.gnu-tools-for-stm32.7-2018-q2-update.win32_1.5.0.202011040924/tools/bin/../lib/gcc/arm-none-eabi/7.3.1/thumb/v7e-m/fpv4-sp/hard/crtbegin.o
                0x000000000801328c                PROVIDE (__init_array_end = .)

.fini_array     0x000000000801328c        0x4
                [!provide]                        PROVIDE (__fini_array_start = .)
 *(SORT_BY_NAME(.fini_array.*))
 *(.fini_array*)
 .fini_array    0x000000000801328c        0x4 c:/st/stm32cubeide_1.5.1/stm32cubeide/plugins/com.st.stm32cube.ide.mcu.externaltools.gnu-tools-for-stm32.7-2018-q2-update.win32_1.5.0.202011040924/tools/bin/../lib/gcc/arm-none-eabi/7.3.1/thumb/v7e-m/fpv4-sp/hard/crtbegin.o
                [!provide]                        PROVIDE (__fini_array_end = .)
                0x0000000008013290                _sidata = LOADADDR (.data)

.data           0x0000000020000000      0x264 load address 0x0000000008013290
                0x0000000020000000                . = ALIGN (0x4)
                0x0000000020000000                _sdata = .
 *(.data)
 .data          0x0000000020000000        0x4 Application/src/Device/se3_core_time.o
                0x0000000020000000                flag
 .data          0x0000000020000004      0x100 Application/src/Device/se3_security_core.o
                0x0000000020000004                algo_table
 .data          0x0000000020000104       0x34 Application/src/usbd_desc.o
                0x0000000020000104                USBD_HS_DeviceDesc
                0x0000000020000118                USBD_LangIDDesc
                0x000000002000011c                HS_Desc
 .data          0x0000000020000138       0x20 Application/src/usbd_storage_if.o
                0x0000000020000138                USBD_Storage_Interface_fops_HS
 .data          0x0000000020000158        0x4 Drivers/CMSIS/system_stm32f4xx.o
                0x0000000020000158                SystemCoreClock
 .data          0x000000002000015c       0xa4 Middlewares/USB_Device_Library/usbd_msc.o
                0x000000002000015c                USBD_MSC_CfgHSDesc
                0x000000002000017c                USBD_MSC_CfgFSDesc
                0x000000002000019c                USBD_MSC_OtherSpeedCfgDesc
                0x00000000200001bc                USBD_MSC_DeviceQualifierDesc
                0x00000000200001c8                USBD_MSC
 *(.data*)
 .data._impure_ptr
                0x0000000020000200        0x4 c:/st/stm32cubeide_1.5.1/stm32cubeide/plugins/com.st.stm32cube.ide.mcu.externaltools.gnu-tools-for-stm32.7-2018-q2-update.win32_1.5.0.202011040924/tools/bin/../lib/gcc/arm-none-eabi/7.3.1/../../../../arm-none-eabi/lib/thumb/v7e-m/fpv4-sp/hard\libc_nano.a(lib_a-impure.o)
                0x0000000020000200                _impure_ptr
 .data.impure_data
                0x0000000020000204       0x60 c:/st/stm32cubeide_1.5.1/stm32cubeide/plugins/com.st.stm32cube.ide.mcu.externaltools.gnu-tools-for-stm32.7-2018-q2-update.win32_1.5.0.202011040924/tools/bin/../lib/gcc/arm-none-eabi/7.3.1/../../../../arm-none-eabi/lib/thumb/v7e-m/fpv4-sp/hard\libc_nano.a(lib_a-impure.o)
                0x0000000020000264                . = ALIGN (0x4)
                0x0000000020000264                _edata = .
                0x00000000080134f4                _siccmram = LOADADDR (.ccmram)

.igot.plt       0x0000000020000264        0x0 load address 0x00000000080134f4
 .igot.plt      0x0000000020000264        0x0 c:/st/stm32cubeide_1.5.1/stm32cubeide/plugins/com.st.stm32cube.ide.mcu.externaltools.gnu-tools-for-stm32.7-2018-q2-update.win32_1.5.0.202011040924/tools/bin/../lib/gcc/arm-none-eabi/7.3.1/thumb/v7e-m/fpv4-sp/hard/crtbegin.o

.ccmram         0x0000000010000000        0x0 load address 0x00000000080134f4
                0x0000000010000000                . = ALIGN (0x4)
                0x0000000010000000                _sccmram = .
 *(.ccmram)
 *(.ccmram*)
                0x0000000010000000                . = ALIGN (0x4)
                0x0000000010000000                _eccmram = .
                0x0000000010000000                . = ALIGN (0x4)

.bss            0x0000000020000268     0xd5f8
                0x0000000020000268                _sbss = .
                0x0000000020000268                __bss_start__ = _sbss
 *(.bss)
 .bss           0x0000000020000268       0x1c c:/st/stm32cubeide_1.5.1/stm32cubeide/plugins/com.st.stm32cube.ide.mcu.externaltools.gnu-tools-for-stm32.7-2018-q2-update.win32_1.5.0.202011040924/tools/bin/../lib/gcc/arm-none-eabi/7.3.1/thumb/v7e-m/fpv4-sp/hard/crtbegin.o
 .bss           0x0000000020000284        0x4 Application/src/Device/se3_core_time.o
 .bss           0x0000000020000288        0x8 Application/src/fmc.o
 .bss           0x0000000020000290        0x1 Middlewares/USB_Device_Library/usbd_ctlreq.o
 *(.bss*)
 *fill*         0x0000000020000291        0x3 
 .bss.__malloc_free_list
                0x0000000020000294        0x4 c:/st/stm32cubeide_1.5.1/stm32cubeide/plugins/com.st.stm32cube.ide.mcu.externaltools.gnu-tools-for-stm32.7-2018-q2-update.win32_1.5.0.202011040924/tools/bin/../lib/gcc/arm-none-eabi/7.3.1/../../../../arm-none-eabi/lib/thumb/v7e-m/fpv4-sp/hard\libc_nano.a(lib_a-nano-mallocr.o)
                0x0000000020000294                __malloc_free_list
 .bss.__malloc_sbrk_start
                0x0000000020000298        0x4 c:/st/stm32cubeide_1.5.1/stm32cubeide/plugins/com.st.stm32cube.ide.mcu.externaltools.gnu-tools-for-stm32.7-2018-q2-update.win32_1.5.0.202011040924/tools/bin/../lib/gcc/arm-none-eabi/7.3.1/../../../../arm-none-eabi/lib/thumb/v7e-m/fpv4-sp/hard\libc_nano.a(lib_a-nano-mallocr.o)
                0x0000000020000298                __malloc_sbrk_start
 .bss.heap_end.5377
                0x000000002000029c        0x4 c:/st/stm32cubeide_1.5.1/stm32cubeide/plugins/com.st.stm32cube.ide.mcu.externaltools.gnu-tools-for-stm32.7-2018-q2-update.win32_1.5.0.202011040924/tools/bin/../lib/gcc/arm-none-eabi/7.3.1/../../../../arm-none-eabi/lib/thumb/v7e-m/fpv4-sp/hard\libnosys.a(sbrk.o)
 *(COMMON)
 COMMON         0x00000000200002a0       0x25 Application/src/Common/se3_common.o
                0x00000000200002a0                hwerror
                0x00000000200002a4                serial
 *fill*         0x00000000200002c5        0x3 
 COMMON         0x00000000200002c8       0xe8 Application/src/Device/se3_algo_Aes.o
                0x00000000200002c8                se3_crypto_algorithm
                0x00000000200002cc                se3_security_info
 COMMON         0x00000000200003b0     0x40f4 Application/src/Device/se3_communication_core.o
                0x00000000200003b0                resp_hdr
                0x00000000200003f4                se3_comm_request_buffer
                0x00000000200023f4                se3_comm_response_buffer
                0x00000000200043f4                req_hdr
                0x0000000020004438                comm
 COMMON         0x00000000200044a4     0x865d Application/src/Device/se3_core.o
                0x00000000200044a4                se3_sessions_index
                0x0000000020004634                login_struct
                0x0000000020004b00                se3_sessions_buf